Archive member included to satisfy reference by file (symbol)

d:/devtools/gcc-arm/bin/../lib/gcc/arm-none-eabi/5.4.1/../../../../arm-none-eabi/lib/armv7-m\libc_nano.a(lib_a-exit.o)
                              d:/devtools/gcc-arm/bin/../lib/gcc/arm-none-eabi/5.4.1/../../../../arm-none-eabi/lib/armv7-m/crt0.o (exit)
d:/devtools/gcc-arm/bin/../lib/gcc/arm-none-eabi/5.4.1/../../../../arm-none-eabi/lib/armv7-m\libc_nano.a(lib_a-impure.o)
                              d:/devtools/gcc-arm/bin/../lib/gcc/arm-none-eabi/5.4.1/../../../../arm-none-eabi/lib/armv7-m\libc_nano.a(lib_a-exit.o) (_global_impure_ptr)
d:/devtools/gcc-arm/bin/../lib/gcc/arm-none-eabi/5.4.1/../../../../arm-none-eabi/lib/armv7-m\libc_nano.a(lib_a-init.o)
                              d:/devtools/gcc-arm/bin/../lib/gcc/arm-none-eabi/5.4.1/../../../../arm-none-eabi/lib/armv7-m/crt0.o (__libc_init_array)
d:/devtools/gcc-arm/bin/../lib/gcc/arm-none-eabi/5.4.1/../../../../arm-none-eabi/lib/armv7-m\libc_nano.a(lib_a-memset.o)
                              d:/devtools/gcc-arm/bin/../lib/gcc/arm-none-eabi/5.4.1/../../../../arm-none-eabi/lib/armv7-m/crt0.o (memset)
d:/devtools/gcc-arm/bin/../lib/gcc/arm-none-eabi/5.4.1/../../../../arm-none-eabi/lib/armv7-m\libc_nano.a(lib_a-printf.o)
                              build/usbd_core.o (printf)
d:/devtools/gcc-arm/bin/../lib/gcc/arm-none-eabi/5.4.1/../../../../arm-none-eabi/lib/armv7-m\libc_nano.a(lib_a-putchar.o)
                              build/usbd_core.o (putchar)
d:/devtools/gcc-arm/bin/../lib/gcc/arm-none-eabi/5.4.1/../../../../arm-none-eabi/lib/armv7-m\libc_nano.a(lib_a-sprintf.o)
                              build/main.o (sprintf)
d:/devtools/gcc-arm/bin/../lib/gcc/arm-none-eabi/5.4.1/../../../../arm-none-eabi/lib/armv7-m\libc_nano.a(lib_a-strlen.o)
                              build/main.o (strlen)
d:/devtools/gcc-arm/bin/../lib/gcc/arm-none-eabi/5.4.1/../../../../arm-none-eabi/lib/armv7-m\libc_nano.a(lib_a-findfp.o)
                              d:/devtools/gcc-arm/bin/../lib/gcc/arm-none-eabi/5.4.1/../../../../arm-none-eabi/lib/armv7-m\libc_nano.a(lib_a-printf.o) (__sinit)
d:/devtools/gcc-arm/bin/../lib/gcc/arm-none-eabi/5.4.1/../../../../arm-none-eabi/lib/armv7-m\libc_nano.a(lib_a-fwalk.o)
                              d:/devtools/gcc-arm/bin/../lib/gcc/arm-none-eabi/5.4.1/../../../../arm-none-eabi/lib/armv7-m\libc_nano.a(lib_a-findfp.o) (_fwalk)
d:/devtools/gcc-arm/bin/../lib/gcc/arm-none-eabi/5.4.1/../../../../arm-none-eabi/lib/armv7-m\libc_nano.a(lib_a-nano-mallocr.o)
                              d:/devtools/gcc-arm/bin/../lib/gcc/arm-none-eabi/5.4.1/../../../../arm-none-eabi/lib/armv7-m\libc_nano.a(lib_a-findfp.o) (_malloc_r)
d:/devtools/gcc-arm/bin/../lib/gcc/arm-none-eabi/5.4.1/../../../../arm-none-eabi/lib/armv7-m\libc_nano.a(lib_a-nano-svfprintf.o)
                              d:/devtools/gcc-arm/bin/../lib/gcc/arm-none-eabi/5.4.1/../../../../arm-none-eabi/lib/armv7-m\libc_nano.a(lib_a-sprintf.o) (_svfprintf_r)
d:/devtools/gcc-arm/bin/../lib/gcc/arm-none-eabi/5.4.1/../../../../arm-none-eabi/lib/armv7-m\libc_nano.a(lib_a-nano-vfprintf.o)
                              d:/devtools/gcc-arm/bin/../lib/gcc/arm-none-eabi/5.4.1/../../../../arm-none-eabi/lib/armv7-m\libc_nano.a(lib_a-printf.o) (_vfprintf_r)
d:/devtools/gcc-arm/bin/../lib/gcc/arm-none-eabi/5.4.1/../../../../arm-none-eabi/lib/armv7-m\libc_nano.a(lib_a-nano-vfprintf_i.o)
                              d:/devtools/gcc-arm/bin/../lib/gcc/arm-none-eabi/5.4.1/../../../../arm-none-eabi/lib/armv7-m\libc_nano.a(lib_a-nano-svfprintf.o) (_printf_i)
d:/devtools/gcc-arm/bin/../lib/gcc/arm-none-eabi/5.4.1/../../../../arm-none-eabi/lib/armv7-m\libc_nano.a(lib_a-putc.o)
                              d:/devtools/gcc-arm/bin/../lib/gcc/arm-none-eabi/5.4.1/../../../../arm-none-eabi/lib/armv7-m\libc_nano.a(lib_a-putchar.o) (_putc_r)
d:/devtools/gcc-arm/bin/../lib/gcc/arm-none-eabi/5.4.1/../../../../arm-none-eabi/lib/armv7-m\libc_nano.a(lib_a-sbrkr.o)
                              d:/devtools/gcc-arm/bin/../lib/gcc/arm-none-eabi/5.4.1/../../../../arm-none-eabi/lib/armv7-m\libc_nano.a(lib_a-nano-mallocr.o) (_sbrk_r)
d:/devtools/gcc-arm/bin/../lib/gcc/arm-none-eabi/5.4.1/../../../../arm-none-eabi/lib/armv7-m\libc_nano.a(lib_a-stdio.o)
                              d:/devtools/gcc-arm/bin/../lib/gcc/arm-none-eabi/5.4.1/../../../../arm-none-eabi/lib/armv7-m\libc_nano.a(lib_a-findfp.o) (__sread)
d:/devtools/gcc-arm/bin/../lib/gcc/arm-none-eabi/5.4.1/../../../../arm-none-eabi/lib/armv7-m\libc_nano.a(lib_a-wbuf.o)
                              d:/devtools/gcc-arm/bin/../lib/gcc/arm-none-eabi/5.4.1/../../../../arm-none-eabi/lib/armv7-m\libc_nano.a(lib_a-nano-vfprintf.o) (__swbuf_r)
d:/devtools/gcc-arm/bin/../lib/gcc/arm-none-eabi/5.4.1/../../../../arm-none-eabi/lib/armv7-m\libc_nano.a(lib_a-writer.o)
[...]
Memory Configuration

Name             Origin             Length             Attributes
RAM              0x20000000         0x00010000         xrw
FLASH            0x08000000         0x00080000         xr
*default*        0x00000000         0xffffffff

Linker script and memory map

LOAD d:/devtools/gcc-arm/bin/../lib/gcc/arm-none-eabi/5.4.1/armv7-m/crti.o
LOAD d:/devtools/gcc-arm/bin/../lib/gcc/arm-none-eabi/5.4.1/armv7-m/crtbegin.o
LOAD d:/devtools/gcc-arm/bin/../lib/gcc/arm-none-eabi/5.4.1/../../../../arm-none-eabi/lib/armv7-m/crt0.o
LOAD build/main.o
LOAD build/stm32f1xx_it.o
LOAD build/stm32f1xx_hal_msp.o
LOAD build/stm32f1xx_hal_gpio_ex.o
LOAD build/stm32f1xx_hal_tim.o
LOAD build/stm32f1xx_hal_tim_ex.o
LOAD build/stm32f1xx_hal.o
LOAD build/stm32f1xx_hal_rcc.o
LOAD build/stm32f1xx_hal_rcc_ex.o
LOAD build/stm32f1xx_hal_gpio.o
LOAD build/stm32f1xx_hal_dma.o
LOAD build/stm32f1xx_hal_cortex.o
LOAD build/stm32f1xx_hal_pwr.o
LOAD build/stm32f1xx_hal_flash.o
LOAD build/stm32f1xx_hal_flash_ex.o
LOAD build/stm32f1xx_hal_exti.o
LOAD build/system_stm32f1xx.o
LOAD build/stm32f1xx_hal_rtc.o
LOAD build/stm32f1xx_hal_rtc_ex.o
LOAD build/usb_device.o
LOAD build/usbd_desc.o
LOAD build/usbd_cdc_if.o
LOAD build/usbd_conf.o
LOAD build/stm32f1xx_hal_pcd.o
LOAD build/stm32f1xx_hal_pcd_ex.o
LOAD build/stm32f1xx_ll_usb.o
LOAD build/usbd_core.o
LOAD build/usbd_ctlreq.o
LOAD build/usbd_ioreq.o
LOAD build/usbd_cdc.o
LOAD build/gpio.o
LOAD build/rtc.o
LOAD build/tim.o
LOAD build/adc.o
LOAD build/stm32f1xx_hal_adc.o
LOAD build/stm32f1xx_hal_adc_ex.o
LOAD build/startup_stm32f103xe.o
LOAD d:/devtools/gcc-arm/bin/../lib/gcc/arm-none-eabi/5.4.1/../../../../arm-none-eabi/lib/armv7-m\libc_nano.a
LOAD d:/devtools/gcc-arm/bin/../lib/gcc/arm-none-eabi/5.4.1/../../../../arm-none-eabi/lib/armv7-m\libm.a
LOAD d:/devtools/gcc-arm/bin/../lib/gcc/arm-none-eabi/5.4.1/../../../../arm-none-eabi/lib/armv7-m\libnosys.a
START GROUP
LOAD d:/devtools/gcc-arm/bin/../lib/gcc/arm-none-eabi/5.4.1/armv7-m\libgcc.a
LOAD d:/devtools/gcc-arm/bin/../lib/gcc/arm-none-eabi/5.4.1/../../../../arm-none-eabi/lib/armv7-m\libc_nano.a
END GROUP
START GROUP
LOAD d:/devtools/gcc-arm/bin/../lib/gcc/arm-none-eabi/5.4.1/armv7-m\libgcc.a
LOAD d:/devtools/gcc-arm/bin/../lib/gcc/arm-none-eabi/5.4.1/../../../../arm-none-eabi/lib/armv7-m\libc_nano.a
END GROUP
LOAD d:/devtools/gcc-arm/bin/../lib/gcc/arm-none-eabi/5.4.1/armv7-m/crtend.o
LOAD d:/devtools/gcc-arm/bin/../lib/gcc/arm-none-eabi/5.4.1/armv7-m/crtn.o
                0x20010000                _estack = 0x20010000
                0x00000200                _Min_Heap_Size = 0x200
                0x00000400                _Min_Stack_Size = 0x400

.isr_vector     0x08000000      0x1e4
                0x08000000                . = ALIGN (0x4)
 *(.isr_vector)
 .isr_vector    0x08000000      0x1e4 build/startup_stm32f103xe.o
                0x08000000                g_pfnVectors
                0x080001e4                . = ALIGN (0x4)

.text           0x080001e4     0x6260
                0x080001e4                . = ALIGN (0x4)
 *(.text)
 .text          0x080001e4       0x5c d:/devtools/gcc-arm/bin/../lib/gcc/arm-none-eabi/5.4.1/armv7-m/crtbegin.o
 .text          0x08000240       0x10 d:/devtools/gcc-arm/bin/../lib/gcc/arm-none-eabi/5.4.1/../../../../arm-none-eabi/lib/armv7-m\libc_nano.a(lib_a-strlen.o)
                0x08000240                strlen
 *(.text*)
 .text.SystemClock_Config
                0x08000250       0x7c build/main.o
                0x08000250                SystemClock_Config
 .text.main     0x080002cc       0xa0 build/main.o
                0x080002cc                main
 .text.Error_Handler
                0x0800036c        0x4 build/main.o
                0x0800036c                Error_Handler
 .text.NMI_Handler
                0x08000370        0x4 build/stm32f1xx_it.o
                0x08000370                NMI_Handler
 .text.HardFault_Handler
                0x08000374        0x4 build/stm32f1xx_it.o
                0x08000374                HardFault_Handler
 .text.MemManage_Handler
                0x08000378        0x4 build/stm32f1xx_it.o
                0x08000378                MemManage_Handler
 .text.BusFault_Handler
                0x0800037c        0x4 build/stm32f1xx_it.o
                0x0800037c                BusFault_Handler
 .text.UsageFault_Handler
                0x08000380        0x4 build/stm32f1xx_it.o
                0x08000380                UsageFault_Handler
 .text.SVC_Handler
                0x08000384        0x4 build/stm32f1xx_it.o
                0x08000384                SVC_Handler
 .text.DebugMon_Handler
                0x08000388        0x4 build/stm32f1xx_it.o
                0x08000388                DebugMon_Handler
 .text.PendSV_Handler
                0x0800038c        0x4 build/stm32f1xx_it.o
                0x0800038c                PendSV_Handler
 .text.SysTick_Handler
                0x08000390        0x8 build/stm32f1xx_it.o
                0x08000390                SysTick_Handler
 .text.RTC_IRQHandler
                0x08000398       0x10 build/stm32f1xx_it.o
                0x08000398                RTC_IRQHandler
 .text.USB_LP_CAN1_RX0_IRQHandler
                0x080003a8       0x10 build/stm32f1xx_it.o
                0x080003a8                USB_LP_CAN1_RX0_IRQHandler
 .text.HAL_MspInit
                0x080003b8       0x44 build/stm32f1xx_hal_msp.o
                0x080003b8                HAL_MspInit
 .text.TIM_Base_SetConfig
                0x080003fc       0x98 build/stm32f1xx_hal_tim.o
                0x080003fc                TIM_Base_SetConfig
 .text.HAL_TIM_Encoder_Init
                0x08000494       0xa0 build/stm32f1xx_hal_tim.o
                0x08000494                HAL_TIM_Encoder_Init
 .text.HAL_TIMEx_MasterConfigSynchronization
                0x08000534       0x48 build/stm32f1xx_hal_tim_ex.o
                0x08000534                HAL_TIMEx_MasterConfigSynchronization
 .text.HAL_InitTick
                0x0800057c       0x4c build/stm32f1xx_hal.o
                0x0800057c                HAL_InitTick
 .text.HAL_Init
                0x080005c8       0x24 build/stm32f1xx_hal.o
                0x080005c8                HAL_Init
 .text.HAL_IncTick
                0x080005ec       0x18 build/stm32f1xx_hal.o
                0x080005ec                HAL_IncTick
 .text.HAL_GetTick
                0x08000604        0xc build/stm32f1xx_hal.o
                0x08000604                HAL_GetTick
 .text.HAL_Delay
                0x08000610       0x28 build/stm32f1xx_hal.o
                0x08000610                HAL_Delay
 .text.RCC_Delay
                0x08000638       0x2c build/stm32f1xx_hal_rcc.o
 .text.HAL_RCC_OscConfig
                0x08000664      0x434 build/stm32f1xx_hal_rcc.o
                0x08000664                HAL_RCC_OscConfig
 .text.HAL_RCC_GetSysClockFreq
                0x08000a98       0x70 build/stm32f1xx_hal_rcc.o
                0x08000a98                HAL_RCC_GetSysClockFreq
 .text.HAL_RCC_ClockConfig
                0x08000b08      0x170 build/stm32f1xx_hal_rcc.o
                0x08000b08                HAL_RCC_ClockConfig
 .text.HAL_RCC_GetHCLKFreq
                0x08000c78        0xc build/stm32f1xx_hal_rcc.o
                0x08000c78                HAL_RCC_GetHCLKFreq
 .text.HAL_RCC_GetPCLK2Freq
                0x08000c84       0x20 build/stm32f1xx_hal_rcc.o
                0x08000c84                HAL_RCC_GetPCLK2Freq
 .text.HAL_RCCEx_PeriphCLKConfig
                0x08000ca4      0x114 build/stm32f1xx_hal_rcc_ex.o
                0x08000ca4                HAL_RCCEx_PeriphCLKConfig
 .text.HAL_RCCEx_GetPeriphCLKFreq
                0x08000db8      0x120 build/stm32f1xx_hal_rcc_ex.o
                0x08000db8                HAL_RCCEx_GetPeriphCLKFreq
 .text.HAL_GPIO_Init
                0x08000ed8      0x1f0 build/stm32f1xx_hal_gpio.o
                0x08000ed8                HAL_GPIO_Init
 .text.HAL_GPIO_WritePin
                0x080010c8        0xc build/stm32f1xx_hal_gpio.o
                0x080010c8                HAL_GPIO_WritePin
 .text.HAL_NVIC_SetPriorityGrouping
                0x080010d4       0x24 build/stm32f1xx_hal_cortex.o
                0x080010d4                HAL_NVIC_SetPriorityGrouping
 .text.HAL_NVIC_SetPriority
                0x080010f8       0x64 build/stm32f1xx_hal_cortex.o
                0x080010f8                HAL_NVIC_SetPriority
 .text.HAL_NVIC_EnableIRQ
                0x0800115c       0x1c build/stm32f1xx_hal_cortex.o
                0x0800115c                HAL_NVIC_EnableIRQ
 .text.HAL_SYSTICK_Config
                0x08001178       0x2c build/stm32f1xx_hal_cortex.o
                0x08001178                HAL_SYSTICK_Config
 .text.HAL_PWR_EnableBkUpAccess
                0x080011a4        0xc build/stm32f1xx_hal_pwr.o
                0x080011a4                HAL_PWR_EnableBkUpAccess
 .text.SystemInit
                0x080011b0       0x4c build/system_stm32f1xx.o
                0x080011b0                SystemInit
 .text.RTC_ReadTimeCounter
                0x080011fc       0x28 build/stm32f1xx_hal_rtc.o
 .text.RTC_ReadAlarmCounter
                0x08001224       0x10 build/stm32f1xx_hal_rtc.o
 .text.RTC_ByteToBcd2
                0x08001234       0x18 build/stm32f1xx_hal_rtc.o
 .text.RTC_Bcd2ToByte
                0x0800124c       0x14 build/stm32f1xx_hal_rtc.o
 .text.RTC_IsLeapYear
                0x08001260       0x40 build/stm32f1xx_hal_rtc.o
 .text.RTC_WeekDayNum
                0x080012a0       0x9c build/stm32f1xx_hal_rtc.o
 .text.RTC_DateUpdate
                0x0800133c       0xbc build/stm32f1xx_hal_rtc.o
 .text.RTC_EnterInitMode
                0x080013f8       0x34 build/stm32f1xx_hal_rtc.o
 .text.RTC_ExitInitMode
                0x0800142c       0x34 build/stm32f1xx_hal_rtc.o
 .text.RTC_WriteTimeCounter
                0x08001460       0x2c build/stm32f1xx_hal_rtc.o
 .text.RTC_WriteAlarmCounter
                0x0800148c       0x2c build/stm32f1xx_hal_rtc.o
 .text.HAL_RTC_SetTime
                0x080014b8       0xc0 build/stm32f1xx_hal_rtc.o
                0x080014b8                HAL_RTC_SetTime
 .text.HAL_RTC_GetTime
                0x08001578      0x118 build/stm32f1xx_hal_rtc.o
                0x08001578                HAL_RTC_GetTime
 .text.HAL_RTC_SetDate
                0x08001690       0xd8 build/stm32f1xx_hal_rtc.o
                0x08001690                HAL_RTC_SetDate
 .text.HAL_RTC_GetDate
                0x08001768       0x68 build/stm32f1xx_hal_rtc.o
                0x08001768                HAL_RTC_GetDate
 .text.HAL_RTC_WaitForSynchro
                0x080017d0       0x3c build/stm32f1xx_hal_rtc.o
                0x080017d0                HAL_RTC_WaitForSynchro
 .text.HAL_RTC_Init
                0x0800180c       0xc8 build/stm32f1xx_hal_rtc.o
                0x0800180c                HAL_RTC_Init
 .text.HAL_RTCEx_SetTamper
                0x080018d4       0x5c build/stm32f1xx_hal_rtc_ex.o
                0x080018d4                HAL_RTCEx_SetTamper
 .text.HAL_RTCEx_RTCEventCallback
                0x08001930        0x4 build/stm32f1xx_hal_rtc_ex.o
                0x08001930                HAL_RTCEx_RTCEventCallback
 .text.HAL_RTCEx_RTCEventErrorCallback
                0x08001934        0x4 build/stm32f1xx_hal_rtc_ex.o
                0x08001934                HAL_RTCEx_RTCEventErrorCallback
 .text.HAL_RTCEx_RTCIRQHandler
                0x08001938       0x44 build/stm32f1xx_hal_rtc_ex.o
                0x08001938                HAL_RTCEx_RTCIRQHandler
 .text.HAL_RTCEx_BKUPWrite
                0x0800197c       0x10 build/stm32f1xx_hal_rtc_ex.o
                0x0800197c                HAL_RTCEx_BKUPWrite
 .text.HAL_RTCEx_BKUPRead
                0x0800198c       0x10 build/stm32f1xx_hal_rtc_ex.o
                0x0800198c                HAL_RTCEx_BKUPRead
 .text.MX_USB_DEVICE_Init
                0x0800199c       0x4c build/usb_device.o
                0x0800199c                MX_USB_DEVICE_Init
 .text.USBD_FS_DeviceDescriptor
                0x080019e8        0xc build/usbd_desc.o
                0x080019e8                USBD_FS_DeviceDescriptor
 .text.USBD_FS_LangIDStrDescriptor
                0x080019f4        0xc build/usbd_desc.o
                0x080019f4                USBD_FS_LangIDStrDescriptor
 .text.IntToUnicode
                0x08001a00       0x30 build/usbd_desc.o
 .text.Get_SerialNum
                0x08001a30       0x38 build/usbd_desc.o
 .text.USBD_FS_SerialStrDescriptor
                0x08001a68       0x14 build/usbd_desc.o
                0x08001a68                USBD_FS_SerialStrDescriptor
 .text.USBD_FS_ProductStrDescriptor
                0x08001a7c       0x24 build/usbd_desc.o
                0x08001a7c                USBD_FS_ProductStrDescriptor
 .text.USBD_FS_ManufacturerStrDescriptor
                0x08001aa0       0x1c build/usbd_desc.o
                0x08001aa0                USBD_FS_ManufacturerStrDescriptor
 .text.USBD_FS_ConfigStrDescriptor
                0x08001abc       0x24 build/usbd_desc.o
                0x08001abc                USBD_FS_ConfigStrDescriptor
 .text.USBD_FS_InterfaceStrDescriptor
                0x08001ae0       0x24 build/usbd_desc.o
                0x08001ae0                USBD_FS_InterfaceStrDescriptor
 .text.CDC_DeInit_FS
                0x08001b04        0x4 build/usbd_cdc_if.o
 .text.CDC_Control_FS
                0x08001b08        0x4 build/usbd_cdc_if.o
 .text.CDC_Receive_FS
                0x08001b0c       0x1c build/usbd_cdc_if.o
 .text.CDC_Init_FS
                0x08001b28       0x28 build/usbd_cdc_if.o
 .text.CDC_Transmit_FS
                0x08001b50       0x6c build/usbd_cdc_if.o
                0x08001b50                CDC_Transmit_FS
 .text.USBD_Get_USB_Status
                0x08001bbc       0x14 build/usbd_conf.o
 .text.HAL_PCD_MspInit
                0x08001bd0       0x40 build/usbd_conf.o
                0x08001bd0                HAL_PCD_MspInit
 .text.HAL_PCD_SetupStageCallback
                0x08001c10       0x10 build/usbd_conf.o
                0x08001c10                HAL_PCD_SetupStageCallback
 .text.HAL_PCD_DataOutStageCallback
                0x08001c20       0x18 build/usbd_conf.o
                0x08001c20                HAL_PCD_DataOutStageCallback
 .text.HAL_PCD_DataInStageCallback
                0x08001c38       0x18 build/usbd_conf.o
                0x08001c38                HAL_PCD_DataInStageCallback
 .text.HAL_PCD_SOFCallback
                0x08001c50        0xc build/usbd_conf.o
                0x08001c50                HAL_PCD_SOFCallback
 .text.HAL_PCD_ResetCallback
                0x08001c5c       0x24 build/usbd_conf.o
                0x08001c5c                HAL_PCD_ResetCallback
 .text.HAL_PCD_SuspendCallback
                0x08001c80       0x20 build/usbd_conf.o
                0x08001c80                HAL_PCD_SuspendCallback
 .text.HAL_PCD_ResumeCallback
                0x08001ca0        0xc build/usbd_conf.o
                0x08001ca0                HAL_PCD_ResumeCallback
 .text.USBD_LL_Init
                0x08001cac       0x84 build/usbd_conf.o
                0x08001cac                USBD_LL_Init
 .text.USBD_LL_Start
                0x08001d30       0x10 build/usbd_conf.o
                0x08001d30                USBD_LL_Start
 .text.USBD_LL_OpenEP
                0x08001d40       0x18 build/usbd_conf.o
                0x08001d40                USBD_LL_OpenEP
 .text.USBD_LL_CloseEP
                0x08001d58       0x10 build/usbd_conf.o
                0x08001d58                USBD_LL_CloseEP
 .text.USBD_LL_StallEP
                0x08001d68       0x10 build/usbd_conf.o
                0x08001d68                USBD_LL_StallEP
 .text.USBD_LL_ClearStallEP
                0x08001d78       0x10 build/usbd_conf.o
                0x08001d78                USBD_LL_ClearStallEP
 .text.USBD_LL_IsStallEP
                0x08001d88       0x30 build/usbd_conf.o
                0x08001d88                USBD_LL_IsStallEP
 .text.USBD_LL_SetUSBAddress
                0x08001db8       0x10 build/usbd_conf.o
                0x08001db8                USBD_LL_SetUSBAddress
 .text.USBD_LL_Transmit
                0x08001dc8       0x10 build/usbd_conf.o
                0x08001dc8                USBD_LL_Transmit
 .text.USBD_LL_PrepareReceive
                0x08001dd8       0x10 build/usbd_conf.o
                0x08001dd8                USBD_LL_PrepareReceive
 .text.USBD_LL_GetRxDataSize
                0x08001de8        0xc build/usbd_conf.o
                0x08001de8                USBD_LL_GetRxDataSize
 .text.USBD_static_malloc
                0x08001df4        0x8 build/usbd_conf.o
                0x08001df4                USBD_static_malloc
 .text.USBD_static_free
                0x08001dfc        0x4 build/usbd_conf.o
                0x08001dfc                USBD_static_free
 .text.HAL_PCDEx_SetConnectionState
                0x08001e00        0x4 build/usbd_conf.o
                0x08001e00                HAL_PCDEx_SetConnectionState
 .text.HAL_PCD_EP_DB_Receive
                0x08001e04      0x11c build/stm32f1xx_hal_pcd.o
 .text.HAL_PCD_Init
                0x08001f20      0x110 build/stm32f1xx_hal_pcd.o
                0x08001f20                HAL_PCD_Init
 .text.HAL_PCD_Start
                0x08002030       0x34 build/stm32f1xx_hal_pcd.o
                0x08002030                HAL_PCD_Start
 .text.HAL_PCD_EP_DB_Transmit
                0x08002064      0x2dc build/stm32f1xx_hal_pcd.o
 .text.PCD_EP_ISR_Handler
                0x08002340      0x428 build/stm32f1xx_hal_pcd.o
 .text.HAL_PCD_SetAddress
                0x08002768       0x28 build/stm32f1xx_hal_pcd.o
                0x08002768                HAL_PCD_SetAddress
 .text.HAL_PCD_IRQHandler
                0x08002790      0x1d0 build/stm32f1xx_hal_pcd.o
                0x08002790                HAL_PCD_IRQHandler
 .text.HAL_PCD_EP_Open
                0x08002960       0x74 build/stm32f1xx_hal_pcd.o
                0x08002960                HAL_PCD_EP_Open
 .text.HAL_PCD_EP_Close
                0x080029d4       0x60 build/stm32f1xx_hal_pcd.o
                0x080029d4                HAL_PCD_EP_Close
 .text.HAL_PCD_EP_Receive
                0x08002a34       0x44 build/stm32f1xx_hal_pcd.o
                0x08002a34                HAL_PCD_EP_Receive
 .text.HAL_PCD_EP_GetRxCount
                0x08002a78       0x14 build/stm32f1xx_hal_pcd.o
                0x08002a78                HAL_PCD_EP_GetRxCount
 .text.HAL_PCD_EP_Transmit
                0x08002a8c       0x4c build/stm32f1xx_hal_pcd.o
                0x08002a8c                HAL_PCD_EP_Transmit
 .text.HAL_PCD_EP_SetStall
                0x08002ad8       0x74 build/stm32f1xx_hal_pcd.o
                0x08002ad8                HAL_PCD_EP_SetStall
 .text.HAL_PCD_EP_ClrStall
                0x08002b4c       0x74 build/stm32f1xx_hal_pcd.o
                0x08002b4c                HAL_PCD_EP_ClrStall
 .text.HAL_PCDEx_PMAConfig
                0x08002bc0       0x40 build/stm32f1xx_hal_pcd_ex.o
                0x08002bc0                HAL_PCDEx_PMAConfig
 .text.USB_CoreInit
                0x08002c00       0x10 build/stm32f1xx_ll_usb.o
                0x08002c00                USB_CoreInit
 .text.USB_EnableGlobalInt
                0x08002c10       0x14 build/stm32f1xx_ll_usb.o
                0x08002c10                USB_EnableGlobalInt
 .text.USB_DisableGlobalInt
                0x08002c24       0x14 build/stm32f1xx_ll_usb.o
                0x08002c24                USB_DisableGlobalInt
 .text.USB_SetCurrentMode
                0x08002c38        0x4 build/stm32f1xx_ll_usb.o
                0x08002c38                USB_SetCurrentMode
 .text.USB_DevInit
                0x08002c3c       0x28 build/stm32f1xx_ll_usb.o
                0x08002c3c                USB_DevInit
 .text.USB_ActivateEndpoint
                0x08002c64      0x354 build/stm32f1xx_ll_usb.o
                0x08002c64                USB_ActivateEndpoint
 .text.USB_DeactivateEndpoint
                0x08002fb8      0x1e0 build/stm32f1xx_ll_usb.o
                0x08002fb8                USB_DeactivateEndpoint
 .text.USB_EPSetStall
                0x08003198       0x4c build/stm32f1xx_ll_usb.o
                0x08003198                USB_EPSetStall
 .text.USB_EPClearStall
                0x080031e4       0xa8 build/stm32f1xx_ll_usb.o
                0x080031e4                USB_EPClearStall
 .text.USB_SetDevAddress
                0x0800328c        0xc build/stm32f1xx_ll_usb.o
                0x0800328c                USB_SetDevAddress
 .text.USB_DevConnect
                0x08003298        0x4 build/stm32f1xx_ll_usb.o
                0x08003298                USB_DevConnect
 .text.USB_DevDisconnect
                0x0800329c        0x4 build/stm32f1xx_ll_usb.o
                0x0800329c                USB_DevDisconnect
 .text.USB_ReadInterrupts
                0x080032a0        0x8 build/stm32f1xx_ll_usb.o
                0x080032a0                USB_ReadInterrupts
 .text.USB_EP0_OutStart
                0x080032a8        0x4 build/stm32f1xx_ll_usb.o
                0x080032a8                USB_EP0_OutStart
 .text.USB_WritePMA
                0x080032ac       0x28 build/stm32f1xx_ll_usb.o
                0x080032ac                USB_WritePMA
 .text.USB_EPStartXfer
                0x080032d4      0x7ac build/stm32f1xx_ll_usb.o
                0x080032d4                USB_EPStartXfer
 .text.USB_ReadPMA
                0x08003a80       0x30 build/stm32f1xx_ll_usb.o
                0x08003a80                USB_ReadPMA
 .text.USBD_Init
                0x08003ab0       0x48 build/usbd_core.o
                0x08003ab0                USBD_Init
 .text.USBD_RegisterClass
                0x08003af8       0x2c build/usbd_core.o
                0x08003af8                USBD_RegisterClass
 .text.USBD_Start
                0x08003b24        0xc build/usbd_core.o
                0x08003b24                USBD_Start
 .text.USBD_SetClassConfig
                0x08003b30       0x1c build/usbd_core.o
                0x08003b30                USBD_SetClassConfig
 .text.USBD_ClrClassConfig
                0x08003b4c       0x10 build/usbd_core.o
                0x08003b4c                USBD_ClrClassConfig
 .text.USBD_LL_SetupStage
                0x08003b5c       0x5c build/usbd_core.o
                0x08003b5c                USBD_LL_SetupStage
 .text.USBD_LL_DataOutStage
                0x08003bb8       0x94 build/usbd_core.o
                0x08003bb8                USBD_LL_DataOutStage
 .text.USBD_LL_DataInStage
                0x08003c4c       0xd0 build/usbd_core.o
                0x08003c4c                USBD_LL_DataInStage
 .text.USBD_LL_Reset
                0x08003d1c       0x50 build/usbd_core.o
                0x08003d1c                USBD_LL_Reset
 .text.USBD_LL_SetSpeed
                0x08003d6c        0x8 build/usbd_core.o
                0x08003d6c                USBD_LL_SetSpeed
 .text.USBD_LL_Suspend
                0x08003d74       0x14 build/usbd_core.o
                0x08003d74                USBD_LL_Suspend
 .text.USBD_LL_Resume
                0x08003d88       0x14 build/usbd_core.o
                0x08003d88                USBD_LL_Resume
 .text.USBD_LL_SOF
                0x08003d9c       0x18 build/usbd_core.o
                0x08003d9c                USBD_LL_SOF
 .text.USBD_GetLen
                0x08003db4       0x14 build/usbd_ctlreq.o
 .text.USBD_SetFeature
                0x08003dc8       0x14 build/usbd_ctlreq.o
 .text.USBD_ParseSetupRequest
                0x08003ddc       0x28 build/usbd_ctlreq.o
                0x08003ddc                USBD_ParseSetupRequest
 .text.USBD_CtlError
                0x08003e04       0x14 build/usbd_ctlreq.o
                0x08003e04                USBD_CtlError
 .text.USBD_GetDescriptor
                0x08003e18      0x1bc build/usbd_ctlreq.o
 .text.USBD_SetAddress
                0x08003fd4       0x50 build/usbd_ctlreq.o
 .text.USBD_SetConfig
                0x08004024       0xb0 build/usbd_ctlreq.o
 .text.USBD_GetConfig
                0x080040d4       0x40 build/usbd_ctlreq.o
 .text.USBD_GetStatus
                0x08004114       0x38 build/usbd_ctlreq.o
 .text.USBD_ClrFeature
                0x0800414c       0x24 build/usbd_ctlreq.o
 .text.USBD_StdDevReq
                0x08004170       0x6c build/usbd_ctlreq.o
                0x08004170                USBD_StdDevReq
 .text.USBD_StdItfReq
                0x080041dc       0x5c build/usbd_ctlreq.o
                0x080041dc                USBD_StdItfReq
 .text.USBD_StdEPReq
                0x08004238      0x214 build/usbd_ctlreq.o
                0x08004238                USBD_StdEPReq
 .text.USBD_GetString
                0x0800444c       0x38 build/usbd_ctlreq.o
                0x0800444c                USBD_GetString
 .text.USBD_CtlSendData
                0x08004484       0x1c build/usbd_ioreq.o
                0x08004484                USBD_CtlSendData
 .text.USBD_CtlContinueSendData
                0x080044a0       0x10 build/usbd_ioreq.o
                0x080044a0                USBD_CtlContinueSendData
 .text.USBD_CtlPrepareRx
                0x080044b0       0x20 build/usbd_ioreq.o
                0x080044b0                USBD_CtlPrepareRx
 .text.USBD_CtlContinueRx
                0x080044d0       0x10 build/usbd_ioreq.o
                0x080044d0                USBD_CtlContinueRx
 .text.USBD_CtlSendStatus
                0x080044e0       0x18 build/usbd_ioreq.o
                0x080044e0                USBD_CtlSendStatus
 .text.USBD_CtlReceiveStatus
                0x080044f8       0x18 build/usbd_ioreq.o
                0x080044f8                USBD_CtlReceiveStatus
 .text.USBD_CDC_EP0_RxReady
                0x08004510       0x28 build/usbd_cdc.o
 .text.USBD_CDC_GetFSCfgDesc
                0x08004538        0xc build/usbd_cdc.o
 .text.USBD_CDC_GetHSCfgDesc
                0x08004544        0xc build/usbd_cdc.o
 .text.USBD_CDC_GetOtherSpeedCfgDesc
                0x08004550        0xc build/usbd_cdc.o
 .text.USBD_CDC_GetDeviceQualifierDescriptor
                0x0800455c        0xc build/usbd_cdc.o
                0x0800455c                USBD_CDC_GetDeviceQualifierDescriptor
 .text.USBD_CDC_DataOut
                0x08004568       0x30 build/usbd_cdc.o
 .text.USBD_CDC_DataIn
                0x08004598       0x50 build/usbd_cdc.o
 .text.USBD_CDC_Setup
                0x080045e8       0xdc build/usbd_cdc.o
 .text.USBD_CDC_DeInit
                0x080046c4       0x44 build/usbd_cdc.o
 .text.USBD_CDC_Init
                0x08004708       0xac build/usbd_cdc.o
 .text.USBD_CDC_RegisterInterface
                0x080047b4       0x10 build/usbd_cdc.o
                0x080047b4                USBD_CDC_RegisterInterface
 .text.USBD_CDC_SetTxBuffer
                0x080047c4       0x10 build/usbd_cdc.o
                0x080047c4                USBD_CDC_SetTxBuffer
 .text.USBD_CDC_SetRxBuffer
                0x080047d4        0xc build/usbd_cdc.o
                0x080047d4                USBD_CDC_SetRxBuffer
 .text.USBD_CDC_TransmitPacket
                0x080047e0       0x34 build/usbd_cdc.o
                0x080047e0                USBD_CDC_TransmitPacket
 .text.USBD_CDC_ReceivePacket
                0x08004814       0x34 build/usbd_cdc.o
                0x08004814                USBD_CDC_ReceivePacket
 .text.MX_GPIO_Init
                0x08004848       0xd4 build/gpio.o
                0x08004848                MX_GPIO_Init
 .text.RTC_First_Init
                0x0800491c       0x68 build/rtc.o
                0x0800491c                RTC_First_Init
 .text.MX_RTC_Init
                0x08004984       0x48 build/rtc.o
                0x08004984                MX_RTC_Init
 .text.HAL_RTC_MspInit
                0x080049cc       0x50 build/rtc.o
                0x080049cc                HAL_RTC_MspInit
 .text.MX_TIM3_Init
                0x08004a1c       0x60 build/tim.o
                0x08004a1c                MX_TIM3_Init
 .text.MX_TIM4_Init
                0x08004a7c       0x60 build/tim.o
                0x08004a7c                MX_TIM4_Init
 .text.MX_TIM5_Init
                0x08004adc       0x60 build/tim.o
                0x08004adc                MX_TIM5_Init
 .text.HAL_TIM_Encoder_MspInit
                0x08004b3c       0xf8 build/tim.o
                0x08004b3c                HAL_TIM_Encoder_MspInit
 .text.MX_ADC1_Init
                0x08004c34       0x58 build/adc.o
                0x08004c34                MX_ADC1_Init
 .text.MX_ADC2_Init
                0x08004c8c       0x58 build/adc.o
                0x08004c8c                MX_ADC2_Init
 .text.MX_ADC3_Init
                0x08004ce4       0x58 build/adc.o
                0x08004ce4                MX_ADC3_Init
 .text.HAL_ADC_MspInit
                0x08004d3c       0xe4 build/adc.o
                0x08004d3c                HAL_ADC_MspInit
 .text.HAL_ADC_ConfigChannel
                0x08004e20      0x138 build/stm32f1xx_hal_adc.o
                0x08004e20                HAL_ADC_ConfigChannel
 .text.ADC_ConversionStop_Disable
                0x08004f58       0x50 build/stm32f1xx_hal_adc.o
                0x08004f58                ADC_ConversionStop_Disable
 .text.HAL_ADC_Init
                0x08004fa8      0x128 build/stm32f1xx_hal_adc.o
                0x08004fa8                HAL_ADC_Init
 .text.Reset_Handler
                0x080050d0       0x48 build/startup_stm32f103xe.o
                0x080050d0                Reset_Handler
 .text.Default_Handler
                0x08005118        0x2 build/startup_stm32f103xe.o
                0x08005118                RTC_Alarm_IRQHandler
                0x08005118                EXTI2_IRQHandler
                0x08005118                TIM8_TRG_COM_IRQHandler
                0x08005118                TIM8_CC_IRQHandler
                0x08005118                TIM1_CC_IRQHandler
                0x08005118                TIM6_IRQHandler
                0x08005118                PVD_IRQHandler
                0x08005118                SDIO_IRQHandler
                0x08005118                EXTI3_IRQHandler
                0x08005118                EXTI0_IRQHandler
                0x08005118                I2C2_EV_IRQHandler
                0x08005118                ADC1_2_IRQHandler
                0x08005118                SPI1_IRQHandler
                0x08005118                TAMPER_IRQHandler
                0x08005118                TIM8_UP_IRQHandler
                0x08005118                DMA2_Channel2_IRQHandler
                0x08005118                DMA1_Channel4_IRQHandler
                0x08005118                USART3_IRQHandler
                0x08005118                DMA1_Channel7_IRQHandler
                0x08005118                CAN1_RX1_IRQHandler
                0x08005118                UART5_IRQHandler
                0x08005118                ADC3_IRQHandler
                0x08005118                TIM4_IRQHandler
                0x08005118                DMA2_Channel1_IRQHandler
                0x08005118                I2C1_EV_IRQHandler
                0x08005118                DMA1_Channel6_IRQHandler
                0x08005118                UART4_IRQHandler
                0x08005118                TIM3_IRQHandler
                0x08005118                RCC_IRQHandler
                0x08005118                TIM1_TRG_COM_IRQHandler
                0x08005118                DMA1_Channel1_IRQHandler
                0x08005118                Default_Handler
                0x08005118                EXTI15_10_IRQHandler
                0x08005118                TIM7_IRQHandler
                0x08005118                TIM5_IRQHandler
                0x08005118                EXTI9_5_IRQHandler
                0x08005118                SPI2_IRQHandler
                0x08005118                DMA1_Channel5_IRQHandler
                0x08005118                EXTI4_IRQHandler
                0x08005118                USB_HP_CAN1_TX_IRQHandler
                0x08005118                DMA1_Channel3_IRQHandler
                0x08005118                FSMC_IRQHandler
                0x08005118                TIM1_UP_IRQHandler
                0x08005118                WWDG_IRQHandler
                0x08005118                TIM2_IRQHandler
                0x08005118                TIM1_BRK_IRQHandler
                0x08005118                EXTI1_IRQHandler
                0x08005118                DMA2_Channel4_5_IRQHandler
                0x08005118                USART2_IRQHandler
                0x08005118                I2C2_ER_IRQHandler
                0x08005118                DMA1_Channel2_IRQHandler
                0x08005118                TIM8_BRK_IRQHandler
                0x08005118                CAN1_SCE_IRQHandler
                0x08005118                FLASH_IRQHandler
                0x08005118                USART1_IRQHandler
                0x08005118                SPI3_IRQHandler
                0x08005118                I2C1_ER_IRQHandler
                0x08005118                USBWakeUp_IRQHandler
                0x08005118                DMA2_Channel3_IRQHandler
 *fill*         0x0800511a        0x2 
 .text.__libc_init_array
                0x0800511c       0x4c d:/devtools/gcc-arm/bin/../lib/gcc/arm-none-eabi/5.4.1/../../../../arm-none-eabi/lib/armv7-m\libc_nano.a(lib_a-init.o)
                0x0800511c                __libc_init_array
 .text.memset   0x08005168       0x10 d:/devtools/gcc-arm/bin/../lib/gcc/arm-none-eabi/5.4.1/../../../../arm-none-eabi/lib/armv7-m\libc_nano.a(lib_a-memset.o)
                0x08005168                memset
 .text.printf   0x08005178       0x30 d:/devtools/gcc-arm/bin/../lib/gcc/arm-none-eabi/5.4.1/../../../../arm-none-eabi/lib/armv7-m\libc_nano.a(lib_a-printf.o)
                0x08005178                iprintf
                0x08005178                printf
 .text.putchar  0x080051a8       0x28 d:/devtools/gcc-arm/bin/../lib/gcc/arm-none-eabi/5.4.1/../../../../arm-none-eabi/lib/armv7-m\libc_nano.a(lib_a-putchar.o)
                0x080051a8                putchar
 .text.sprintf  0x080051d0       0x48 d:/devtools/gcc-arm/bin/../lib/gcc/arm-none-eabi/5.4.1/../../../../arm-none-eabi/lib/armv7-m\libc_nano.a(lib_a-sprintf.o)
                0x080051d0                siprintf
                0x080051d0                sprintf
 .text._cleanup_r
                0x08005218        0xc d:/devtools/gcc-arm/bin/../lib/gcc/arm-none-eabi/5.4.1/../../../../arm-none-eabi/lib/armv7-m\libc_nano.a(lib_a-findfp.o)
                0x08005218                _cleanup_r
 .text.std.isra.0
                0x08005224       0x48 d:/devtools/gcc-arm/bin/../lib/gcc/arm-none-eabi/5.4.1/../../../../arm-none-eabi/lib/armv7-m\libc_nano.a(lib_a-findfp.o)
 .text.__sfmoreglue
                0x0800526c       0x2c d:/devtools/gcc-arm/bin/../lib/gcc/arm-none-eabi/5.4.1/../../../../arm-none-eabi/lib/armv7-m\libc_nano.a(lib_a-findfp.o)
                0x0800526c                __sfmoreglue
 .text.__sinit  0x08005298       0x60 d:/devtools/gcc-arm/bin/../lib/gcc/arm-none-eabi/5.4.1/../../../../arm-none-eabi/lib/armv7-m\libc_nano.a(lib_a-findfp.o)
                0x08005298                __sinit
 .text.__sfp    0x080052f8       0x78 d:/devtools/gcc-arm/bin/../lib/gcc/arm-none-eabi/5.4.1/../../../../arm-none-eabi/lib/armv7-m\libc_nano.a(lib_a-findfp.o)
                0x080052f8                __sfp
 .text._fwalk_reent
                0x08005370       0x3c d:/devtools/gcc-arm/bin/../lib/gcc/arm-none-eabi/5.4.1/../../../../arm-none-eabi/lib/armv7-m\libc_nano.a(lib_a-fwalk.o)
                0x08005370                _fwalk_reent
 .text._malloc_r
                0x080053ac       0xbc d:/devtools/gcc-arm/bin/../lib/gcc/arm-none-eabi/5.4.1/../../../../arm-none-eabi/lib/armv7-m\libc_nano.a(lib_a-nano-mallocr.o)
                0x080053ac                _malloc_r
 .text.__ssputs_r
                0x08005468       0xb2 d:/devtools/gcc-arm/bin/../lib/gcc/arm-none-eabi/5.4.1/../../../../arm-none-eabi/lib/armv7-m\libc_nano.a(lib_a-nano-svfprintf.o)
                0x08005468                __ssputs_r
 *fill*         0x0800551a        0x2 
 .text._svfprintf_r
                0x0800551c      0x1e8 d:/devtools/gcc-arm/bin/../lib/gcc/arm-none-eabi/5.4.1/../../../../arm-none-eabi/lib/armv7-m\libc_nano.a(lib_a-nano-svfprintf.o)
                0x0800551c                _svfiprintf_r
                0x0800551c                _svfprintf_r
 .text.__sfputc_r
                0x08005704       0x2c d:/devtools/gcc-arm/bin/../lib/gcc/arm-none-eabi/5.4.1/../../../../arm-none-eabi/lib/armv7-m\libc_nano.a(lib_a-nano-vfprintf.o)
 .text.__sfputs_r
                0x08005730       0x24 d:/devtools/gcc-arm/bin/../lib/gcc/arm-none-eabi/5.4.1/../../../../arm-none-eabi/lib/armv7-m\libc_nano.a(lib_a-nano-vfprintf.o)
                0x08005730                __sfputs_r
 .text._vfprintf_r
                0x08005754      0x238 d:/devtools/gcc-arm/bin/../lib/gcc/arm-none-eabi/5.4.1/../../../../arm-none-eabi/lib/armv7-m\libc_nano.a(lib_a-nano-vfprintf.o)
                0x08005754                _vfprintf_r
                0x08005754                _vfiprintf_r
 .text._printf_common
                0x0800598c       0xec d:/devtools/gcc-arm/bin/../lib/gcc/arm-none-eabi/5.4.1/../../../../arm-none-eabi/lib/armv7-m\libc_nano.a(lib_a-nano-vfprintf_i.o)
                0x0800598c                _printf_common
 .text._printf_i
                0x08005a78      0x24c d:/devtools/gcc-arm/bin/../lib/gcc/arm-none-eabi/5.4.1/../../../../arm-none-eabi/lib/armv7-m\libc_nano.a(lib_a-nano-vfprintf_i.o)
                0x08005a78                _printf_i
 .text._putc_r  0x08005cc4       0x6c d:/devtools/gcc-arm/bin/../lib/gcc/arm-none-eabi/5.4.1/../../../../arm-none-eabi/lib/armv7-m\libc_nano.a(lib_a-putc.o)
                0x08005cc4                _putc_r
 .text._sbrk_r  0x08005d30       0x20 d:/devtools/gcc-arm/bin/../lib/gcc/arm-none-eabi/5.4.1/../../../../arm-none-eabi/lib/armv7-m\libc_nano.a(lib_a-sbrkr.o)
                0x08005d30                _sbrk_r
 .text.__sread  0x08005d50       0x22 d:/devtools/gcc-arm/bin/../lib/gcc/arm-none-eabi/5.4.1/../../../../arm-none-eabi/lib/armv7-m\libc_nano.a(lib_a-stdio.o)
                0x08005d50                __sread
 .text.__swrite
                0x08005d72       0x38 d:/devtools/gcc-arm/bin/../lib/gcc/arm-none-eabi/5.4.1/../../../../arm-none-eabi/lib/armv7-m\libc_nano.a(lib_a-stdio.o)
                0x08005d72                __swrite
 .text.__sseek  0x08005daa       0x24 d:/devtools/gcc-arm/bin/../lib/gcc/arm-none-eabi/5.4.1/../../../../arm-none-eabi/lib/armv7-m\libc_nano.a(lib_a-stdio.o)
                0x08005daa                __sseek
 .text.__sclose
                0x08005dce        0x8 d:/devtools/gcc-arm/bin/../lib/gcc/arm-none-eabi/5.4.1/../../../../arm-none-eabi/lib/armv7-m\libc_nano.a(lib_a-stdio.o)
                0x08005dce                __sclose
 *fill*         0x08005dd6        0x2 
 .text.__swbuf_r
                0x08005dd8       0xa8 d:/devtools/gcc-arm/bin/../lib/gcc/arm-none-eabi/5.4.1/../../../../arm-none-eabi/lib/armv7-m\libc_nano.a(lib_a-wbuf.o)
                0x08005dd8                __swbuf_r
 .text._write_r
                0x08005e80       0x24 d:/devtools/gcc-arm/bin/../lib/gcc/arm-none-eabi/5.4.1/../../../../arm-none-eabi/lib/armv7-m\libc_nano.a(lib_a-writer.o)
                0x08005e80                _write_r
 .text.__swsetup_r
                0x08005ea4       0xdc d:/devtools/gcc-arm/bin/../lib/gcc/arm-none-eabi/5.4.1/../../../../arm-none-eabi/lib/armv7-m\libc_nano.a(lib_a-wsetup.o)
                0x08005ea4                __swsetup_r
 .text._close_r
                0x08005f80       0x20 d:/devtools/gcc-arm/bin/../lib/gcc/arm-none-eabi/5.4.1/../../../../arm-none-eabi/lib/armv7-m\libc_nano.a(lib_a-closer.o)
                0x08005f80                _close_r
 .text.__sflush_r
                0x08005fa0      0x10c d:/devtools/gcc-arm/bin/../lib/gcc/arm-none-eabi/5.4.1/../../../../arm-none-eabi/lib/armv7-m\libc_nano.a(lib_a-fflush.o)
                0x08005fa0                __sflush_r
 .text._fflush_r
                0x080060ac       0x54 d:/devtools/gcc-arm/bin/../lib/gcc/arm-none-eabi/5.4.1/../../../../arm-none-eabi/lib/armv7-m\libc_nano.a(lib_a-fflush.o)
                0x080060ac                _fflush_r
 .text._lseek_r
                0x08006100       0x24 d:/devtools/gcc-arm/bin/../lib/gcc/arm-none-eabi/5.4.1/../../../../arm-none-eabi/lib/armv7-m\libc_nano.a(lib_a-lseekr.o)
                0x08006100                _lseek_r
 .text.__swhatbuf_r
                0x08006124       0x46 d:/devtools/gcc-arm/bin/../lib/gcc/arm-none-eabi/5.4.1/../../../../arm-none-eabi/lib/armv7-m\libc_nano.a(lib_a-makebuf.o)
                0x08006124                __swhatbuf_r
 *fill*         0x0800616a        0x2 
 .text.__smakebuf_r
                0x0800616c       0x78 d:/devtools/gcc-arm/bin/../lib/gcc/arm-none-eabi/5.4.1/../../../../arm-none-eabi/lib/armv7-m\libc_nano.a(lib_a-makebuf.o)
                0x0800616c                __smakebuf_r
 .text.memchr   0x080061e4       0x1c d:/devtools/gcc-arm/bin/../lib/gcc/arm-none-eabi/5.4.1/../../../../arm-none-eabi/lib/armv7-m\libc_nano.a(lib_a-memchr-stub.o)
                0x080061e4                memchr
 .text.memcpy   0x08006200       0x16 d:/devtools/gcc-arm/bin/../lib/gcc/arm-none-eabi/5.4.1/../../../../arm-none-eabi/lib/armv7-m\libc_nano.a(lib_a-memcpy-stub.o)
                0x08006200                memcpy
 .text.memmove  0x08006216       0x36 d:/devtools/gcc-arm/bin/../lib/gcc/arm-none-eabi/5.4.1/../../../../arm-none-eabi/lib/armv7-m\libc_nano.a(lib_a-memmove.o)
                0x08006216                memmove
 .text.__malloc_lock
                0x0800624c        0x2 d:/devtools/gcc-arm/bin/../lib/gcc/arm-none-eabi/5.4.1/../../../../arm-none-eabi/lib/armv7-m\libc_nano.a(lib_a-mlock.o)
                0x0800624c                __malloc_lock
 .text.__malloc_unlock
                0x0800624e        0x2 d:/devtools/gcc-arm/bin/../lib/gcc/arm-none-eabi/5.4.1/../../../../arm-none-eabi/lib/armv7-m\libc_nano.a(lib_a-mlock.o)
                0x0800624e                __malloc_unlock
 .text._free_r  0x08006250       0x98 d:/devtools/gcc-arm/bin/../lib/gcc/arm-none-eabi/5.4.1/../../../../arm-none-eabi/lib/armv7-m\libc_nano.a(lib_a-nano-freer.o)
                0x08006250                _free_r
 .text._realloc_r
                0x080062e8       0x4c d:/devtools/gcc-arm/bin/../lib/gcc/arm-none-eabi/5.4.1/../../../../arm-none-eabi/lib/armv7-m\libc_nano.a(lib_a-nano-reallocr.o)
                0x080062e8                _realloc_r
 .text._read_r  0x08006334       0x24 d:/devtools/gcc-arm/bin/../lib/gcc/arm-none-eabi/5.4.1/../../../../arm-none-eabi/lib/armv7-m\libc_nano.a(lib_a-readr.o)
                0x08006334                _read_r
 .text._fstat_r
                0x08006358       0x24 d:/devtools/gcc-arm/bin/../lib/gcc/arm-none-eabi/5.4.1/../../../../arm-none-eabi/lib/armv7-m\libc_nano.a(lib_a-fstatr.o)
                0x08006358                _fstat_r
 .text._isatty_r
                0x0800637c       0x20 d:/devtools/gcc-arm/bin/../lib/gcc/arm-none-eabi/5.4.1/../../../../arm-none-eabi/lib/armv7-m\libc_nano.a(lib_a-isattyr.o)
                0x0800637c                _isatty_r
 .text._malloc_usable_size_r
                0x0800639c       0x14 d:/devtools/gcc-arm/bin/../lib/gcc/arm-none-eabi/5.4.1/../../../../arm-none-eabi/lib/armv7-m\libc_nano.a(lib_a-nano-msizer.o)
                0x0800639c                _malloc_usable_size_r
 .text._close   0x080063b0       0x10 d:/devtools/gcc-arm/bin/../lib/gcc/arm-none-eabi/5.4.1/../../../../arm-none-eabi/lib/armv7-m\libnosys.a(close.o)
                0x080063b0                _close
 .text._fstat   0x080063c0       0x10 d:/devtools/gcc-arm/bin/../lib/gcc/arm-none-eabi/5.4.1/../../../../arm-none-eabi/lib/armv7-m\libnosys.a(fstat.o)
                0x080063c0                _fstat
 .text._isatty  0x080063d0       0x10 d:/devtools/gcc-arm/bin/../lib/gcc/arm-none-eabi/5.4.1/../../../../arm-none-eabi/lib/armv7-m\libnosys.a(isatty.o)
                0x080063d0                _isatty
 .text._lseek   0x080063e0       0x10 d:/devtools/gcc-arm/bin/../lib/gcc/arm-none-eabi/5.4.1/../../../../arm-none-eabi/lib/armv7-m\libnosys.a(lseek.o)
                0x080063e0                _lseek
 .text._read    0x080063f0       0x10 d:/devtools/gcc-arm/bin/../lib/gcc/arm-none-eabi/5.4.1/../../../../arm-none-eabi/lib/armv7-m\libnosys.a(read.o)
                0x080063f0                _read
 .text._sbrk    0x08006400       0x1c d:/devtools/gcc-arm/bin/../lib/gcc/arm-none-eabi/5.4.1/../../../../arm-none-eabi/lib/armv7-m\libnosys.a(sbrk.o)
                0x08006400                _sbrk
 .text._write   0x0800641c       0x10 d:/devtools/gcc-arm/bin/../lib/gcc/arm-none-eabi/5.4.1/../../../../arm-none-eabi/lib/armv7-m\libnosys.a(write.o)
                0x0800641c                _write
 *(.glue_7)
 .glue_7        0x0800642c        0x0 linker stubs
 *(.glue_7t)
 .glue_7t       0x0800642c        0x0 linker stubs
 *(.eh_frame)
 .eh_frame      0x0800642c        0x0 d:/devtools/gcc-arm/bin/../lib/gcc/arm-none-eabi/5.4.1/armv7-m/crtbegin.o
 *(.init)
 .init          0x0800642c        0x4 d:/devtools/gcc-arm/bin/../lib/gcc/arm-none-eabi/5.4.1/armv7-m/crti.o
                0x0800642c                _init
 .init          0x08006430        0x8 d:/devtools/gcc-arm/bin/../lib/gcc/arm-none-eabi/5.4.1/armv7-m/crtn.o
 *(.fini)
 .fini          0x08006438        0x4 d:/devtools/gcc-arm/bin/../lib/gcc/arm-none-eabi/5.4.1/armv7-m/crti.o
                0x08006438                _fini
 .fini          0x0800643c        0x8 d:/devtools/gcc-arm/bin/../lib/gcc/arm-none-eabi/5.4.1/armv7-m/crtn.o
                0x08006444                . = ALIGN (0x4)
                0x08006444                _etext = .

.vfp11_veneer   0x08006444        0x0
 .vfp11_veneer  0x08006444        0x0 linker stubs

.v4_bx          0x08006444        0x0
 .v4_bx         0x08006444        0x0 linker stubs

.iplt           0x08006444        0x0
 .iplt          0x08006444        0x0 d:/devtools/gcc-arm/bin/../lib/gcc/arm-none-eabi/5.4.1/armv7-m/crtbegin.o

.rodata         0x08006444      0x178
                0x08006444                . = ALIGN (0x4)
 *(.rodata)
 .rodata        0x08006444       0x12 build/stm32f1xx_hal_rcc.o
 *fill*         0x08006456        0x2 
 .rodata        0x08006458       0x12 build/stm32f1xx_hal_rcc_ex.o
 *(.rodata*)
 *fill*         0x0800646a        0x2 
 .rodata.str1.4
                0x0800646c       0x20 build/main.o
 .rodata.AHBPrescTable
                0x0800648c       0x10 build/system_stm32f1xx.o
                0x0800648c                AHBPrescTable
 .rodata.APBPrescTable
                0x0800649c        0x8 build/system_stm32f1xx.o
                0x0800649c                APBPrescTable
 .rodata.str1.4
                0x080064a4       0x46 build/usbd_desc.o
 *fill*         0x080064ea        0x2 
 .rodata.str1.4
                0x080064ec       0x38 build/usbd_core.o
                                 0x35 (size before relaxing)
 .rodata._global_impure_ptr
                0x08006524        0x4 d:/devtools/gcc-arm/bin/../lib/gcc/arm-none-eabi/5.4.1/../../../../arm-none-eabi/lib/armv7-m\libc_nano.a(lib_a-impure.o)
                0x08006524                _global_impure_ptr
 .rodata.__sf_fake_stdin
                0x08006528       0x20 d:/devtools/gcc-arm/bin/../lib/gcc/arm-none-eabi/5.4.1/../../../../arm-none-eabi/lib/armv7-m\libc_nano.a(lib_a-findfp.o)
                0x08006528                __sf_fake_stdin
 .rodata.__sf_fake_stdout
                0x08006548       0x20 d:/devtools/gcc-arm/bin/../lib/gcc/arm-none-eabi/5.4.1/../../../../arm-none-eabi/lib/armv7-m\libc_nano.a(lib_a-findfp.o)
                0x08006548                __sf_fake_stdout
 .rodata.__sf_fake_stderr
                0x08006568       0x20 d:/devtools/gcc-arm/bin/../lib/gcc/arm-none-eabi/5.4.1/../../../../arm-none-eabi/lib/armv7-m\libc_nano.a(lib_a-findfp.o)
                0x08006568                __sf_fake_stderr
 .rodata.str1.1
                0x08006588       0x11 d:/devtools/gcc-arm/bin/../lib/gcc/arm-none-eabi/5.4.1/../../../../arm-none-eabi/lib/armv7-m\libc_nano.a(lib_a-nano-svfprintf.o)
 .rodata.str1.1
                0x08006599       0x11 d:/devtools/gcc-arm/bin/../lib/gcc/arm-none-eabi/5.4.1/../../../../arm-none-eabi/lib/armv7-m\libc_nano.a(lib_a-nano-vfprintf.o)
 .rodata.str1.1
                0x08006599       0x22 d:/devtools/gcc-arm/bin/../lib/gcc/arm-none-eabi/5.4.1/../../../../arm-none-eabi/lib/armv7-m\libc_nano.a(lib_a-nano-vfprintf_i.o)
                0x080065bc                . = ALIGN (0x4)
 *fill*         0x080065bb        0x1 

.rel.dyn        0x080065bc        0x0
 .rel.iplt      0x080065bc        0x0 d:/devtools/gcc-arm/bin/../lib/gcc/arm-none-eabi/5.4.1/armv7-m/crtbegin.o

.ARM.extab
 *(.ARM.extab* .gnu.linkonce.armextab.*)

.ARM            0x080065bc        0x0
                0x080065bc                __exidx_start = .
 *(.ARM.exidx*)
                0x080065bc                __exidx_end = .

.preinit_array  0x080065bc        0x0
                0x080065bc                PROVIDE (__preinit_array_start, .)
 *(.preinit_array*)
                0x080065bc                PROVIDE (__preinit_array_end, .)

.init_array     0x080065bc        0x4
                0x080065bc                PROVIDE (__init_array_start, .)
 *(SORT(.init_array.*))
 *(.init_array*)
 .init_array    0x080065bc        0x4 d:/devtools/gcc-arm/bin/../lib/gcc/arm-none-eabi/5.4.1/armv7-m/crtbegin.o
                0x080065c0                PROVIDE (__init_array_end, .)

.fini_array     0x080065c0        0x4
                [!provide]                PROVIDE (__fini_array_start, .)
 *(SORT(.fini_array.*))
 *(.fini_array*)
 .fini_array    0x080065c0        0x4 d:/devtools/gcc-arm/bin/../lib/gcc/arm-none-eabi/5.4.1/armv7-m/crtbegin.o
                [!provide]                PROVIDE (__fini_array_end, .)
                0x080065c4                _sidata = LOADADDR (.data)

.data           0x20000000      0x1e0 load address 0x080065c4
                0x20000000                . = ALIGN (0x4)
                0x20000000                _sdata = .
 *(.data)
 *(.data*)
 .data.uwTickPrio
                0x20000000        0x4 build/stm32f1xx_hal.o
                0x20000000                uwTickPrio
 .data.uwTickFreq
                0x20000004        0x1 build/stm32f1xx_hal.o
                0x20000004                uwTickFreq
 *fill*         0x20000005        0x3 
 .data.SystemCoreClock
                0x20000008        0x4 build/system_stm32f1xx.o
                0x20000008                SystemCoreClock
 .data.FS_Desc  0x2000000c       0x1c build/usbd_desc.o
                0x2000000c                FS_Desc
 .data.USBD_LangIDDesc
                0x20000028        0x4 build/usbd_desc.o
                0x20000028                USBD_LangIDDesc
 .data.USBD_StringSerial
                0x2000002c       0x1a build/usbd_desc.o
                0x2000002c                USBD_StringSerial
 *fill*         0x20000046        0x2 
 .data.USBD_FS_DeviceDesc
                0x20000048       0x12 build/usbd_desc.o
                0x20000048                USBD_FS_DeviceDesc
 *fill*         0x2000005a        0x2 
 .data.USBD_Interface_fops_FS
                0x2000005c       0x10 build/usbd_cdc_if.o
                0x2000005c                USBD_Interface_fops_FS
 .data.USBD_CDC_CfgFSDesc
                0x2000006c       0x43 build/usbd_cdc.o
                0x2000006c                USBD_CDC_CfgFSDesc
 *fill*         0x200000af        0x1 
 .data.USBD_CDC
                0x200000b0       0x38 build/usbd_cdc.o
                0x200000b0                USBD_CDC
 .data.USBD_CDC_DeviceQualifierDesc
                0x200000e8        0xa build/usbd_cdc.o
 *fill*         0x200000f2        0x2 
 .data.USBD_CDC_OtherSpeedCfgDesc
                0x200000f4       0x43 build/usbd_cdc.o
                0x200000f4                USBD_CDC_OtherSpeedCfgDesc
 *fill*         0x20000137        0x1 
 .data.USBD_CDC_CfgHSDesc
                0x20000138       0x43 build/usbd_cdc.o
                0x20000138                USBD_CDC_CfgHSDesc
 *fill*         0x2000017b        0x1 
 .data.impure_data
                0x2000017c       0x60 d:/devtools/gcc-arm/bin/../lib/gcc/arm-none-eabi/5.4.1/../../../../arm-none-eabi/lib/armv7-m\libc_nano.a(lib_a-impure.o)
 .data._impure_ptr
                0x200001dc        0x4 d:/devtools/gcc-arm/bin/../lib/gcc/arm-none-eabi/5.4.1/../../../../arm-none-eabi/lib/armv7-m\libc_nano.a(lib_a-impure.o)
                0x200001dc                _impure_ptr
                0x200001e0                . = ALIGN (0x4)
                0x200001e0                _edata = .

.jcr            0x200001e0        0x0 load address 0x080067a4
 .jcr           0x200001e0        0x0 d:/devtools/gcc-arm/bin/../lib/gcc/arm-none-eabi/5.4.1/armv7-m/crtbegin.o

.igot.plt       0x200001e0        0x0 load address 0x080067a4
 .igot.plt      0x200001e0        0x0 d:/devtools/gcc-arm/bin/../lib/gcc/arm-none-eabi/5.4.1/armv7-m/crtbegin.o
                0x200001e0                . = ALIGN (0x4)

.bss            0x200001e0     0x1338 load address 0x080067a4
                0x200001e0                _sbss = .
                0x200001e0                __bss_start__ = _sbss
 *(.bss)
 .bss           0x200001e0       0x1c d:/devtools/gcc-arm/bin/../lib/gcc/arm-none-eabi/5.4.1/armv7-m/crtbegin.o
 *(.bss*)
 .bss.mem.8554  0x200001fc      0x220 build/usbd_conf.o
 .bss.cfgidx.8486
                0x2000041c        0x1 build/usbd_ctlreq.o
 *fill*         0x2000041d        0x3 
 .bss.__malloc_sbrk_start
                0x20000420        0x4 d:/devtools/gcc-arm/bin/../lib/gcc/arm-none-eabi/5.4.1/../../../../arm-none-eabi/lib/armv7-m\libc_nano.a(lib_a-nano-mallocr.o)
                0x20000420                __malloc_sbrk_start
 .bss.__malloc_free_list
                0x20000424        0x4 d:/devtools/gcc-arm/bin/../lib/gcc/arm-none-eabi/5.4.1/../../../../arm-none-eabi/lib/armv7-m\libc_nano.a(lib_a-nano-mallocr.o)
                0x20000424                __malloc_free_list
 .bss.heap_end.4167
                0x20000428        0x4 d:/devtools/gcc-arm/bin/../lib/gcc/arm-none-eabi/5.4.1/../../../../arm-none-eabi/lib/armv7-m\libnosys.a(sbrk.o)
 *(COMMON)
 COMMON         0x2000042c        0x4 build/stm32f1xx_hal.o
                0x2000042c                uwTick
 COMMON         0x20000430      0x2c4 build/usb_device.o
                0x20000430                hUsbDeviceFS
 COMMON         0x200006f4      0x200 build/usbd_desc.o
                0x200006f4                USBD_StrDesc
 COMMON         0x200008f4      0x7d0 build/usbd_cdc_if.o
                0x200008f4                UserRxBufferFS
                0x20000cdc                UserTxBufferFS
 COMMON         0x200010c4      0x2ec build/usbd_conf.o
                0x200010c4                hpcd_USB_FS
 COMMON         0x200013b0       0x14 build/rtc.o
                0x200013b0                hrtc
 COMMON         0x200013c4       0xc0 build/tim.o
                0x200013c4                htim4
                0x20001404                htim5
                0x20001444                htim3
 COMMON         0x20001484       0x90 build/adc.o
                0x20001484                hadc2
                0x200014b4                hadc1
                0x200014e4                hadc3
 COMMON         0x20001514        0x4 d:/devtools/gcc-arm/bin/../lib/gcc/arm-none-eabi/5.4.1/../../../../arm-none-eabi/lib/armv7-m\libc_nano.a(lib_a-reent.o)
                0x20001514                errno
                0x20001518                . = ALIGN (0x4)
                0x20001518                _ebss = .
                0x20001518                __bss_end__ = _ebss

._user_heap_stack
                0x20001518      0x600 load address 0x080067a4
                0x20001518                . = ALIGN (0x8)
                0x20001518                PROVIDE (end, .)
                [!provide]                PROVIDE (_end, .)
                0x20001718                . = (. + _Min_Heap_Size)
 *fill*         0x20001518      0x200 
                0x20001b18                . = (. + _Min_Stack_Size)
 *fill*         0x20001718      0x400 
                0x20001b18                . = ALIGN (0x8)

/DISCARD/
 libc.a(*)
 libm.a(*)
 libgcc.a(*)

.ARM.attributes
                0x00000000       0x29
 *(.ARM.attributes)
 .ARM.attributes
                0x00000000       0x1d d:/devtools/gcc-arm/bin/../lib/gcc/arm-none-eabi/5.4.1/armv7-m/crti.o
 .ARM.attributes
                0x0000001d       0x2d d:/devtools/gcc-arm/bin/../lib/gcc/arm-none-eabi/5.4.1/armv7-m/crtbegin.o
 .ARM.attributes
                0x0000004a       0x33 build/main.o
 .ARM.attributes
                0x0000007d       0x33 build/stm32f1xx_it.o
 .ARM.attributes
                0x000000b0       0x33 build/stm32f1xx_hal_msp.o
 .ARM.attributes
                0x000000e3       0x33 build/stm32f1xx_hal_tim.o
 .ARM.attributes
                0x00000116       0x33 build/stm32f1xx_hal_tim_ex.o
 .ARM.attributes
                0x00000149       0x33 build/stm32f1xx_hal.o
 .ARM.attributes
                0x0000017c       0x33 build/stm32f1xx_hal_rcc.o
 .ARM.attributes
                0x000001af       0x33 build/stm32f1xx_hal_rcc_ex.o
 .ARM.attributes
                0x000001e2       0x33 build/stm32f1xx_hal_gpio.o
 .ARM.attributes
                0x00000215       0x33 build/stm32f1xx_hal_cortex.o
 .ARM.attributes
                0x00000248       0x33 build/stm32f1xx_hal_pwr.o
 .ARM.attributes
                0x0000027b       0x33 build/system_stm32f1xx.o
 .ARM.attributes
                0x000002ae       0x33 build/stm32f1xx_hal_rtc.o
 .ARM.attributes
                0x000002e1       0x33 build/stm32f1xx_hal_rtc_ex.o
 .ARM.attributes
                0x00000314       0x33 build/usb_device.o
 .ARM.attributes
                0x00000347       0x33 build/usbd_desc.o
 .ARM.attributes
                0x0000037a       0x33 build/usbd_cdc_if.o
 .ARM.attributes
                0x000003ad       0x33 build/usbd_conf.o
 .ARM.attributes
                0x000003e0       0x33 build/stm32f1xx_hal_pcd.o
 .ARM.attributes
                0x00000413       0x33 build/stm32f1xx_hal_pcd_ex.o
 .ARM.attributes
                0x00000446       0x33 build/stm32f1xx_ll_usb.o
 .ARM.attributes
                0x00000479       0x33 build/usbd_core.o
 .ARM.attributes
                0x000004ac       0x33 build/usbd_ctlreq.o
 .ARM.attributes
                0x000004df       0x33 build/usbd_ioreq.o
 .ARM.attributes
                0x00000512       0x33 build/usbd_cdc.o
 .ARM.attributes
                0x00000545       0x33 build/gpio.o
 .ARM.attributes
                0x00000578       0x33 build/rtc.o
 .ARM.attributes
                0x000005ab       0x33 build/tim.o
 .ARM.attributes
                0x000005de       0x33 build/adc.o
 .ARM.attributes
                0x00000611       0x33 build/stm32f1xx_hal_adc.o
 .ARM.attributes
                0x00000644       0x21 build/startup_stm32f103xe.o
 .ARM.attributes
                0x00000665       0x2d d:/devtools/gcc-arm/bin/../lib/gcc/arm-none-eabi/5.4.1/../../../../arm-none-eabi/lib/armv7-m\libc_nano.a(lib_a-impure.o)
 .ARM.attributes
                0x00000692       0x2d d:/devtools/gcc-arm/bin/../lib/gcc/arm-none-eabi/5.4.1/../../../../arm-none-eabi/lib/armv7-m\libc_nano.a(lib_a-init.o)
 .ARM.attributes
                0x000006bf       0x2d d:/devtools/gcc-arm/bin/../lib/gcc/arm-none-eabi/5.4.1/../../../../arm-none-eabi/lib/armv7-m\libc_nano.a(lib_a-memset.o)
 .ARM.attributes
                0x000006ec       0x2d d:/devtools/gcc-arm/bin/../lib/gcc/arm-none-eabi/5.4.1/../../../../arm-none-eabi/lib/armv7-m\libc_nano.a(lib_a-printf.o)
 .ARM.attributes
                0x00000719       0x2d d:/devtools/gcc-arm/bin/../lib/gcc/arm-none-eabi/5.4.1/../../../../arm-none-eabi/lib/armv7-m\libc_nano.a(lib_a-putchar.o)
 .ARM.attributes
                0x00000746       0x2d d:/devtools/gcc-arm/bin/../lib/gcc/arm-none-eabi/5.4.1/../../../../arm-none-eabi/lib/armv7-m\libc_nano.a(lib_a-sprintf.o)
 .ARM.attributes
                0x00000773       0x17 d:/devtools/gcc-arm/bin/../lib/gcc/arm-none-eabi/5.4.1/../../../../arm-none-eabi/lib/armv7-m\libc_nano.a(lib_a-strlen.o)
 .ARM.attributes
                0x0000078a       0x2d d:/devtools/gcc-arm/bin/../lib/gcc/arm-none-eabi/5.4.1/../../../../arm-none-eabi/lib/armv7-m\libc_nano.a(lib_a-findfp.o)
 .ARM.attributes
                0x000007b7       0x2d d:/devtools/gcc-arm/bin/../lib/gcc/arm-none-eabi/5.4.1/../../../../arm-none-eabi/lib/armv7-m\libc_nano.a(lib_a-fwalk.o)
 .ARM.attributes
                0x000007e4       0x2d d:/devtools/gcc-arm/bin/../lib/gcc/arm-none-eabi/5.4.1/../../../../arm-none-eabi/lib/armv7-m\libc_nano.a(lib_a-nano-mallocr.o)
 .ARM.attributes
                0x00000811       0x2d d:/devtools/gcc-arm/bin/../lib/gcc/arm-none-eabi/5.4.1/../../../../arm-none-eabi/lib/armv7-m\libc_nano.a(lib_a-nano-svfprintf.o)
 .ARM.attributes
                0x0000083e       0x2d d:/devtools/gcc-arm/bin/../lib/gcc/arm-none-eabi/5.4.1/../../../../arm-none-eabi/lib/armv7-m\libc_nano.a(lib_a-nano-vfprintf.o)
 .ARM.attributes
                0x0000086b       0x2d d:/devtools/gcc-arm/bin/../lib/gcc/arm-none-eabi/5.4.1/../../../../arm-none-eabi/lib/armv7-m\libc_nano.a(lib_a-nano-vfprintf_i.o)
 .ARM.attributes
                0x00000898       0x2d d:/devtools/gcc-arm/bin/../lib/gcc/arm-none-eabi/5.4.1/../../../../arm-none-eabi/lib/armv7-m\libc_nano.a(lib_a-putc.o)
 .ARM.attributes
                0x000008c5       0x2d d:/devtools/gcc-arm/bin/../lib/gcc/arm-none-eabi/5.4.1/../../../../arm-none-eabi/lib/armv7-m\libc_nano.a(lib_a-sbrkr.o)
 .ARM.attributes
                0x000008f2       0x2d d:/devtools/gcc-arm/bin/../lib/gcc/arm-none-eabi/5.4.1/../../../../arm-none-eabi/lib/armv7-m\libc_nano.a(lib_a-stdio.o)
 .ARM.attributes
                0x0000091f       0x2d d:/devtools/gcc-arm/bin/../lib/gcc/arm-none-eabi/5.4.1/../../../../arm-none-eabi/lib/armv7-m\libc_nano.a(lib_a-wbuf.o)
 .ARM.attributes
                0x0000094c       0x2d d:/devtools/gcc-arm/bin/../lib/gcc/arm-none-eabi/5.4.1/../../../../arm-none-eabi/lib/armv7-m\libc_nano.a(lib_a-writer.o)
 .ARM.attributes
                0x00000979       0x2d d:/devtools/gcc-arm/bin/../lib/gcc/arm-none-eabi/5.4.1/../../../../arm-none-eabi/lib/armv7-m\libc_nano.a(lib_a-wsetup.o)
 .ARM.attributes
                0x000009a6       0x2d d:/devtools/gcc-arm/bin/../lib/gcc/arm-none-eabi/5.4.1/../../../../arm-none-eabi/lib/armv7-m\libc_nano.a(lib_a-closer.o)
 .ARM.attributes
                0x000009d3       0x2d d:/devtools/gcc-arm/bin/../lib/gcc/arm-none-eabi/5.4.1/../../../../arm-none-eabi/lib/armv7-m\libc_nano.a(lib_a-fflush.o)
 .ARM.attributes
                0x00000a00       0x2d d:/devtools/gcc-arm/bin/../lib/gcc/arm-none-eabi/5.4.1/../../../../arm-none-eabi/lib/armv7-m\libc_nano.a(lib_a-lseekr.o)
 .ARM.attributes
                0x00000a2d       0x2d d:/devtools/gcc-arm/bin/../lib/gcc/arm-none-eabi/5.4.1/../../../../arm-none-eabi/lib/armv7-m\libc_nano.a(lib_a-makebuf.o)
 .ARM.attributes
                0x00000a5a       0x2d d:/devtools/gcc-arm/bin/../lib/gcc/arm-none-eabi/5.4.1/../../../../arm-none-eabi/lib/armv7-m\libc_nano.a(lib_a-memchr-stub.o)
 .ARM.attributes
                0x00000a87       0x2d d:/devtools/gcc-arm/bin/../lib/gcc/arm-none-eabi/5.4.1/../../../../arm-none-eabi/lib/armv7-m\libc_nano.a(lib_a-memcpy-stub.o)
 .ARM.attributes
                0x00000ab4       0x2d d:/devtools/gcc-arm/bin/../lib/gcc/arm-none-eabi/5.4.1/../../../../arm-none-eabi/lib/armv7-m\libc_nano.a(lib_a-memmove.o)
 .ARM.attributes
                0x00000ae1       0x2d d:/devtools/gcc-arm/bin/../lib/gcc/arm-none-eabi/5.4.1/../../../../arm-none-eabi/lib/armv7-m\libc_nano.a(lib_a-mlock.o)
 .ARM.attributes
                0x00000b0e       0x2d d:/devtools/gcc-arm/bin/../lib/gcc/arm-none-eabi/5.4.1/../../../../arm-none-eabi/lib/armv7-m\libc_nano.a(lib_a-nano-freer.o)
 .ARM.attributes
                0x00000b3b       0x2d d:/devtools/gcc-arm/bin/../lib/gcc/arm-none-eabi/5.4.1/../../../../arm-none-eabi/lib/armv7-m\libc_nano.a(lib_a-nano-reallocr.o)
 .ARM.attributes
                0x00000b68       0x2d d:/devtools/gcc-arm/bin/../lib/gcc/arm-none-eabi/5.4.1/../../../../arm-none-eabi/lib/armv7-m\libc_nano.a(lib_a-readr.o)
 .ARM.attributes
                0x00000b95       0x2d d:/devtools/gcc-arm/bin/../lib/gcc/arm-none-eabi/5.4.1/../../../../arm-none-eabi/lib/armv7-m\libc_nano.a(lib_a-reent.o)
 .ARM.attributes
                0x00000bc2       0x2d d:/devtools/gcc-arm/bin/../lib/gcc/arm-none-eabi/5.4.1/../../../../arm-none-eabi/lib/armv7-m\libc_nano.a(lib_a-fstatr.o)
 .ARM.attributes
                0x00000bef       0x2d d:/devtools/gcc-arm/bin/../lib/gcc/arm-none-eabi/5.4.1/../../../../arm-none-eabi/lib/armv7-m\libc_nano.a(lib_a-isattyr.o)
 .ARM.attributes
                0x00000c1c       0x2d d:/devtools/gcc-arm/bin/../lib/gcc/arm-none-eabi/5.4.1/../../../../arm-none-eabi/lib/armv7-m\libc_nano.a(lib_a-nano-msizer.o)
 .ARM.attributes
                0x00000c49       0x2d d:/devtools/gcc-arm/bin/../lib/gcc/arm-none-eabi/5.4.1/../../../../arm-none-eabi/lib/armv7-m\libnosys.a(close.o)
 .ARM.attributes
                0x00000c76       0x2d d:/devtools/gcc-arm/bin/../lib/gcc/arm-none-eabi/5.4.1/../../../../arm-none-eabi/lib/armv7-m\libnosys.a(fstat.o)
 .ARM.attributes
                0x00000ca3       0x2d d:/devtools/gcc-arm/bin/../lib/gcc/arm-none-eabi/5.4.1/../../../../arm-none-eabi/lib/armv7-m\libnosys.a(isatty.o)
 .ARM.attributes
                0x00000cd0       0x2d d:/devtools/gcc-arm/bin/../lib/gcc/arm-none-eabi/5.4.1/../../../../arm-none-eabi/lib/armv7-m\libnosys.a(lseek.o)
 .ARM.attributes
                0x00000cfd       0x2d d:/devtools/gcc-arm/bin/../lib/gcc/arm-none-eabi/5.4.1/../../../../arm-none-eabi/lib/armv7-m\libnosys.a(read.o)
 .ARM.attributes
                0x00000d2a       0x2d d:/devtools/gcc-arm/bin/../lib/gcc/arm-none-eabi/5.4.1/../../../../arm-none-eabi/lib/armv7-m\libnosys.a(sbrk.o)
 .ARM.attributes
                0x00000d57       0x2d d:/devtools/gcc-arm/bin/../lib/gcc/arm-none-eabi/5.4.1/../../../../arm-none-eabi/lib/armv7-m\libnosys.a(write.o)
 .ARM.attributes
                0x00000d84       0x1d d:/devtools/gcc-arm/bin/../lib/gcc/arm-none-eabi/5.4.1/armv7-m/crtn.o
OUTPUT(build/rtc.elf elf32-littlearm)

.debug_info     0x00000000    0x1869f
 .debug_info    0x00000000      0x80b build/main.o
 .debug_info    0x0000080b      0x8f0 build/stm32f1xx_it.o
 .debug_info    0x000010fb      0x24d build/stm32f1xx_hal_msp.o
 .debug_info    0x00001348     0x33c1 build/stm32f1xx_hal_tim.o
 .debug_info    0x00004709     0x1549 build/stm32f1xx_hal_tim_ex.o
 .debug_info    0x00005c52      0x862 build/stm32f1xx_hal.o
 .debug_info    0x000064b4      0xa65 build/stm32f1xx_hal_rcc.o
 .debug_info    0x00006f19      0x485 build/stm32f1xx_hal_rcc_ex.o
 .debug_info    0x0000739e      0x64c build/stm32f1xx_hal_gpio.o
 .debug_info    0x000079ea      0xd3f build/stm32f1xx_hal_cortex.o
 .debug_info    0x00008729      0x705 build/stm32f1xx_hal_pwr.o
 .debug_info    0x00008e2e      0x42c build/system_stm32f1xx.o
 .debug_info    0x0000925a     0x1402 build/stm32f1xx_hal_rtc.o
 .debug_info    0x0000a65c      0x9a1 build/stm32f1xx_hal_rtc_ex.o
 .debug_info    0x0000affd      0x716 build/usb_device.o
 .debug_info    0x0000b713      0x5d8 build/usbd_desc.o
 .debug_info    0x0000bceb      0x91f build/usbd_cdc_if.o
 .debug_info    0x0000c60a     0x1b90 build/usbd_conf.o
 .debug_info    0x0000e19a     0x17d0 build/stm32f1xx_hal_pcd.o
 .debug_info    0x0000f96a      0x772 build/stm32f1xx_hal_pcd_ex.o
 .debug_info    0x000100dc     0x18ad build/stm32f1xx_ll_usb.o
 .debug_info    0x00011989      0xe25 build/usbd_core.o
 .debug_info    0x000127ae     0x108d build/usbd_ctlreq.o
 .debug_info    0x0001383b      0x80f build/usbd_ioreq.o
 .debug_info    0x0001404a     0x138f build/usbd_cdc.o
 .debug_info    0x000153d9      0x3c5 build/gpio.o
 .debug_info    0x0001579e      0x86a build/rtc.o
 .debug_info    0x00016008      0xcd4 build/tim.o
 .debug_info    0x00016cdc      0xa9d build/adc.o
 .debug_info    0x00017779      0xed6 build/stm32f1xx_hal_adc.o
 .debug_info    0x0001864f       0x50 build/startup_stm32f103xe.o

.debug_abbrev   0x00000000     0x3b13
 .debug_abbrev  0x00000000      0x1c4 build/main.o
 .debug_abbrev  0x000001c4      0x176 build/stm32f1xx_it.o
 .debug_abbrev  0x0000033a       0xd8 build/stm32f1xx_hal_msp.o
 .debug_abbrev  0x00000412      0x26a build/stm32f1xx_hal_tim.o
 .debug_abbrev  0x0000067c      0x251 build/stm32f1xx_hal_tim_ex.o
 .debug_abbrev  0x000008cd      0x1dd build/stm32f1xx_hal.o
 .debug_abbrev  0x00000aaa      0x270 build/stm32f1xx_hal_rcc.o
 .debug_abbrev  0x00000d1a      0x1b6 build/stm32f1xx_hal_rcc_ex.o
 .debug_abbrev  0x00000ed0      0x1f9 build/stm32f1xx_hal_gpio.o
 .debug_abbrev  0x000010c9      0x2ee build/stm32f1xx_hal_cortex.o
 .debug_abbrev  0x000013b7      0x1e0 build/stm32f1xx_hal_pwr.o
 .debug_abbrev  0x00001597      0x124 build/system_stm32f1xx.o
 .debug_abbrev  0x000016bb      0x234 build/stm32f1xx_hal_rtc.o
 .debug_abbrev  0x000018ef      0x263 build/stm32f1xx_hal_rtc_ex.o
 .debug_abbrev  0x00001b52      0x17d build/usb_device.o
 .debug_abbrev  0x00001ccf      0x1e2 build/usbd_desc.o
 .debug_abbrev  0x00001eb1      0x254 build/usbd_cdc_if.o
 .debug_abbrev  0x00002105      0x2d1 build/usbd_conf.o
 .debug_abbrev  0x000023d6      0x28b build/stm32f1xx_hal_pcd.o
 .debug_abbrev  0x00002661      0x16d build/stm32f1xx_hal_pcd_ex.o
 .debug_abbrev  0x000027ce      0x212 build/stm32f1xx_ll_usb.o
 .debug_abbrev  0x000029e0      0x23a build/usbd_core.o
 .debug_abbrev  0x00002c1a      0x293 build/usbd_ctlreq.o
 .debug_abbrev  0x00002ead      0x165 build/usbd_ioreq.o
 .debug_abbrev  0x00003012      0x2a9 build/usbd_cdc.o
 .debug_abbrev  0x000032bb      0x136 build/gpio.o
 .debug_abbrev  0x000033f1      0x176 build/rtc.o
 .debug_abbrev  0x00003567      0x1e0 build/tim.o
 .debug_abbrev  0x00003747      0x1a2 build/adc.o
 .debug_abbrev  0x000038e9      0x218 build/stm32f1xx_hal_adc.o
 .debug_abbrev  0x00003b01       0x12 build/startup_stm32f103xe.o

.debug_loc      0x00000000     0xfe25
 .debug_loc     0x00000000       0x65 build/main.o
 .debug_loc     0x00000065       0x60 build/stm32f1xx_it.o
 .debug_loc     0x000000c5       0x2c build/stm32f1xx_hal_msp.o
 .debug_loc     0x000000f1     0x427f build/stm32f1xx_hal_tim.o
 .debug_loc     0x00004370     0x148f build/stm32f1xx_hal_tim_ex.o
 .debug_loc     0x000057ff      0x1bb build/stm32f1xx_hal.o
 .debug_loc     0x000059ba      0x6f2 build/stm32f1xx_hal_rcc.o
 .debug_loc     0x000060ac      0x372 build/stm32f1xx_hal_rcc_ex.o
 .debug_loc     0x0000641e      0x37a build/stm32f1xx_hal_gpio.o
 .debug_loc     0x00006798      0x59f build/stm32f1xx_hal_cortex.o
 .debug_loc     0x00006d37       0xea build/stm32f1xx_hal_pwr.o
 .debug_loc     0x00006e21       0xdf build/system_stm32f1xx.o
 .debug_loc     0x00006f00     0x1655 build/stm32f1xx_hal_rtc.o
 .debug_loc     0x00008555      0x694 build/stm32f1xx_hal_rtc_ex.o
 .debug_loc     0x00008be9       0x20 build/usb_device.o
 .debug_loc     0x00008c09      0x412 build/usbd_desc.o
 .debug_loc     0x0000901b      0x1c8 build/usbd_cdc_if.o
 .debug_loc     0x000091e3      0xd67 build/usbd_conf.o
 .debug_loc     0x00009f4a     0x11d6 build/stm32f1xx_hal_pcd.o
 .debug_loc     0x0000b120      0x100 build/stm32f1xx_hal_pcd_ex.o
 .debug_loc     0x0000b220     0x15cd build/stm32f1xx_ll_usb.o
 .debug_loc     0x0000c7ed      0x8fe build/usbd_core.o
 .debug_loc     0x0000d0eb     0x1126 build/usbd_ctlreq.o
 .debug_loc     0x0000e211      0x31c build/usbd_ioreq.o
 .debug_loc     0x0000e52d      0x841 build/usbd_cdc.o
 .debug_loc     0x0000ed6e       0x38 build/gpio.o
 .debug_loc     0x0000eda6      0x13f build/rtc.o
 .debug_loc     0x0000eee5      0x1d0 build/tim.o
 .debug_loc     0x0000f0b5      0x1a6 build/adc.o
 .debug_loc     0x0000f25b      0xbca build/stm32f1xx_hal_adc.o

.debug_aranges  0x00000000     0x12c8
 .debug_aranges
                0x00000000       0x30 build/main.o
 .debug_aranges
                0x00000030       0x70 build/stm32f1xx_it.o
 .debug_aranges
                0x000000a0       0x20 build/stm32f1xx_hal_msp.o
 .debug_aranges
                0x000000c0      0x3a8 build/stm32f1xx_hal_tim.o
 .debug_aranges
                0x00000468      0x150 build/stm32f1xx_hal_tim_ex.o
 .debug_aranges
                0x000005b8       0xe0 build/stm32f1xx_hal.o
 .debug_aranges
                0x00000698       0x90 build/stm32f1xx_hal_rcc.o
 .debug_aranges
                0x00000728       0x30 build/stm32f1xx_hal_rcc_ex.o
 .debug_aranges
                0x00000758       0x58 build/stm32f1xx_hal_gpio.o
 .debug_aranges
                0x000007b0       0x90 build/stm32f1xx_hal_cortex.o
 .debug_aranges
                0x00000840       0xa8 build/stm32f1xx_hal_pwr.o
 .debug_aranges
                0x000008e8       0x28 build/system_stm32f1xx.o
 .debug_aranges
                0x00000910       0xf8 build/stm32f1xx_hal_rtc.o
 .debug_aranges
                0x00000a08       0x88 build/stm32f1xx_hal_rtc_ex.o
 .debug_aranges
                0x00000a90       0x20 build/usb_device.o
 .debug_aranges
                0x00000ab0       0x60 build/usbd_desc.o
 .debug_aranges
                0x00000b10       0x40 build/usbd_cdc_if.o
 .debug_aranges
                0x00000b50      0x118 build/usbd_conf.o
 .debug_aranges
                0x00000c68      0x138 build/stm32f1xx_hal_pcd.o
 .debug_aranges
                0x00000da0       0x38 build/stm32f1xx_hal_pcd_ex.o
 .debug_aranges
                0x00000dd8       0xe0 build/stm32f1xx_ll_usb.o
 .debug_aranges
                0x00000eb8       0xb8 build/usbd_core.o
 .debug_aranges
                0x00000f70       0x88 build/usbd_ctlreq.o
 .debug_aranges
                0x00000ff8       0x50 build/usbd_ioreq.o
 .debug_aranges
                0x00001048       0x90 build/usbd_cdc.o
 .debug_aranges
                0x000010d8       0x20 build/gpio.o
 .debug_aranges
                0x000010f8       0x38 build/rtc.o
 .debug_aranges
                0x00001130       0x40 build/tim.o
 .debug_aranges
                0x00001170       0x40 build/adc.o
 .debug_aranges
                0x000011b0       0xf0 build/stm32f1xx_hal_adc.o
 .debug_aranges
                0x000012a0       0x28 build/startup_stm32f103xe.o

.debug_ranges   0x00000000     0x1110
 .debug_ranges  0x00000000       0x20 build/main.o
 .debug_ranges  0x00000020       0x60 build/stm32f1xx_it.o
 .debug_ranges  0x00000080       0x10 build/stm32f1xx_hal_msp.o
 .debug_ranges  0x00000090      0x398 build/stm32f1xx_hal_tim.o
 .debug_ranges  0x00000428      0x140 build/stm32f1xx_hal_tim_ex.o
 .debug_ranges  0x00000568       0xd0 build/stm32f1xx_hal.o
 .debug_ranges  0x00000638       0x98 build/stm32f1xx_hal_rcc.o
 .debug_ranges  0x000006d0       0x38 build/stm32f1xx_hal_rcc_ex.o
 .debug_ranges  0x00000708       0x48 build/stm32f1xx_hal_gpio.o
 .debug_ranges  0x00000750       0x80 build/stm32f1xx_hal_cortex.o
 .debug_ranges  0x000007d0       0x98 build/stm32f1xx_hal_pwr.o
 .debug_ranges  0x00000868       0x18 build/system_stm32f1xx.o
 .debug_ranges  0x00000880       0xe8 build/stm32f1xx_hal_rtc.o
 .debug_ranges  0x00000968       0x78 build/stm32f1xx_hal_rtc_ex.o
 .debug_ranges  0x000009e0       0x10 build/usb_device.o
 .debug_ranges  0x000009f0       0x50 build/usbd_desc.o
 .debug_ranges  0x00000a40       0x30 build/usbd_cdc_if.o
 .debug_ranges  0x00000a70      0x108 build/usbd_conf.o
 .debug_ranges  0x00000b78      0x128 build/stm32f1xx_hal_pcd.o
 .debug_ranges  0x00000ca0       0x28 build/stm32f1xx_hal_pcd_ex.o
 .debug_ranges  0x00000cc8       0xd0 build/stm32f1xx_ll_usb.o
 .debug_ranges  0x00000d98       0xa8 build/usbd_core.o
 .debug_ranges  0x00000e40       0x78 build/usbd_ctlreq.o
 .debug_ranges  0x00000eb8       0x40 build/usbd_ioreq.o
 .debug_ranges  0x00000ef8       0x80 build/usbd_cdc.o
 .debug_ranges  0x00000f78       0x10 build/gpio.o
 .debug_ranges  0x00000f88       0x28 build/rtc.o
 .debug_ranges  0x00000fb0       0x30 build/tim.o
 .debug_ranges  0x00000fe0       0x30 build/adc.o
 .debug_ranges  0x00001010       0xe0 build/stm32f1xx_hal_adc.o
 .debug_ranges  0x000010f0       0x20 build/startup_stm32f103xe.o

.debug_line     0x00000000     0x7a4a
 .debug_line    0x00000000      0x2b7 build/main.o
 .debug_line    0x000002b7      0x275 build/stm32f1xx_it.o
 .debug_line    0x0000052c      0x131 build/stm32f1xx_hal_msp.o
 .debug_line    0x0000065d     0x1300 build/stm32f1xx_hal_tim.o
 .debug_line    0x0000195d      0x7a9 build/stm32f1xx_hal_tim_ex.o
 .debug_line    0x00002106      0x37f build/stm32f1xx_hal.o
 .debug_line    0x00002485      0x4e5 build/stm32f1xx_hal_rcc.o
 .debug_line    0x0000296a      0x290 build/stm32f1xx_hal_rcc_ex.o
 .debug_line    0x00002bfa      0x30c build/stm32f1xx_hal_gpio.o
 .debug_line    0x00002f06      0x2f4 build/stm32f1xx_hal_cortex.o
 .debug_line    0x000031fa      0x2f4 build/stm32f1xx_hal_pwr.o
 .debug_line    0x000034ee      0x16d build/system_stm32f1xx.o
 .debug_line    0x0000365b      0x68a build/stm32f1xx_hal_rtc.o
 .debug_line    0x00003ce5      0x3f6 build/stm32f1xx_hal_rtc_ex.o
 .debug_line    0x000040db      0x1be build/usb_device.o
 .debug_line    0x00004299      0x1fa build/usbd_desc.o
 .debug_line    0x00004493      0x209 build/usbd_cdc_if.o
 .debug_line    0x0000469c      0x484 build/usbd_conf.o
 .debug_line    0x00004b20      0x7b5 build/stm32f1xx_hal_pcd.o
 .debug_line    0x000052d5      0x1e7 build/stm32f1xx_hal_pcd_ex.o
 .debug_line    0x000054bc      0x767 build/stm32f1xx_ll_usb.o
 .debug_line    0x00005c23      0x3ce build/usbd_core.o
 .debug_line    0x00005ff1      0x48e build/usbd_ctlreq.o
 .debug_line    0x0000647f      0x1d7 build/usbd_ioreq.o
 .debug_line    0x00006656      0x42f build/usbd_cdc.o
 .debug_line    0x00006a85      0x170 build/gpio.o
 .debug_line    0x00006bf5      0x22d build/rtc.o
 .debug_line    0x00006e22      0x259 build/tim.o
 .debug_line    0x0000707b      0x24a build/adc.o
 .debug_line    0x000072c5      0x713 build/stm32f1xx_hal_adc.o
 .debug_line    0x000079d8       0x72 build/startup_stm32f103xe.o

.debug_str      0x00000000     0x520f
 .debug_str     0x00000000      0x5cc build/main.o
                                0x643 (size before relaxing)
 .debug_str     0x000005cc      0x419 build/stm32f1xx_it.o
                                0x71b (size before relaxing)
 .debug_str     0x000009e5       0x93 build/stm32f1xx_hal_msp.o
                                0x215 (size before relaxing)
 .debug_str     0x00000a78     0x1192 build/stm32f1xx_hal_tim.o
                               0x1427 (size before relaxing)
 .debug_str     0x00001c0a      0x545 build/stm32f1xx_hal_tim_ex.o
                                0xc3f (size before relaxing)
 .debug_str     0x0000214f      0x6cd build/stm32f1xx_hal.o
                                0x8fe (size before relaxing)
 .debug_str     0x0000281c      0x239 build/stm32f1xx_hal_rcc.o
                                0x621 (size before relaxing)
 .debug_str     0x00002a55       0x9c build/stm32f1xx_hal_rcc_ex.o
                                0x407 (size before relaxing)
 .debug_str     0x00002af1      0x155 build/stm32f1xx_hal_gpio.o
                                0x3f6 (size before relaxing)
 .debug_str     0x00002c46      0x390 build/stm32f1xx_hal_cortex.o
                                0x99b (size before relaxing)
 .debug_str     0x00002fd6      0x221 build/stm32f1xx_hal_pwr.o
                                0x491 (size before relaxing)
 .debug_str     0x000031f7       0x4f build/system_stm32f1xx.o
                                0x2a8 (size before relaxing)
 .debug_str     0x00003246      0x3ac build/stm32f1xx_hal_rtc.o
                                0x7b0 (size before relaxing)
 .debug_str     0x000035f2      0x206 build/stm32f1xx_hal_rtc_ex.o
                                0x642 (size before relaxing)
 .debug_str     0x000037f8      0x3d4 build/usb_device.o
                                0x63c (size before relaxing)
 .debug_str     0x00003bcc      0x181 build/usbd_desc.o
                                0x447 (size before relaxing)
 .debug_str     0x00003d4d      0x11e build/usbd_cdc_if.o
                                0x715 (size before relaxing)
 .debug_str     0x00003e6b      0x4eb build/usbd_conf.o
                               0x1276 (size before relaxing)
 .debug_str     0x00004356      0x2fb build/stm32f1xx_hal_pcd.o
                                0xac4 (size before relaxing)
 .debug_str     0x00004651      0x159 build/stm32f1xx_hal_pcd_ex.o
                                0x6be (size before relaxing)
 .debug_str     0x000047aa      0x130 build/stm32f1xx_ll_usb.o
                                0x6d1 (size before relaxing)
 .debug_str     0x000048da      0x150 build/usbd_core.o
                                0x848 (size before relaxing)
 .debug_str     0x00004a2a       0xe2 build/usbd_ctlreq.o
                                0x741 (size before relaxing)
 .debug_str     0x00004b0c       0x60 build/usbd_ioreq.o
                                0x66e (size before relaxing)
 .debug_str     0x00004b6c      0x18f build/usbd_cdc.o
                                0xbfc (size before relaxing)
 .debug_str     0x00004cfb       0x20 build/gpio.o
                                0x273 (size before relaxing)
 .debug_str     0x00004d1b       0x19 build/rtc.o
                                0x896 (size before relaxing)
 .debug_str     0x00004d34       0x33 build/tim.o
                                0x7eb (size before relaxing)
 .debug_str     0x00004d67      0x1a5 build/adc.o
                                0x63b (size before relaxing)
 .debug_str     0x00004f0c      0x303 build/stm32f1xx_hal_adc.o
                                0x8c9 (size before relaxing)

.comment        0x00000000       0x6e
 .comment       0x00000000       0x6e build/main.o
                                 0x6f (size before relaxing)
 .comment       0x0000006e       0x6f build/stm32f1xx_it.o
 .comment       0x0000006e       0x6f build/stm32f1xx_hal_msp.o
 .comment       0x0000006e       0x6f build/stm32f1xx_hal_tim.o
 .comment       0x0000006e       0x6f build/stm32f1xx_hal_tim_ex.o
 .comment       0x0000006e       0x6f build/stm32f1xx_hal.o
 .comment       0x0000006e       0x6f build/stm32f1xx_hal_rcc.o
 .comment       0x0000006e       0x6f build/stm32f1xx_hal_rcc_ex.o
 .comment       0x0000006e       0x6f build/stm32f1xx_hal_gpio.o
 .comment       0x0000006e       0x6f build/stm32f1xx_hal_cortex.o
 .comment       0x0000006e       0x6f build/stm32f1xx_hal_pwr.o
 .comment       0x0000006e       0x6f build/system_stm32f1xx.o
 .comment       0x0000006e       0x6f build/stm32f1xx_hal_rtc.o
 .comment       0x0000006e       0x6f build/stm32f1xx_hal_rtc_ex.o
 .comment       0x0000006e       0x6f build/usb_device.o
 .comment       0x0000006e       0x6f build/usbd_desc.o
 .comment       0x0000006e       0x6f build/usbd_cdc_if.o
 .comment       0x0000006e       0x6f build/usbd_conf.o
 .comment       0x0000006e       0x6f build/stm32f1xx_hal_pcd.o
 .comment       0x0000006e       0x6f build/stm32f1xx_hal_pcd_ex.o
 .comment       0x0000006e       0x6f build/stm32f1xx_ll_usb.o
 .comment       0x0000006e       0x6f build/usbd_core.o
 .comment       0x0000006e       0x6f build/usbd_ctlreq.o
 .comment       0x0000006e       0x6f build/usbd_ioreq.o
 .comment       0x0000006e       0x6f build/usbd_cdc.o
 .comment       0x0000006e       0x6f build/gpio.o
 .comment       0x0000006e       0x6f build/rtc.o
 .comment       0x0000006e       0x6f build/tim.o
 .comment       0x0000006e       0x6f build/adc.o
 .comment       0x0000006e       0x6f build/stm32f1xx_hal_adc.o

.debug_frame    0x00000000     0x3f8c
 .debug_frame   0x00000000       0x64 build/main.o
 .debug_frame   0x00000064       0xe4 build/stm32f1xx_it.o
 .debug_frame   0x00000148       0x28 build/stm32f1xx_hal_msp.o
 .debug_frame   0x00000170      0xbe0 build/stm32f1xx_hal_tim.o
 .debug_frame   0x00000d50      0x470 build/stm32f1xx_hal_tim_ex.o
 .debug_frame   0x000011c0      0x1e0 build/stm32f1xx_hal.o
 .debug_frame   0x000013a0      0x1c8 build/stm32f1xx_hal_rcc.o
 .debug_frame   0x00001568       0x70 build/stm32f1xx_hal_rcc_ex.o
 .debug_frame   0x000015d8       0xd4 build/stm32f1xx_hal_gpio.o
 .debug_frame   0x000016ac      0x134 build/stm32f1xx_hal_cortex.o
 .debug_frame   0x000017e0      0x148 build/stm32f1xx_hal_pwr.o
 .debug_frame   0x00001928       0x30 build/system_stm32f1xx.o
 .debug_frame   0x00001958      0x3f0 build/stm32f1xx_hal_rtc.o
 .debug_frame   0x00001d48      0x164 build/stm32f1xx_hal_rtc_ex.o
 .debug_frame   0x00001eac       0x2c build/usb_device.o
 .debug_frame   0x00001ed8       0xfc build/usbd_desc.o
 .debug_frame   0x00001fd4       0x9c build/usbd_cdc_if.o
 .debug_frame   0x00002070      0x35c build/usbd_conf.o
 .debug_frame   0x000023cc      0x3b4 build/stm32f1xx_hal_pcd.o
 .debug_frame   0x00002780       0x5c build/stm32f1xx_hal_pcd_ex.o
 .debug_frame   0x000027dc      0x214 build/stm32f1xx_ll_usb.o
 .debug_frame   0x000029f0      0x1f8 build/usbd_core.o
 .debug_frame   0x00002be8      0x1a8 build/usbd_ctlreq.o
 .debug_frame   0x00002d90       0xd4 build/usbd_ioreq.o
 .debug_frame   0x00002e64      0x190 build/usbd_cdc.o
 .debug_frame   0x00002ff4       0x3c build/gpio.o
 .debug_frame   0x00003030       0x8c build/rtc.o
 .debug_frame   0x000030bc       0xa0 build/tim.o
 .debug_frame   0x0000315c       0xa0 build/adc.o
 .debug_frame   0x000031fc      0x32c build/stm32f1xx_hal_adc.o
 .debug_frame   0x00003528       0x2c d:/devtools/gcc-arm/bin/../lib/gcc/arm-none-eabi/5.4.1/../../../../arm-none-eabi/lib/armv7-m\libc_nano.a(lib_a-init.o)
 .debug_frame   0x00003554       0x20 d:/devtools/gcc-arm/bin/../lib/gcc/arm-none-eabi/5.4.1/../../../../arm-none-eabi/lib/armv7-m\libc_nano.a(lib_a-memset.o)
 .debug_frame   0x00003574       0x74 d:/devtools/gcc-arm/bin/../lib/gcc/arm-none-eabi/5.4.1/../../../../arm-none-eabi/lib/armv7-m\libc_nano.a(lib_a-printf.o)
 .debug_frame   0x000035e8       0x58 d:/devtools/gcc-arm/bin/../lib/gcc/arm-none-eabi/5.4.1/../../../../arm-none-eabi/lib/armv7-m\libc_nano.a(lib_a-putchar.o)
 .debug_frame   0x00003640       0x70 d:/devtools/gcc-arm/bin/../lib/gcc/arm-none-eabi/5.4.1/../../../../arm-none-eabi/lib/armv7-m\libc_nano.a(lib_a-sprintf.o)
 .debug_frame   0x000036b0      0x11c d:/devtools/gcc-arm/bin/../lib/gcc/arm-none-eabi/5.4.1/../../../../arm-none-eabi/lib/armv7-m\libc_nano.a(lib_a-findfp.o)
 .debug_frame   0x000037cc       0x54 d:/devtools/gcc-arm/bin/../lib/gcc/arm-none-eabi/5.4.1/../../../../arm-none-eabi/lib/armv7-m\libc_nano.a(lib_a-fwalk.o)
 .debug_frame   0x00003820       0x2c d:/devtools/gcc-arm/bin/../lib/gcc/arm-none-eabi/5.4.1/../../../../arm-none-eabi/lib/armv7-m\libc_nano.a(lib_a-nano-mallocr.o)
 .debug_frame   0x0000384c       0x90 d:/devtools/gcc-arm/bin/../lib/gcc/arm-none-eabi/5.4.1/../../../../arm-none-eabi/lib/armv7-m\libc_nano.a(lib_a-nano-svfprintf.o)
 .debug_frame   0x000038dc       0xac d:/devtools/gcc-arm/bin/../lib/gcc/arm-none-eabi/5.4.1/../../../../arm-none-eabi/lib/armv7-m\libc_nano.a(lib_a-nano-vfprintf.o)
 .debug_frame   0x00003988       0x60 d:/devtools/gcc-arm/bin/../lib/gcc/arm-none-eabi/5.4.1/../../../../arm-none-eabi/lib/armv7-m\libc_nano.a(lib_a-nano-vfprintf_i.o)
 .debug_frame   0x000039e8       0x48 d:/devtools/gcc-arm/bin/../lib/gcc/arm-none-eabi/5.4.1/../../../../arm-none-eabi/lib/armv7-m\libc_nano.a(lib_a-putc.o)
 .debug_frame   0x00003a30       0x2c d:/devtools/gcc-arm/bin/../lib/gcc/arm-none-eabi/5.4.1/../../../../arm-none-eabi/lib/armv7-m\libc_nano.a(lib_a-sbrkr.o)
 .debug_frame   0x00003a5c       0x88 d:/devtools/gcc-arm/bin/../lib/gcc/arm-none-eabi/5.4.1/../../../../arm-none-eabi/lib/armv7-m\libc_nano.a(lib_a-stdio.o)
 .debug_frame   0x00003ae4       0x40 d:/devtools/gcc-arm/bin/../lib/gcc/arm-none-eabi/5.4.1/../../../../arm-none-eabi/lib/armv7-m\libc_nano.a(lib_a-wbuf.o)
 .debug_frame   0x00003b24       0x2c d:/devtools/gcc-arm/bin/../lib/gcc/arm-none-eabi/5.4.1/../../../../arm-none-eabi/lib/armv7-m\libc_nano.a(lib_a-writer.o)
 .debug_frame   0x00003b50       0x2c d:/devtools/gcc-arm/bin/../lib/gcc/arm-none-eabi/5.4.1/../../../../arm-none-eabi/lib/armv7-m\libc_nano.a(lib_a-wsetup.o)
 .debug_frame   0x00003b7c       0x2c d:/devtools/gcc-arm/bin/../lib/gcc/arm-none-eabi/5.4.1/../../../../arm-none-eabi/lib/armv7-m\libc_nano.a(lib_a-closer.o)
 .debug_frame   0x00003ba8       0x68 d:/devtools/gcc-arm/bin/../lib/gcc/arm-none-eabi/5.4.1/../../../../arm-none-eabi/lib/armv7-m\libc_nano.a(lib_a-fflush.o)
 .debug_frame   0x00003c10       0x2c d:/devtools/gcc-arm/bin/../lib/gcc/arm-none-eabi/5.4.1/../../../../arm-none-eabi/lib/armv7-m\libc_nano.a(lib_a-lseekr.o)
 .debug_frame   0x00003c3c       0x54 d:/devtools/gcc-arm/bin/../lib/gcc/arm-none-eabi/5.4.1/../../../../arm-none-eabi/lib/armv7-m\libc_nano.a(lib_a-makebuf.o)
 .debug_frame   0x00003c90       0x28 d:/devtools/gcc-arm/bin/../lib/gcc/arm-none-eabi/5.4.1/../../../../arm-none-eabi/lib/armv7-m\libc_nano.a(lib_a-memchr-stub.o)
 .debug_frame   0x00003cb8       0x28 d:/devtools/gcc-arm/bin/../lib/gcc/arm-none-eabi/5.4.1/../../../../arm-none-eabi/lib/armv7-m\libc_nano.a(lib_a-memcpy-stub.o)
 .debug_frame   0x00003ce0       0x28 d:/devtools/gcc-arm/bin/../lib/gcc/arm-none-eabi/5.4.1/../../../../arm-none-eabi/lib/armv7-m\libc_nano.a(lib_a-memmove.o)
 .debug_frame   0x00003d08       0x30 d:/devtools/gcc-arm/bin/../lib/gcc/arm-none-eabi/5.4.1/../../../../arm-none-eabi/lib/armv7-m\libc_nano.a(lib_a-mlock.o)
 .debug_frame   0x00003d38       0x38 d:/devtools/gcc-arm/bin/../lib/gcc/arm-none-eabi/5.4.1/../../../../arm-none-eabi/lib/armv7-m\libc_nano.a(lib_a-nano-freer.o)
 .debug_frame   0x00003d70       0x3c d:/devtools/gcc-arm/bin/../lib/gcc/arm-none-eabi/5.4.1/../../../../arm-none-eabi/lib/armv7-m\libc_nano.a(lib_a-nano-reallocr.o)
 .debug_frame   0x00003dac       0x2c d:/devtools/gcc-arm/bin/../lib/gcc/arm-none-eabi/5.4.1/../../../../arm-none-eabi/lib/armv7-m\libc_nano.a(lib_a-readr.o)
 .debug_frame   0x00003dd8       0x5c d:/devtools/gcc-arm/bin/../lib/gcc/arm-none-eabi/5.4.1/../../../../arm-none-eabi/lib/armv7-m\libc_nano.a(lib_a-reent.o)
 .debug_frame   0x00003e34       0x2c d:/devtools/gcc-arm/bin/../lib/gcc/arm-none-eabi/5.4.1/../../../../arm-none-eabi/lib/armv7-m\libc_nano.a(lib_a-fstatr.o)
 .debug_frame   0x00003e60       0x2c d:/devtools/gcc-arm/bin/../lib/gcc/arm-none-eabi/5.4.1/../../../../arm-none-eabi/lib/armv7-m\libc_nano.a(lib_a-isattyr.o)
 .debug_frame   0x00003e8c       0x20 d:/devtools/gcc-arm/bin/../lib/gcc/arm-none-eabi/5.4.1/../../../../arm-none-eabi/lib/armv7-m\libc_nano.a(lib_a-nano-msizer.o)
 .debug_frame   0x00003eac       0x20 d:/devtools/gcc-arm/bin/../lib/gcc/arm-none-eabi/5.4.1/../../../../arm-none-eabi/lib/armv7-m\libnosys.a(close.o)
 .debug_frame   0x00003ecc       0x20 d:/devtools/gcc-arm/bin/../lib/gcc/arm-none-eabi/5.4.1/../../../../arm-none-eabi/lib/armv7-m\libnosys.a(fstat.o)
 .debug_frame   0x00003eec       0x20 d:/devtools/gcc-arm/bin/../lib/gcc/arm-none-eabi/5.4.1/../../../../arm-none-eabi/lib/armv7-m\libnosys.a(isatty.o)
 .debug_frame   0x00003f0c       0x20 d:/devtools/gcc-arm/bin/../lib/gcc/arm-none-eabi/5.4.1/../../../../arm-none-eabi/lib/armv7-m\libnosys.a(lseek.o)
 .debug_frame   0x00003f2c       0x20 d:/devtools/gcc-arm/bin/../lib/gcc/arm-none-eabi/5.4.1/../../../../arm-none-eabi/lib/armv7-m\libnosys.a(read.o)
 .debug_frame   0x00003f4c       0x20 d:/devtools/gcc-arm/bin/../lib/gcc/arm-none-eabi/5.4.1/../../../../arm-none-eabi/lib/armv7-m\libnosys.a(sbrk.o)
 .debug_frame   0x00003f6c       0x20 d:/devtools/gcc-arm/bin/../lib/gcc/arm-none-eabi/5.4.1/../../../../arm-none-eabi/lib/armv7-m\libnosys.a(write.o)

.stab           0x00000000       0x9c
 .stab          0x00000000       0x24 d:/devtools/gcc-arm/bin/../lib/gcc/arm-none-eabi/5.4.1/../../../../arm-none-eabi/lib/armv7-m\libnosys.a(close.o)
 .stab          0x00000024       0x18 d:/devtools/gcc-arm/bin/../lib/gcc/arm-none-eabi/5.4.1/../../../../arm-none-eabi/lib/armv7-m\libnosys.a(fstat.o)
                                 0x24 (size before relaxing)
 .stab          0x0000003c       0x18 d:/devtools/gcc-arm/bin/../lib/gcc/arm-none-eabi/5.4.1/../../../../arm-none-eabi/lib/armv7-m\libnosys.a(isatty.o)
                                 0x24 (size before relaxing)
 .stab          0x00000054       0x18 d:/devtools/gcc-arm/bin/../lib/gcc/arm-none-eabi/5.4.1/../../../../arm-none-eabi/lib/armv7-m\libnosys.a(lseek.o)
                                 0x24 (size before relaxing)
 .stab          0x0000006c       0x18 d:/devtools/gcc-arm/bin/../lib/gcc/arm-none-eabi/5.4.1/../../../../arm-none-eabi/lib/armv7-m\libnosys.a(read.o)
                                 0x24 (size before relaxing)
 .stab          0x00000084       0x18 d:/devtools/gcc-arm/bin/../lib/gcc/arm-none-eabi/5.4.1/../../../../arm-none-eabi/lib/armv7-m\libnosys.a(write.o)
                                 0x24 (size before relaxing)

.stabstr        0x00000000      0x14d
 .stabstr       0x00000000      0x14d d:/devtools/gcc-arm/bin/../lib/gcc/arm-none-eabi/5.4.1/../../../../arm-none-eabi/lib/armv7-m\libnosys.a(close.o)

Cross Reference Table

Symbol                                            File
ADC1_2_IRQHandler                                 build/startup_stm32f103xe.o
ADC3_IRQHandler                                   build/startup_stm32f103xe.o
ADC_ConversionStop_Disable                        build/stm32f1xx_hal_adc.o
                                                  build/stm32f1xx_hal_adc_ex.o
ADC_DMAConvCplt                                   build/stm32f1xx_hal_adc.o
                                                  build/stm32f1xx_hal_adc_ex.o
ADC_DMAError                                      build/stm32f1xx_hal_adc.o
                                                  build/stm32f1xx_hal_adc_ex.o
ADC_DMAHalfConvCplt                               build/stm32f1xx_hal_adc.o
                                                  build/stm32f1xx_hal_adc_ex.o
ADC_Enable                                        build/stm32f1xx_hal_adc.o
                                                  build/stm32f1xx_hal_adc_ex.o
AHBPrescTable                                     build/system_stm32f1xx.o
                                                  build/stm32f1xx_hal_rcc.o
APBPrescTable                                     build/system_stm32f1xx.o
                                                  build/stm32f1xx_hal_rcc.o
BusFault_Handler                                  build/stm32f1xx_it.o