Archive member included to satisfy reference by file (symbol)

d:/devtools/gcc-arm/bin/../lib/gcc/arm-none-eabi/5.4.1/../../../../arm-none-eabi/lib/armv7-m\libc_nano.a(lib_a-exit.o)
                              d:/devtools/gcc-arm/bin/../lib/gcc/arm-none-eabi/5.4.1/../../../../arm-none-eabi/lib/armv7-m/crt0.o (exit)
d:/devtools/gcc-arm/bin/../lib/gcc/arm-none-eabi/5.4.1/../../../../arm-none-eabi/lib/armv7-m\libc_nano.a(lib_a-impure.o)
                              d:/devtools/gcc-arm/bin/../lib/gcc/arm-none-eabi/5.4.1/../../../../arm-none-eabi/lib/armv7-m\libc_nano.a(lib_a-exit.o) (_global_impure_ptr)
d:/devtools/gcc-arm/bin/../lib/gcc/arm-none-eabi/5.4.1/../../../../arm-none-eabi/lib/armv7-m\libc_nano.a(lib_a-init.o)
                              d:/devtools/gcc-arm/bin/../lib/gcc/arm-none-eabi/5.4.1/../../../../arm-none-eabi/lib/armv7-m/crt0.o (__libc_init_array)
d:/devtools/gcc-arm/bin/../lib/gcc/arm-none-eabi/5.4.1/../../../../arm-none-eabi/lib/armv7-m\libc_nano.a(lib_a-memset.o)
                              d:/devtools/gcc-arm/bin/../lib/gcc/arm-none-eabi/5.4.1/../../../../arm-none-eabi/lib/armv7-m/crt0.o (memset)
d:/devtools/gcc-arm/bin/../lib/gcc/arm-none-eabi/5.4.1/../../../../arm-none-eabi/lib/armv7-m\libc_nano.a(lib_a-printf.o)
                              build/usbd_core.o (printf)
d:/devtools/gcc-arm/bin/../lib/gcc/arm-none-eabi/5.4.1/../../../../arm-none-eabi/lib/armv7-m\libc_nano.a(lib_a-putchar.o)
                              build/usbd_core.o (putchar)
d:/devtools/gcc-arm/bin/../lib/gcc/arm-none-eabi/5.4.1/../../../../arm-none-eabi/lib/armv7-m\libc_nano.a(lib_a-findfp.o)
                              d:/devtools/gcc-arm/bin/../lib/gcc/arm-none-eabi/5.4.1/../../../../arm-none-eabi/lib/armv7-m\libc_nano.a(lib_a-printf.o) (__sinit)
d:/devtools/gcc-arm/bin/../lib/gcc/arm-none-eabi/5.4.1/../../../../arm-none-eabi/lib/armv7-m\libc_nano.a(lib_a-fwalk.o)
                              d:/devtools/gcc-arm/bin/../lib/gcc/arm-none-eabi/5.4.1/../../../../arm-none-eabi/lib/armv7-m\libc_nano.a(lib_a-findfp.o) (_fwalk)
d:/devtools/gcc-arm/bin/../lib/gcc/arm-none-eabi/5.4.1/../../../../arm-none-eabi/lib/armv7-m\libc_nano.a(lib_a-nano-mallocr.o)
                              d:/devtools/gcc-arm/bin/../lib/gcc/arm-none-eabi/5.4.1/../../../../arm-none-eabi/lib/armv7-m\libc_nano.a(lib_a-findfp.o) (_malloc_r)
d:/devtools/gcc-arm/bin/../lib/gcc/arm-none-eabi/5.4.1/../../../../arm-none-eabi/lib/armv7-m\libc_nano.a(lib_a-nano-vfprintf.o)
                              d:/devtools/gcc-arm/bin/../lib/gcc/arm-none-eabi/5.4.1/../../../../arm-none-eabi/lib/armv7-m\libc_nano.a(lib_a-printf.o) (_vfprintf_r)
d:/devtools/gcc-arm/bin/../lib/gcc/arm-none-eabi/5.4.1/../../../../arm-none-eabi/lib/armv7-m\libc_nano.a(lib_a-nano-vfprintf_i.o)
                              d:/devtools/gcc-arm/bin/../lib/gcc/arm-none-eabi/5.4.1/../../../../arm-none-eabi/lib/armv7-m\libc_nano.a(lib_a-nano-vfprintf.o) (_printf_i)
d:/devtools/gcc-arm/bin/../lib/gcc/arm-none-eabi/5.4.1/../../../../arm-none-eabi/lib/armv7-m\libc_nano.a(lib_a-putc.o)
                              d:/devtools/gcc-arm/bin/../lib/gcc/arm-none-eabi/5.4.1/../../../../arm-none-eabi/lib/armv7-m\libc_nano.a(lib_a-putchar.o) (_putc_r)
d:/devtools/gcc-arm/bin/../lib/gcc/arm-none-eabi/5.4.1/../../../../arm-none-eabi/lib/armv7-m\libc_nano.a(lib_a-sbrkr.o)
                              d:/devtools/gcc-arm/bin/../lib/gcc/arm-none-eabi/5.4.1/../../../../arm-none-eabi/lib/armv7-m\libc_nano.a(lib_a-nano-mallocr.o) (_sbrk_r)
d:/devtools/gcc-arm/bin/../lib/gcc/arm-none-eabi/5.4.1/../../../../arm-none-eabi/lib/armv7-m\libc_nano.a(lib_a-stdio.o)
                              d:/devtools/gcc-arm/bin/../lib/gcc/arm-none-eabi/5.4.1/../../../../arm-none-eabi/lib/armv7-m\libc_nano.a(lib_a-findfp.o) (__sread)
d:/devtools/gcc-arm/bin/../lib/gcc/arm-none-eabi/5.4.1/../../../../arm-none-eabi/lib/armv7-m\libc_nano.a(lib_a-wbuf.o)
                              d:/devtools/gcc-arm/bin/../lib/gcc/arm-none-eabi/5.4.1/../../../../arm-none-eabi/lib/armv7-m\libc_nano.a(lib_a-nano-vfprintf.o) (__swbuf_r)
d:/devtools/gcc-arm/bin/../lib/gcc/arm-none-eabi/5.4.1/../../../../arm-none-eabi/lib/armv7-m\libc_nano.a(lib_a-writer.o)
                              d:/devtools/gcc-arm/bin/../lib/gcc/arm-none-eabi/5.4.1/../../../../arm-none-eabi/lib/armv7-m\libc_nano.a(lib_a-stdio.o) (_write_r)
d:/devtools/gcc-arm/bin/../lib/gcc/arm-none-eabi/5.4.1/../../../../arm-none-eabi/lib/armv7-m\libc_nano.a(lib_a-wsetup.o)
                              d:/devtools/gcc-arm/bin/../lib/gcc/arm-none-eabi/5.4.1/../../../../arm-none-eabi/lib/armv7-m\libc_nano.a(lib_a-nano-vfprintf.o) (__swsetup_r)
d:/devtools/gcc-arm/bin/../lib/gcc/arm-none-eabi/5.4.1/../../../../arm-none-eabi/lib/armv7-m\libc_nano.a(lib_a-closer.o)
                              d:/devtools/gcc-arm/bin/../lib/gcc/arm-none-eabi/5.4.1/../../../../arm-none-eabi/lib/armv7-m\libc_nano.a(lib_a-stdio.o) (_close_r)
[...]
Memory Configuration

Name             Origin             Length             Attributes
RAM              0x20000000         0x00010000         xrw
FLASH            0x08000000         0x00080000         xr
*default*        0x00000000         0xffffffff

Linker script and memory map

LOAD d:/devtools/gcc-arm/bin/../lib/gcc/arm-none-eabi/5.4.1/armv7-m/crti.o
LOAD d:/devtools/gcc-arm/bin/../lib/gcc/arm-none-eabi/5.4.1/armv7-m/crtbegin.o
LOAD d:/devtools/gcc-arm/bin/../lib/gcc/arm-none-eabi/5.4.1/../../../../arm-none-eabi/lib/armv7-m/crt0.o
LOAD build/main.o
LOAD build/stm32f1xx_it.o
LOAD build/stm32f1xx_hal_msp.o
LOAD build/stm32f1xx_hal_gpio_ex.o
LOAD build/stm32f1xx_hal_tim.o
LOAD build/stm32f1xx_hal_tim_ex.o
LOAD build/stm32f1xx_hal.o
LOAD build/stm32f1xx_hal_rcc.o
LOAD build/stm32f1xx_hal_rcc_ex.o
LOAD build/stm32f1xx_hal_gpio.o
LOAD build/stm32f1xx_hal_dma.o
LOAD build/stm32f1xx_hal_cortex.o
LOAD build/stm32f1xx_hal_pwr.o
LOAD build/stm32f1xx_hal_flash.o
LOAD build/stm32f1xx_hal_flash_ex.o
LOAD build/stm32f1xx_hal_exti.o
LOAD build/system_stm32f1xx.o
LOAD build/stm32f1xx_hal_rtc.o
LOAD build/stm32f1xx_hal_rtc_ex.o
LOAD build/usb_device.o
LOAD build/usbd_desc.o
LOAD build/usbd_cdc_if.o
LOAD build/usbd_conf.o
LOAD build/stm32f1xx_hal_pcd.o
LOAD build/stm32f1xx_hal_pcd_ex.o
LOAD build/stm32f1xx_ll_usb.o
LOAD build/usbd_core.o
LOAD build/usbd_ctlreq.o
LOAD build/usbd_ioreq.o
LOAD build/usbd_cdc.o
LOAD build/gpio.o
LOAD build/rtc.o
LOAD build/tim.o
LOAD build/adc.o
LOAD build/stm32f1xx_hal_adc.o
LOAD build/stm32f1xx_hal_adc_ex.o
LOAD build/startup_stm32f103xe.o
LOAD d:/devtools/gcc-arm/bin/../lib/gcc/arm-none-eabi/5.4.1/../../../../arm-none-eabi/lib/armv7-m\libc_nano.a
LOAD d:/devtools/gcc-arm/bin/../lib/gcc/arm-none-eabi/5.4.1/../../../../arm-none-eabi/lib/armv7-m\libm.a
LOAD d:/devtools/gcc-arm/bin/../lib/gcc/arm-none-eabi/5.4.1/../../../../arm-none-eabi/lib/armv7-m\libnosys.a
START GROUP
LOAD d:/devtools/gcc-arm/bin/../lib/gcc/arm-none-eabi/5.4.1/armv7-m\libgcc.a
LOAD d:/devtools/gcc-arm/bin/../lib/gcc/arm-none-eabi/5.4.1/../../../../arm-none-eabi/lib/armv7-m\libc_nano.a
END GROUP
START GROUP
LOAD d:/devtools/gcc-arm/bin/../lib/gcc/arm-none-eabi/5.4.1/armv7-m\libgcc.a
LOAD d:/devtools/gcc-arm/bin/../lib/gcc/arm-none-eabi/5.4.1/../../../../arm-none-eabi/lib/armv7-m\libc_nano.a
END GROUP
LOAD d:/devtools/gcc-arm/bin/../lib/gcc/arm-none-eabi/5.4.1/armv7-m/crtend.o
LOAD d:/devtools/gcc-arm/bin/../lib/gcc/arm-none-eabi/5.4.1/armv7-m/crtn.o
                0x20010000                _estack = 0x20010000
                0x00000200                _Min_Heap_Size = 0x200
                0x00000400                _Min_Stack_Size = 0x400

.isr_vector     0x08000000      0x1e4
                0x08000000                . = ALIGN (0x4)
 *(.isr_vector)
 .isr_vector    0x08000000      0x1e4 build/startup_stm32f103xe.o
                0x08000000                g_pfnVectors
                0x080001e4                . = ALIGN (0x4)

.text           0x080001e4     0x5e8c
                0x080001e4                . = ALIGN (0x4)
 *(.text)
 .text          0x080001e4       0x5c d:/devtools/gcc-arm/bin/../lib/gcc/arm-none-eabi/5.4.1/armv7-m/crtbegin.o
 *(.text*)
 .text.SystemClock_Config
                0x08000240       0x7c build/main.o
                0x08000240                SystemClock_Config
 .text.main     0x080002bc       0x64 build/main.o
                0x080002bc                main
 .text.Error_Handler
                0x08000320        0x4 build/main.o
                0x08000320                Error_Handler
 .text.NMI_Handler
                0x08000324        0x4 build/stm32f1xx_it.o
                0x08000324                NMI_Handler
 .text.HardFault_Handler
                0x08000328        0x4 build/stm32f1xx_it.o
                0x08000328                HardFault_Handler
 .text.MemManage_Handler
                0x0800032c        0x4 build/stm32f1xx_it.o
                0x0800032c                MemManage_Handler
 .text.BusFault_Handler
                0x08000330        0x4 build/stm32f1xx_it.o
                0x08000330                BusFault_Handler
 .text.UsageFault_Handler
                0x08000334        0x4 build/stm32f1xx_it.o
                0x08000334                UsageFault_Handler
 .text.SVC_Handler
                0x08000338        0x4 build/stm32f1xx_it.o
                0x08000338                SVC_Handler
 .text.DebugMon_Handler
                0x0800033c        0x4 build/stm32f1xx_it.o
                0x0800033c                DebugMon_Handler
 .text.PendSV_Handler
                0x08000340        0x4 build/stm32f1xx_it.o
                0x08000340                PendSV_Handler
 .text.SysTick_Handler
                0x08000344        0x8 build/stm32f1xx_it.o
                0x08000344                SysTick_Handler
 .text.RTC_IRQHandler
                0x0800034c       0x10 build/stm32f1xx_it.o
                0x0800034c                RTC_IRQHandler
 .text.USB_LP_CAN1_RX0_IRQHandler
                0x0800035c       0x10 build/stm32f1xx_it.o
                0x0800035c                USB_LP_CAN1_RX0_IRQHandler
 .text.HAL_MspInit
                0x0800036c       0x44 build/stm32f1xx_hal_msp.o
                0x0800036c                HAL_MspInit
 .text.TIM_Base_SetConfig
                0x080003b0       0x98 build/stm32f1xx_hal_tim.o
                0x080003b0                TIM_Base_SetConfig
 .text.HAL_TIM_Encoder_Init
                0x08000448       0xa0 build/stm32f1xx_hal_tim.o
                0x08000448                HAL_TIM_Encoder_Init
 .text.HAL_TIMEx_MasterConfigSynchronization
                0x080004e8       0x48 build/stm32f1xx_hal_tim_ex.o
                0x080004e8                HAL_TIMEx_MasterConfigSynchronization
 .text.HAL_InitTick
                0x08000530       0x4c build/stm32f1xx_hal.o
                0x08000530                HAL_InitTick
 .text.HAL_Init
                0x0800057c       0x24 build/stm32f1xx_hal.o
                0x0800057c                HAL_Init
 .text.HAL_IncTick
                0x080005a0       0x18 build/stm32f1xx_hal.o
                0x080005a0                HAL_IncTick
 .text.HAL_GetTick
                0x080005b8        0xc build/stm32f1xx_hal.o
                0x080005b8                HAL_GetTick
 .text.RCC_Delay
                0x080005c4       0x2c build/stm32f1xx_hal_rcc.o
 .text.HAL_RCC_OscConfig
                0x080005f0      0x434 build/stm32f1xx_hal_rcc.o
                0x080005f0                HAL_RCC_OscConfig
 .text.HAL_RCC_GetSysClockFreq
                0x08000a24       0x70 build/stm32f1xx_hal_rcc.o
                0x08000a24                HAL_RCC_GetSysClockFreq
 .text.HAL_RCC_ClockConfig
                0x08000a94      0x170 build/stm32f1xx_hal_rcc.o
                0x08000a94                HAL_RCC_ClockConfig
 .text.HAL_RCC_GetHCLKFreq
                0x08000c04        0xc build/stm32f1xx_hal_rcc.o
                0x08000c04                HAL_RCC_GetHCLKFreq
 .text.HAL_RCC_GetPCLK2Freq
                0x08000c10       0x20 build/stm32f1xx_hal_rcc.o
                0x08000c10                HAL_RCC_GetPCLK2Freq
 .text.HAL_RCCEx_PeriphCLKConfig
                0x08000c30      0x114 build/stm32f1xx_hal_rcc_ex.o
                0x08000c30                HAL_RCCEx_PeriphCLKConfig
 .text.HAL_RCCEx_GetPeriphCLKFreq
                0x08000d44      0x120 build/stm32f1xx_hal_rcc_ex.o
                0x08000d44                HAL_RCCEx_GetPeriphCLKFreq
 .text.HAL_GPIO_Init
                0x08000e64      0x1f0 build/stm32f1xx_hal_gpio.o
                0x08000e64                HAL_GPIO_Init
 .text.HAL_GPIO_WritePin
                0x08001054        0xc build/stm32f1xx_hal_gpio.o
                0x08001054                HAL_GPIO_WritePin
 .text.HAL_NVIC_SetPriorityGrouping
                0x08001060       0x24 build/stm32f1xx_hal_cortex.o
                0x08001060                HAL_NVIC_SetPriorityGrouping
 .text.HAL_NVIC_SetPriority
                0x08001084       0x64 build/stm32f1xx_hal_cortex.o
                0x08001084                HAL_NVIC_SetPriority
 .text.HAL_NVIC_EnableIRQ
                0x080010e8       0x1c build/stm32f1xx_hal_cortex.o
                0x080010e8                HAL_NVIC_EnableIRQ
 .text.HAL_SYSTICK_Config
                0x08001104       0x2c build/stm32f1xx_hal_cortex.o
                0x08001104                HAL_SYSTICK_Config
 .text.HAL_PWR_EnableBkUpAccess
                0x08001130        0xc build/stm32f1xx_hal_pwr.o
                0x08001130                HAL_PWR_EnableBkUpAccess
 .text.SystemInit
                0x0800113c       0x4c build/system_stm32f1xx.o
                0x0800113c                SystemInit
 .text.RTC_ReadTimeCounter
                0x08001188       0x28 build/stm32f1xx_hal_rtc.o
 .text.RTC_ReadAlarmCounter
                0x080011b0       0x10 build/stm32f1xx_hal_rtc.o
 .text.RTC_ByteToBcd2
                0x080011c0       0x18 build/stm32f1xx_hal_rtc.o
 .text.RTC_Bcd2ToByte
                0x080011d8       0x14 build/stm32f1xx_hal_rtc.o
 .text.RTC_IsLeapYear
                0x080011ec       0x40 build/stm32f1xx_hal_rtc.o
 .text.RTC_WeekDayNum
                0x0800122c       0x9c build/stm32f1xx_hal_rtc.o
 .text.RTC_DateUpdate
                0x080012c8       0xbc build/stm32f1xx_hal_rtc.o
 .text.RTC_EnterInitMode
                0x08001384       0x34 build/stm32f1xx_hal_rtc.o
 .text.RTC_ExitInitMode
                0x080013b8       0x34 build/stm32f1xx_hal_rtc.o
 .text.RTC_WriteTimeCounter
                0x080013ec       0x2c build/stm32f1xx_hal_rtc.o
 .text.RTC_WriteAlarmCounter
                0x08001418       0x2c build/stm32f1xx_hal_rtc.o
 .text.HAL_RTC_SetTime
                0x08001444       0xc0 build/stm32f1xx_hal_rtc.o
                0x08001444                HAL_RTC_SetTime
 .text.HAL_RTC_GetTime
                0x08001504      0x118 build/stm32f1xx_hal_rtc.o
                0x08001504                HAL_RTC_GetTime
 .text.HAL_RTC_SetDate
                0x0800161c       0xd8 build/stm32f1xx_hal_rtc.o
                0x0800161c                HAL_RTC_SetDate
 .text.HAL_RTC_GetDate
                0x080016f4       0x68 build/stm32f1xx_hal_rtc.o
                0x080016f4                HAL_RTC_GetDate
 .text.HAL_RTC_WaitForSynchro
                0x0800175c       0x3c build/stm32f1xx_hal_rtc.o
                0x0800175c                HAL_RTC_WaitForSynchro
 .text.HAL_RTC_Init
                0x08001798       0xc8 build/stm32f1xx_hal_rtc.o
                0x08001798                HAL_RTC_Init
 .text.HAL_RTCEx_SetTamper
                0x08001860       0x5c build/stm32f1xx_hal_rtc_ex.o
                0x08001860                HAL_RTCEx_SetTamper
 .text.HAL_RTCEx_RTCEventCallback
                0x080018bc        0x4 build/stm32f1xx_hal_rtc_ex.o
                0x080018bc                HAL_RTCEx_RTCEventCallback
 .text.HAL_RTCEx_RTCEventErrorCallback
                0x080018c0        0x4 build/stm32f1xx_hal_rtc_ex.o
                0x080018c0                HAL_RTCEx_RTCEventErrorCallback
 .text.HAL_RTCEx_RTCIRQHandler
                0x080018c4       0x44 build/stm32f1xx_hal_rtc_ex.o
                0x080018c4                HAL_RTCEx_RTCIRQHandler
 .text.HAL_RTCEx_BKUPWrite
                0x08001908       0x10 build/stm32f1xx_hal_rtc_ex.o
                0x08001908                HAL_RTCEx_BKUPWrite
 .text.HAL_RTCEx_BKUPRead
                0x08001918       0x10 build/stm32f1xx_hal_rtc_ex.o
                0x08001918                HAL_RTCEx_BKUPRead
 .text.MX_USB_DEVICE_Init
                0x08001928       0x4c build/usb_device.o
                0x08001928                MX_USB_DEVICE_Init
 .text.USBD_FS_DeviceDescriptor
                0x08001974        0xc build/usbd_desc.o
                0x08001974                USBD_FS_DeviceDescriptor
 .text.USBD_FS_LangIDStrDescriptor
                0x08001980        0xc build/usbd_desc.o
                0x08001980                USBD_FS_LangIDStrDescriptor
 .text.IntToUnicode
                0x0800198c       0x30 build/usbd_desc.o
 .text.Get_SerialNum
                0x080019bc       0x38 build/usbd_desc.o
 .text.USBD_FS_SerialStrDescriptor
                0x080019f4       0x14 build/usbd_desc.o
                0x080019f4                USBD_FS_SerialStrDescriptor
 .text.USBD_FS_ProductStrDescriptor
                0x08001a08       0x24 build/usbd_desc.o
                0x08001a08                USBD_FS_ProductStrDescriptor
 .text.USBD_FS_ManufacturerStrDescriptor
                0x08001a2c       0x1c build/usbd_desc.o
                0x08001a2c                USBD_FS_ManufacturerStrDescriptor
 .text.USBD_FS_ConfigStrDescriptor
                0x08001a48       0x24 build/usbd_desc.o
                0x08001a48                USBD_FS_ConfigStrDescriptor
 .text.USBD_FS_InterfaceStrDescriptor
                0x08001a6c       0x24 build/usbd_desc.o
                0x08001a6c                USBD_FS_InterfaceStrDescriptor
 .text.CDC_DeInit_FS
                0x08001a90        0x4 build/usbd_cdc_if.o
 .text.CDC_Control_FS
                0x08001a94        0x4 build/usbd_cdc_if.o
 .text.CDC_Receive_FS
                0x08001a98       0x1c build/usbd_cdc_if.o
 .text.CDC_Init_FS
                0x08001ab4       0x28 build/usbd_cdc_if.o
 .text.USBD_Get_USB_Status
                0x08001adc       0x14 build/usbd_conf.o
 .text.HAL_PCD_MspInit
                0x08001af0       0x40 build/usbd_conf.o
                0x08001af0                HAL_PCD_MspInit
 .text.HAL_PCD_SetupStageCallback
                0x08001b30       0x10 build/usbd_conf.o
                0x08001b30                HAL_PCD_SetupStageCallback
 .text.HAL_PCD_DataOutStageCallback
                0x08001b40       0x18 build/usbd_conf.o
                0x08001b40                HAL_PCD_DataOutStageCallback
 .text.HAL_PCD_DataInStageCallback
                0x08001b58       0x18 build/usbd_conf.o
                0x08001b58                HAL_PCD_DataInStageCallback
 .text.HAL_PCD_SOFCallback
                0x08001b70        0xc build/usbd_conf.o
                0x08001b70                HAL_PCD_SOFCallback
 .text.HAL_PCD_ResetCallback
                0x08001b7c       0x24 build/usbd_conf.o
                0x08001b7c                HAL_PCD_ResetCallback
 .text.HAL_PCD_SuspendCallback
                0x08001ba0       0x20 build/usbd_conf.o
                0x08001ba0                HAL_PCD_SuspendCallback
 .text.HAL_PCD_ResumeCallback
                0x08001bc0        0xc build/usbd_conf.o
                0x08001bc0                HAL_PCD_ResumeCallback
 .text.USBD_LL_Init
                0x08001bcc       0x84 build/usbd_conf.o
                0x08001bcc                USBD_LL_Init
 .text.USBD_LL_Start
                0x08001c50       0x10 build/usbd_conf.o
                0x08001c50                USBD_LL_Start
 .text.USBD_LL_OpenEP
                0x08001c60       0x18 build/usbd_conf.o
                0x08001c60                USBD_LL_OpenEP
 .text.USBD_LL_CloseEP
                0x08001c78       0x10 build/usbd_conf.o
                0x08001c78                USBD_LL_CloseEP
 .text.USBD_LL_StallEP
                0x08001c88       0x10 build/usbd_conf.o
                0x08001c88                USBD_LL_StallEP
 .text.USBD_LL_ClearStallEP
                0x08001c98       0x10 build/usbd_conf.o
                0x08001c98                USBD_LL_ClearStallEP
 .text.USBD_LL_IsStallEP
                0x08001ca8       0x30 build/usbd_conf.o
                0x08001ca8                USBD_LL_IsStallEP
 .text.USBD_LL_SetUSBAddress
                0x08001cd8       0x10 build/usbd_conf.o
                0x08001cd8                USBD_LL_SetUSBAddress
 .text.USBD_LL_Transmit
                0x08001ce8       0x10 build/usbd_conf.o
                0x08001ce8                USBD_LL_Transmit
 .text.USBD_LL_PrepareReceive
                0x08001cf8       0x10 build/usbd_conf.o
                0x08001cf8                USBD_LL_PrepareReceive
 .text.USBD_LL_GetRxDataSize
                0x08001d08        0xc build/usbd_conf.o
                0x08001d08                USBD_LL_GetRxDataSize
 .text.USBD_static_malloc
                0x08001d14        0x8 build/usbd_conf.o
                0x08001d14                USBD_static_malloc
 .text.USBD_static_free
                0x08001d1c        0x4 build/usbd_conf.o
                0x08001d1c                USBD_static_free
 .text.HAL_PCDEx_SetConnectionState
                0x08001d20        0x4 build/usbd_conf.o
                0x08001d20                HAL_PCDEx_SetConnectionState
 .text.HAL_PCD_EP_DB_Receive
                0x08001d24      0x11c build/stm32f1xx_hal_pcd.o
 .text.HAL_PCD_Init
                0x08001e40      0x110 build/stm32f1xx_hal_pcd.o
                0x08001e40                HAL_PCD_Init
 .text.HAL_PCD_Start
                0x08001f50       0x34 build/stm32f1xx_hal_pcd.o
                0x08001f50                HAL_PCD_Start
 .text.HAL_PCD_EP_DB_Transmit
                0x08001f84      0x2dc build/stm32f1xx_hal_pcd.o
 .text.PCD_EP_ISR_Handler
                0x08002260      0x428 build/stm32f1xx_hal_pcd.o
 .text.HAL_PCD_SetAddress
                0x08002688       0x28 build/stm32f1xx_hal_pcd.o
                0x08002688                HAL_PCD_SetAddress
 .text.HAL_PCD_IRQHandler
                0x080026b0      0x1d0 build/stm32f1xx_hal_pcd.o
                0x080026b0                HAL_PCD_IRQHandler
 .text.HAL_PCD_EP_Open
                0x08002880       0x74 build/stm32f1xx_hal_pcd.o
                0x08002880                HAL_PCD_EP_Open
 .text.HAL_PCD_EP_Close
                0x080028f4       0x60 build/stm32f1xx_hal_pcd.o
                0x080028f4                HAL_PCD_EP_Close
 .text.HAL_PCD_EP_Receive
                0x08002954       0x44 build/stm32f1xx_hal_pcd.o
                0x08002954                HAL_PCD_EP_Receive
 .text.HAL_PCD_EP_GetRxCount
                0x08002998       0x14 build/stm32f1xx_hal_pcd.o
                0x08002998                HAL_PCD_EP_GetRxCount
 .text.HAL_PCD_EP_Transmit
                0x080029ac       0x4c build/stm32f1xx_hal_pcd.o
                0x080029ac                HAL_PCD_EP_Transmit
 .text.HAL_PCD_EP_SetStall
                0x080029f8       0x74 build/stm32f1xx_hal_pcd.o
                0x080029f8                HAL_PCD_EP_SetStall
 .text.HAL_PCD_EP_ClrStall
                0x08002a6c       0x74 build/stm32f1xx_hal_pcd.o
                0x08002a6c                HAL_PCD_EP_ClrStall
 .text.HAL_PCDEx_PMAConfig
                0x08002ae0       0x40 build/stm32f1xx_hal_pcd_ex.o
                0x08002ae0                HAL_PCDEx_PMAConfig
 .text.USB_CoreInit
                0x08002b20       0x10 build/stm32f1xx_ll_usb.o
                0x08002b20                USB_CoreInit
 .text.USB_EnableGlobalInt
                0x08002b30       0x14 build/stm32f1xx_ll_usb.o
                0x08002b30                USB_EnableGlobalInt
 .text.USB_DisableGlobalInt
                0x08002b44       0x14 build/stm32f1xx_ll_usb.o
                0x08002b44                USB_DisableGlobalInt
 .text.USB_SetCurrentMode
                0x08002b58        0x4 build/stm32f1xx_ll_usb.o
                0x08002b58                USB_SetCurrentMode
 .text.USB_DevInit
                0x08002b5c       0x28 build/stm32f1xx_ll_usb.o
                0x08002b5c                USB_DevInit
 .text.USB_ActivateEndpoint
                0x08002b84      0x354 build/stm32f1xx_ll_usb.o
                0x08002b84                USB_ActivateEndpoint
 .text.USB_DeactivateEndpoint
                0x08002ed8      0x1e0 build/stm32f1xx_ll_usb.o
                0x08002ed8                USB_DeactivateEndpoint
 .text.USB_EPSetStall
                0x080030b8       0x4c build/stm32f1xx_ll_usb.o
                0x080030b8                USB_EPSetStall
 .text.USB_EPClearStall
                0x08003104       0xa8 build/stm32f1xx_ll_usb.o
                0x08003104                USB_EPClearStall
 .text.USB_SetDevAddress
                0x080031ac        0xc build/stm32f1xx_ll_usb.o
                0x080031ac                USB_SetDevAddress
 .text.USB_DevConnect
                0x080031b8        0x4 build/stm32f1xx_ll_usb.o
                0x080031b8                USB_DevConnect
 .text.USB_DevDisconnect
                0x080031bc        0x4 build/stm32f1xx_ll_usb.o
                0x080031bc                USB_DevDisconnect
 .text.USB_ReadInterrupts
                0x080031c0        0x8 build/stm32f1xx_ll_usb.o
                0x080031c0                USB_ReadInterrupts
 .text.USB_EP0_OutStart
                0x080031c8        0x4 build/stm32f1xx_ll_usb.o
                0x080031c8                USB_EP0_OutStart
 .text.USB_WritePMA
                0x080031cc       0x28 build/stm32f1xx_ll_usb.o
                0x080031cc                USB_WritePMA
 .text.USB_EPStartXfer
                0x080031f4      0x7ac build/stm32f1xx_ll_usb.o
                0x080031f4                USB_EPStartXfer
 .text.USB_ReadPMA
                0x080039a0       0x30 build/stm32f1xx_ll_usb.o
                0x080039a0                USB_ReadPMA
 .text.USBD_Init
                0x080039d0       0x48 build/usbd_core.o
                0x080039d0                USBD_Init
 .text.USBD_RegisterClass
                0x08003a18       0x2c build/usbd_core.o
                0x08003a18                USBD_RegisterClass
 .text.USBD_Start
                0x08003a44        0xc build/usbd_core.o
                0x08003a44                USBD_Start
 .text.USBD_SetClassConfig
                0x08003a50       0x1c build/usbd_core.o
                0x08003a50                USBD_SetClassConfig
 .text.USBD_ClrClassConfig
                0x08003a6c       0x10 build/usbd_core.o
                0x08003a6c                USBD_ClrClassConfig
 .text.USBD_LL_SetupStage
                0x08003a7c       0x5c build/usbd_core.o
                0x08003a7c                USBD_LL_SetupStage
 .text.USBD_LL_DataOutStage
                0x08003ad8       0x94 build/usbd_core.o
                0x08003ad8                USBD_LL_DataOutStage
 .text.USBD_LL_DataInStage
                0x08003b6c       0xd0 build/usbd_core.o
                0x08003b6c                USBD_LL_DataInStage
 .text.USBD_LL_Reset
                0x08003c3c       0x50 build/usbd_core.o
                0x08003c3c                USBD_LL_Reset
 .text.USBD_LL_SetSpeed
                0x08003c8c        0x8 build/usbd_core.o
                0x08003c8c                USBD_LL_SetSpeed
 .text.USBD_LL_Suspend
                0x08003c94       0x14 build/usbd_core.o
                0x08003c94                USBD_LL_Suspend
 .text.USBD_LL_Resume
                0x08003ca8       0x14 build/usbd_core.o
                0x08003ca8                USBD_LL_Resume
 .text.USBD_LL_SOF
                0x08003cbc       0x18 build/usbd_core.o
                0x08003cbc                USBD_LL_SOF
 .text.USBD_GetLen
                0x08003cd4       0x14 build/usbd_ctlreq.o
 .text.USBD_SetFeature
                0x08003ce8       0x14 build/usbd_ctlreq.o
 .text.USBD_ParseSetupRequest
                0x08003cfc       0x28 build/usbd_ctlreq.o
                0x08003cfc                USBD_ParseSetupRequest
 .text.USBD_CtlError
                0x08003d24       0x14 build/usbd_ctlreq.o
                0x08003d24                USBD_CtlError
 .text.USBD_GetDescriptor
                0x08003d38      0x1bc build/usbd_ctlreq.o
 .text.USBD_SetAddress
                0x08003ef4       0x50 build/usbd_ctlreq.o
 .text.USBD_SetConfig
                0x08003f44       0xb0 build/usbd_ctlreq.o
 .text.USBD_GetConfig
                0x08003ff4       0x40 build/usbd_ctlreq.o
 .text.USBD_GetStatus
                0x08004034       0x38 build/usbd_ctlreq.o
 .text.USBD_ClrFeature
                0x0800406c       0x24 build/usbd_ctlreq.o
 .text.USBD_StdDevReq
                0x08004090       0x6c build/usbd_ctlreq.o
                0x08004090                USBD_StdDevReq
 .text.USBD_StdItfReq
                0x080040fc       0x5c build/usbd_ctlreq.o
                0x080040fc                USBD_StdItfReq
 .text.USBD_StdEPReq
                0x08004158      0x214 build/usbd_ctlreq.o
                0x08004158                USBD_StdEPReq
 .text.USBD_GetString
                0x0800436c       0x38 build/usbd_ctlreq.o
                0x0800436c                USBD_GetString
 .text.USBD_CtlSendData
                0x080043a4       0x1c build/usbd_ioreq.o
                0x080043a4                USBD_CtlSendData
 .text.USBD_CtlContinueSendData
                0x080043c0       0x10 build/usbd_ioreq.o
                0x080043c0                USBD_CtlContinueSendData
 .text.USBD_CtlPrepareRx
                0x080043d0       0x20 build/usbd_ioreq.o
                0x080043d0                USBD_CtlPrepareRx
 .text.USBD_CtlContinueRx
                0x080043f0       0x10 build/usbd_ioreq.o
                0x080043f0                USBD_CtlContinueRx
 .text.USBD_CtlSendStatus
                0x08004400       0x18 build/usbd_ioreq.o
                0x08004400                USBD_CtlSendStatus
 .text.USBD_CtlReceiveStatus
                0x08004418       0x18 build/usbd_ioreq.o
                0x08004418                USBD_CtlReceiveStatus
 .text.USBD_CDC_EP0_RxReady
                0x08004430       0x28 build/usbd_cdc.o
 .text.USBD_CDC_GetFSCfgDesc
                0x08004458        0xc build/usbd_cdc.o
 .text.USBD_CDC_GetHSCfgDesc
                0x08004464        0xc build/usbd_cdc.o
 .text.USBD_CDC_GetOtherSpeedCfgDesc
                0x08004470        0xc build/usbd_cdc.o
 .text.USBD_CDC_GetDeviceQualifierDescriptor
                0x0800447c        0xc build/usbd_cdc.o
                0x0800447c                USBD_CDC_GetDeviceQualifierDescriptor
 .text.USBD_CDC_DataOut
                0x08004488       0x30 build/usbd_cdc.o
 .text.USBD_CDC_DataIn
                0x080044b8       0x50 build/usbd_cdc.o
 .text.USBD_CDC_Setup
                0x08004508       0xdc build/usbd_cdc.o
 .text.USBD_CDC_DeInit
                0x080045e4       0x44 build/usbd_cdc.o
 .text.USBD_CDC_Init
                0x08004628       0xac build/usbd_cdc.o
 .text.USBD_CDC_RegisterInterface
                0x080046d4       0x10 build/usbd_cdc.o
                0x080046d4                USBD_CDC_RegisterInterface
 .text.USBD_CDC_SetTxBuffer
                0x080046e4       0x10 build/usbd_cdc.o
                0x080046e4                USBD_CDC_SetTxBuffer
 .text.USBD_CDC_SetRxBuffer
                0x080046f4        0xc build/usbd_cdc.o
                0x080046f4                USBD_CDC_SetRxBuffer
 .text.USBD_CDC_ReceivePacket
                0x08004700       0x34 build/usbd_cdc.o
                0x08004700                USBD_CDC_ReceivePacket
 .text.MX_GPIO_Init
                0x08004734       0xd4 build/gpio.o
                0x08004734                MX_GPIO_Init
 .text.RTC_First_Init
                0x08004808       0x68 build/rtc.o
                0x08004808                RTC_First_Init
 .text.MX_RTC_Init
                0x08004870       0x48 build/rtc.o
                0x08004870                MX_RTC_Init
 .text.HAL_RTC_MspInit
                0x080048b8       0x50 build/rtc.o
                0x080048b8                HAL_RTC_MspInit
 .text.MX_TIM2_Init
                0x08004908       0x5c build/tim.o
                0x08004908                MX_TIM2_Init
 .text.MX_TIM3_Init
                0x08004964       0x60 build/tim.o
                0x08004964                MX_TIM3_Init
 .text.MX_TIM4_Init
                0x080049c4       0x60 build/tim.o
                0x080049c4                MX_TIM4_Init
 .text.MX_TIM5_Init
                0x08004a24       0x60 build/tim.o
                0x08004a24                MX_TIM5_Init
 .text.HAL_TIM_Encoder_MspInit
                0x08004a84      0x16c build/tim.o
                0x08004a84                HAL_TIM_Encoder_MspInit
 .text.MX_ADC1_Init
                0x08004bf0       0x58 build/adc.o
                0x08004bf0                MX_ADC1_Init
 .text.MX_ADC2_Init
                0x08004c48       0x58 build/adc.o
                0x08004c48                MX_ADC2_Init
 .text.MX_ADC3_Init
                0x08004ca0       0x58 build/adc.o
                0x08004ca0                MX_ADC3_Init
 .text.HAL_ADC_MspInit
                0x08004cf8       0xe4 build/adc.o
                0x08004cf8                HAL_ADC_MspInit
 .text.HAL_ADC_ConfigChannel
                0x08004ddc      0x138 build/stm32f1xx_hal_adc.o
                0x08004ddc                HAL_ADC_ConfigChannel
 .text.ADC_ConversionStop_Disable
                0x08004f14       0x50 build/stm32f1xx_hal_adc.o
                0x08004f14                ADC_ConversionStop_Disable
 .text.HAL_ADC_Init
                0x08004f64      0x128 build/stm32f1xx_hal_adc.o
                0x08004f64                HAL_ADC_Init
 .text.Reset_Handler
                0x0800508c       0x48 build/startup_stm32f103xe.o
                0x0800508c                Reset_Handler
 .text.Default_Handler
                0x080050d4        0x2 build/startup_stm32f103xe.o
                0x080050d4                RTC_Alarm_IRQHandler
                0x080050d4                EXTI2_IRQHandler
                0x080050d4                TIM8_TRG_COM_IRQHandler
                0x080050d4                TIM8_CC_IRQHandler
                0x080050d4                TIM1_CC_IRQHandler
                0x080050d4                TIM6_IRQHandler
                0x080050d4                PVD_IRQHandler
                0x080050d4                SDIO_IRQHandler
                0x080050d4                EXTI3_IRQHandler
                0x080050d4                EXTI0_IRQHandler
                0x080050d4                I2C2_EV_IRQHandler
                0x080050d4                ADC1_2_IRQHandler
                0x080050d4                SPI1_IRQHandler
                0x080050d4                TAMPER_IRQHandler
                0x080050d4                TIM8_UP_IRQHandler
                0x080050d4                DMA2_Channel2_IRQHandler
                0x080050d4                DMA1_Channel4_IRQHandler
                0x080050d4                USART3_IRQHandler
                0x080050d4                DMA1_Channel7_IRQHandler
                0x080050d4                CAN1_RX1_IRQHandler
                0x080050d4                UART5_IRQHandler
                0x080050d4                ADC3_IRQHandler
                0x080050d4                TIM4_IRQHandler
                0x080050d4                DMA2_Channel1_IRQHandler
                0x080050d4                I2C1_EV_IRQHandler
                0x080050d4                DMA1_Channel6_IRQHandler
                0x080050d4                UART4_IRQHandler
                0x080050d4                TIM3_IRQHandler
                0x080050d4                RCC_IRQHandler
                0x080050d4                TIM1_TRG_COM_IRQHandler
                0x080050d4                DMA1_Channel1_IRQHandler
                0x080050d4                Default_Handler
                0x080050d4                EXTI15_10_IRQHandler
                0x080050d4                TIM7_IRQHandler
                0x080050d4                TIM5_IRQHandler
                0x080050d4                EXTI9_5_IRQHandler
                0x080050d4                SPI2_IRQHandler
                0x080050d4                DMA1_Channel5_IRQHandler
                0x080050d4                EXTI4_IRQHandler
                0x080050d4                USB_HP_CAN1_TX_IRQHandler
                0x080050d4                DMA1_Channel3_IRQHandler
                0x080050d4                FSMC_IRQHandler
                0x080050d4                TIM1_UP_IRQHandler
                0x080050d4                WWDG_IRQHandler
                0x080050d4                TIM2_IRQHandler
                0x080050d4                TIM1_BRK_IRQHandler
                0x080050d4                EXTI1_IRQHandler
                0x080050d4                DMA2_Channel4_5_IRQHandler
                0x080050d4                USART2_IRQHandler
                0x080050d4                I2C2_ER_IRQHandler
                0x080050d4                DMA1_Channel2_IRQHandler
                0x080050d4                TIM8_BRK_IRQHandler
                0x080050d4                CAN1_SCE_IRQHandler
                0x080050d4                FLASH_IRQHandler
                0x080050d4                USART1_IRQHandler
                0x080050d4                SPI3_IRQHandler
                0x080050d4                I2C1_ER_IRQHandler
                0x080050d4                USBWakeUp_IRQHandler
                0x080050d4                DMA2_Channel3_IRQHandler
 *fill*         0x080050d6        0x2 
 .text.__libc_init_array
                0x080050d8       0x4c d:/devtools/gcc-arm/bin/../lib/gcc/arm-none-eabi/5.4.1/../../../../arm-none-eabi/lib/armv7-m\libc_nano.a(lib_a-init.o)
                0x080050d8                __libc_init_array
 .text.memset   0x08005124       0x10 d:/devtools/gcc-arm/bin/../lib/gcc/arm-none-eabi/5.4.1/../../../../arm-none-eabi/lib/armv7-m\libc_nano.a(lib_a-memset.o)
                0x08005124                memset
 .text.printf   0x08005134       0x30 d:/devtools/gcc-arm/bin/../lib/gcc/arm-none-eabi/5.4.1/../../../../arm-none-eabi/lib/armv7-m\libc_nano.a(lib_a-printf.o)
                0x08005134                iprintf
                0x08005134                printf
 .text.putchar  0x08005164       0x28 d:/devtools/gcc-arm/bin/../lib/gcc/arm-none-eabi/5.4.1/../../../../arm-none-eabi/lib/armv7-m\libc_nano.a(lib_a-putchar.o)
                0x08005164                putchar
 .text._cleanup_r
                0x0800518c        0xc d:/devtools/gcc-arm/bin/../lib/gcc/arm-none-eabi/5.4.1/../../../../arm-none-eabi/lib/armv7-m\libc_nano.a(lib_a-findfp.o)
                0x0800518c                _cleanup_r
 .text.std.isra.0
                0x08005198       0x48 d:/devtools/gcc-arm/bin/../lib/gcc/arm-none-eabi/5.4.1/../../../../arm-none-eabi/lib/armv7-m\libc_nano.a(lib_a-findfp.o)
 .text.__sfmoreglue
                0x080051e0       0x2c d:/devtools/gcc-arm/bin/../lib/gcc/arm-none-eabi/5.4.1/../../../../arm-none-eabi/lib/armv7-m\libc_nano.a(lib_a-findfp.o)
                0x080051e0                __sfmoreglue
 .text.__sinit  0x0800520c       0x60 d:/devtools/gcc-arm/bin/../lib/gcc/arm-none-eabi/5.4.1/../../../../arm-none-eabi/lib/armv7-m\libc_nano.a(lib_a-findfp.o)
                0x0800520c                __sinit
 .text.__sfp    0x0800526c       0x78 d:/devtools/gcc-arm/bin/../lib/gcc/arm-none-eabi/5.4.1/../../../../arm-none-eabi/lib/armv7-m\libc_nano.a(lib_a-findfp.o)
                0x0800526c                __sfp
 .text._fwalk_reent
                0x080052e4       0x3c d:/devtools/gcc-arm/bin/../lib/gcc/arm-none-eabi/5.4.1/../../../../arm-none-eabi/lib/armv7-m\libc_nano.a(lib_a-fwalk.o)
                0x080052e4                _fwalk_reent
 .text._malloc_r
                0x08005320       0xbc d:/devtools/gcc-arm/bin/../lib/gcc/arm-none-eabi/5.4.1/../../../../arm-none-eabi/lib/armv7-m\libc_nano.a(lib_a-nano-mallocr.o)
                0x08005320                _malloc_r
 .text.__sfputc_r
                0x080053dc       0x2c d:/devtools/gcc-arm/bin/../lib/gcc/arm-none-eabi/5.4.1/../../../../arm-none-eabi/lib/armv7-m\libc_nano.a(lib_a-nano-vfprintf.o)
 .text.__sfputs_r
                0x08005408       0x24 d:/devtools/gcc-arm/bin/../lib/gcc/arm-none-eabi/5.4.1/../../../../arm-none-eabi/lib/armv7-m\libc_nano.a(lib_a-nano-vfprintf.o)
                0x08005408                __sfputs_r
 .text._vfprintf_r
                0x0800542c      0x238 d:/devtools/gcc-arm/bin/../lib/gcc/arm-none-eabi/5.4.1/../../../../arm-none-eabi/lib/armv7-m\libc_nano.a(lib_a-nano-vfprintf.o)
                0x0800542c                _vfprintf_r
                0x0800542c                _vfiprintf_r
 .text._printf_common
                0x08005664       0xec d:/devtools/gcc-arm/bin/../lib/gcc/arm-none-eabi/5.4.1/../../../../arm-none-eabi/lib/armv7-m\libc_nano.a(lib_a-nano-vfprintf_i.o)
                0x08005664                _printf_common
 .text._printf_i
                0x08005750      0x24c d:/devtools/gcc-arm/bin/../lib/gcc/arm-none-eabi/5.4.1/../../../../arm-none-eabi/lib/armv7-m\libc_nano.a(lib_a-nano-vfprintf_i.o)
                0x08005750                _printf_i
 .text._putc_r  0x0800599c       0x6c d:/devtools/gcc-arm/bin/../lib/gcc/arm-none-eabi/5.4.1/../../../../arm-none-eabi/lib/armv7-m\libc_nano.a(lib_a-putc.o)
                0x0800599c                _putc_r
 .text._sbrk_r  0x08005a08       0x20 d:/devtools/gcc-arm/bin/../lib/gcc/arm-none-eabi/5.4.1/../../../../arm-none-eabi/lib/armv7-m\libc_nano.a(lib_a-sbrkr.o)
                0x08005a08                _sbrk_r
 .text.__sread  0x08005a28       0x22 d:/devtools/gcc-arm/bin/../lib/gcc/arm-none-eabi/5.4.1/../../../../arm-none-eabi/lib/armv7-m\libc_nano.a(lib_a-stdio.o)
                0x08005a28                __sread
 .text.__swrite
                0x08005a4a       0x38 d:/devtools/gcc-arm/bin/../lib/gcc/arm-none-eabi/5.4.1/../../../../arm-none-eabi/lib/armv7-m\libc_nano.a(lib_a-stdio.o)
                0x08005a4a                __swrite
 .text.__sseek  0x08005a82       0x24 d:/devtools/gcc-arm/bin/../lib/gcc/arm-none-eabi/5.4.1/../../../../arm-none-eabi/lib/armv7-m\libc_nano.a(lib_a-stdio.o)
                0x08005a82                __sseek
 .text.__sclose
                0x08005aa6        0x8 d:/devtools/gcc-arm/bin/../lib/gcc/arm-none-eabi/5.4.1/../../../../arm-none-eabi/lib/armv7-m\libc_nano.a(lib_a-stdio.o)
                0x08005aa6                __sclose
 *fill*         0x08005aae        0x2 
 .text.__swbuf_r
                0x08005ab0       0xa8 d:/devtools/gcc-arm/bin/../lib/gcc/arm-none-eabi/5.4.1/../../../../arm-none-eabi/lib/armv7-m\libc_nano.a(lib_a-wbuf.o)
                0x08005ab0                __swbuf_r
 .text._write_r
                0x08005b58       0x24 d:/devtools/gcc-arm/bin/../lib/gcc/arm-none-eabi/5.4.1/../../../../arm-none-eabi/lib/armv7-m\libc_nano.a(lib_a-writer.o)
                0x08005b58                _write_r
 .text.__swsetup_r
                0x08005b7c       0xdc d:/devtools/gcc-arm/bin/../lib/gcc/arm-none-eabi/5.4.1/../../../../arm-none-eabi/lib/armv7-m\libc_nano.a(lib_a-wsetup.o)
                0x08005b7c                __swsetup_r
 .text._close_r
                0x08005c58       0x20 d:/devtools/gcc-arm/bin/../lib/gcc/arm-none-eabi/5.4.1/../../../../arm-none-eabi/lib/armv7-m\libc_nano.a(lib_a-closer.o)
                0x08005c58                _close_r
 .text.__sflush_r
                0x08005c78      0x10c d:/devtools/gcc-arm/bin/../lib/gcc/arm-none-eabi/5.4.1/../../../../arm-none-eabi/lib/armv7-m\libc_nano.a(lib_a-fflush.o)
                0x08005c78                __sflush_r
 .text._fflush_r
                0x08005d84       0x54 d:/devtools/gcc-arm/bin/../lib/gcc/arm-none-eabi/5.4.1/../../../../arm-none-eabi/lib/armv7-m\libc_nano.a(lib_a-fflush.o)
                0x08005d84                _fflush_r
 .text._lseek_r
                0x08005dd8       0x24 d:/devtools/gcc-arm/bin/../lib/gcc/arm-none-eabi/5.4.1/../../../../arm-none-eabi/lib/armv7-m\libc_nano.a(lib_a-lseekr.o)
                0x08005dd8                _lseek_r
 .text.__swhatbuf_r
                0x08005dfc       0x46 d:/devtools/gcc-arm/bin/../lib/gcc/arm-none-eabi/5.4.1/../../../../arm-none-eabi/lib/armv7-m\libc_nano.a(lib_a-makebuf.o)
                0x08005dfc                __swhatbuf_r
 *fill*         0x08005e42        0x2 
 .text.__smakebuf_r
                0x08005e44       0x78 d:/devtools/gcc-arm/bin/../lib/gcc/arm-none-eabi/5.4.1/../../../../arm-none-eabi/lib/armv7-m\libc_nano.a(lib_a-makebuf.o)
                0x08005e44                __smakebuf_r
 .text.memchr   0x08005ebc       0x1c d:/devtools/gcc-arm/bin/../lib/gcc/arm-none-eabi/5.4.1/../../../../arm-none-eabi/lib/armv7-m\libc_nano.a(lib_a-memchr-stub.o)
                0x08005ebc                memchr
 .text.__malloc_lock
                0x08005ed8        0x2 d:/devtools/gcc-arm/bin/../lib/gcc/arm-none-eabi/5.4.1/../../../../arm-none-eabi/lib/armv7-m\libc_nano.a(lib_a-mlock.o)
                0x08005ed8                __malloc_lock
 .text.__malloc_unlock
                0x08005eda        0x2 d:/devtools/gcc-arm/bin/../lib/gcc/arm-none-eabi/5.4.1/../../../../arm-none-eabi/lib/armv7-m\libc_nano.a(lib_a-mlock.o)
                0x08005eda                __malloc_unlock
 .text._free_r  0x08005edc       0x98 d:/devtools/gcc-arm/bin/../lib/gcc/arm-none-eabi/5.4.1/../../../../arm-none-eabi/lib/armv7-m\libc_nano.a(lib_a-nano-freer.o)
                0x08005edc                _free_r
 .text._read_r  0x08005f74       0x24 d:/devtools/gcc-arm/bin/../lib/gcc/arm-none-eabi/5.4.1/../../../../arm-none-eabi/lib/armv7-m\libc_nano.a(lib_a-readr.o)
                0x08005f74                _read_r
 .text._fstat_r
                0x08005f98       0x24 d:/devtools/gcc-arm/bin/../lib/gcc/arm-none-eabi/5.4.1/../../../../arm-none-eabi/lib/armv7-m\libc_nano.a(lib_a-fstatr.o)
                0x08005f98                _fstat_r
 .text._isatty_r
                0x08005fbc       0x20 d:/devtools/gcc-arm/bin/../lib/gcc/arm-none-eabi/5.4.1/../../../../arm-none-eabi/lib/armv7-m\libc_nano.a(lib_a-isattyr.o)
                0x08005fbc                _isatty_r
 .text._close   0x08005fdc       0x10 d:/devtools/gcc-arm/bin/../lib/gcc/arm-none-eabi/5.4.1/../../../../arm-none-eabi/lib/armv7-m\libnosys.a(close.o)
                0x08005fdc                _close
 .text._fstat   0x08005fec       0x10 d:/devtools/gcc-arm/bin/../lib/gcc/arm-none-eabi/5.4.1/../../../../arm-none-eabi/lib/armv7-m\libnosys.a(fstat.o)
                0x08005fec                _fstat
 .text._isatty  0x08005ffc       0x10 d:/devtools/gcc-arm/bin/../lib/gcc/arm-none-eabi/5.4.1/../../../../arm-none-eabi/lib/armv7-m\libnosys.a(isatty.o)
                0x08005ffc                _isatty
 .text._lseek   0x0800600c       0x10 d:/devtools/gcc-arm/bin/../lib/gcc/arm-none-eabi/5.4.1/../../../../arm-none-eabi/lib/armv7-m\libnosys.a(lseek.o)
                0x0800600c                _lseek
 .text._read    0x0800601c       0x10 d:/devtools/gcc-arm/bin/../lib/gcc/arm-none-eabi/5.4.1/../../../../arm-none-eabi/lib/armv7-m\libnosys.a(read.o)
                0x0800601c                _read
 .text._sbrk    0x0800602c       0x1c d:/devtools/gcc-arm/bin/../lib/gcc/arm-none-eabi/5.4.1/../../../../arm-none-eabi/lib/armv7-m\libnosys.a(sbrk.o)
                0x0800602c                _sbrk
 .text._write   0x08006048       0x10 d:/devtools/gcc-arm/bin/../lib/gcc/arm-none-eabi/5.4.1/../../../../arm-none-eabi/lib/armv7-m\libnosys.a(write.o)
                0x08006048                _write
 *(.glue_7)
 .glue_7        0x08006058        0x0 linker stubs
 *(.glue_7t)
 .glue_7t       0x08006058        0x0 linker stubs
 *(.eh_frame)
 .eh_frame      0x08006058        0x0 d:/devtools/gcc-arm/bin/../lib/gcc/arm-none-eabi/5.4.1/armv7-m/crtbegin.o
 *(.init)
 .init          0x08006058        0x4 d:/devtools/gcc-arm/bin/../lib/gcc/arm-none-eabi/5.4.1/armv7-m/crti.o
                0x08006058                _init
 .init          0x0800605c        0x8 d:/devtools/gcc-arm/bin/../lib/gcc/arm-none-eabi/5.4.1/armv7-m/crtn.o
 *(.fini)
 .fini          0x08006064        0x4 d:/devtools/gcc-arm/bin/../lib/gcc/arm-none-eabi/5.4.1/armv7-m/crti.o
                0x08006064                _fini
 .fini          0x08006068        0x8 d:/devtools/gcc-arm/bin/../lib/gcc/arm-none-eabi/5.4.1/armv7-m/crtn.o
                0x08006070                . = ALIGN (0x4)
                0x08006070                _etext = .

.vfp11_veneer   0x08006070        0x0
 .vfp11_veneer  0x08006070        0x0 linker stubs

.v4_bx          0x08006070        0x0
 .v4_bx         0x08006070        0x0 linker stubs

.iplt           0x08006070        0x0
 .iplt          0x08006070        0x0 d:/devtools/gcc-arm/bin/../lib/gcc/arm-none-eabi/5.4.1/armv7-m/crtbegin.o

.rodata         0x08006070      0x158
                0x08006070                . = ALIGN (0x4)
 *(.rodata)
 .rodata        0x08006070       0x12 build/stm32f1xx_hal_rcc.o
 *fill*         0x08006082        0x2 
 .rodata        0x08006084       0x12 build/stm32f1xx_hal_rcc_ex.o
 *(.rodata*)
 *fill*         0x08006096        0x2 
 .rodata.AHBPrescTable
                0x08006098       0x10 build/system_stm32f1xx.o
                0x08006098                AHBPrescTable
 .rodata.APBPrescTable
                0x080060a8        0x8 build/system_stm32f1xx.o
                0x080060a8                APBPrescTable
 .rodata.str1.4
                0x080060b0       0x46 build/usbd_desc.o
 *fill*         0x080060f6        0x2 
 .rodata.str1.4
                0x080060f8       0x38 build/usbd_core.o
                                 0x35 (size before relaxing)
 .rodata._global_impure_ptr
                0x08006130        0x4 d:/devtools/gcc-arm/bin/../lib/gcc/arm-none-eabi/5.4.1/../../../../arm-none-eabi/lib/armv7-m\libc_nano.a(lib_a-impure.o)
                0x08006130                _global_impure_ptr
 .rodata.__sf_fake_stdin
                0x08006134       0x20 d:/devtools/gcc-arm/bin/../lib/gcc/arm-none-eabi/5.4.1/../../../../arm-none-eabi/lib/armv7-m\libc_nano.a(lib_a-findfp.o)
                0x08006134                __sf_fake_stdin
 .rodata.__sf_fake_stdout
                0x08006154       0x20 d:/devtools/gcc-arm/bin/../lib/gcc/arm-none-eabi/5.4.1/../../../../arm-none-eabi/lib/armv7-m\libc_nano.a(lib_a-findfp.o)
                0x08006154                __sf_fake_stdout
 .rodata.__sf_fake_stderr
                0x08006174       0x20 d:/devtools/gcc-arm/bin/../lib/gcc/arm-none-eabi/5.4.1/../../../../arm-none-eabi/lib/armv7-m\libc_nano.a(lib_a-findfp.o)
                0x08006174                __sf_fake_stderr
 .rodata.str1.1
                0x08006194       0x11 d:/devtools/gcc-arm/bin/../lib/gcc/arm-none-eabi/5.4.1/../../../../arm-none-eabi/lib/armv7-m\libc_nano.a(lib_a-nano-vfprintf.o)
 .rodata.str1.1
                0x080061a5       0x22 d:/devtools/gcc-arm/bin/../lib/gcc/arm-none-eabi/5.4.1/../../../../arm-none-eabi/lib/armv7-m\libc_nano.a(lib_a-nano-vfprintf_i.o)
                0x080061c8                . = ALIGN (0x4)
 *fill*         0x080061c7        0x1 

.rel.dyn        0x080061c8        0x0
 .rel.iplt      0x080061c8        0x0 d:/devtools/gcc-arm/bin/../lib/gcc/arm-none-eabi/5.4.1/armv7-m/crtbegin.o

.ARM.extab
 *(.ARM.extab* .gnu.linkonce.armextab.*)

.ARM            0x080061c8        0x0
                0x080061c8                __exidx_start = .
 *(.ARM.exidx*)
                0x080061c8                __exidx_end = .

.preinit_array  0x080061c8        0x0
                0x080061c8                PROVIDE (__preinit_array_start, .)
 *(.preinit_array*)
                0x080061c8                PROVIDE (__preinit_array_end, .)

.init_array     0x080061c8        0x4
                0x080061c8                PROVIDE (__init_array_start, .)
 *(SORT(.init_array.*))
 *(.init_array*)
 .init_array    0x080061c8        0x4 d:/devtools/gcc-arm/bin/../lib/gcc/arm-none-eabi/5.4.1/armv7-m/crtbegin.o
                0x080061cc                PROVIDE (__init_array_end, .)

.fini_array     0x080061cc        0x4
                [!provide]                PROVIDE (__fini_array_start, .)
 *(SORT(.fini_array.*))
 *(.fini_array*)
 .fini_array    0x080061cc        0x4 d:/devtools/gcc-arm/bin/../lib/gcc/arm-none-eabi/5.4.1/armv7-m/crtbegin.o
                [!provide]                PROVIDE (__fini_array_end, .)
                0x080061d0                _sidata = LOADADDR (.data)

.data           0x20000000      0x1e0 load address 0x080061d0
                0x20000000                . = ALIGN (0x4)
                0x20000000                _sdata = .
 *(.data)
 *(.data*)
 .data.uwTickPrio
                0x20000000        0x4 build/stm32f1xx_hal.o
                0x20000000                uwTickPrio
 .data.uwTickFreq
                0x20000004        0x1 build/stm32f1xx_hal.o
                0x20000004                uwTickFreq
 *fill*         0x20000005        0x3 
 .data.SystemCoreClock
                0x20000008        0x4 build/system_stm32f1xx.o
                0x20000008                SystemCoreClock
 .data.FS_Desc  0x2000000c       0x1c build/usbd_desc.o
                0x2000000c                FS_Desc
 .data.USBD_LangIDDesc
                0x20000028        0x4 build/usbd_desc.o
                0x20000028                USBD_LangIDDesc
 .data.USBD_StringSerial
                0x2000002c       0x1a build/usbd_desc.o
                0x2000002c                USBD_StringSerial
 *fill*         0x20000046        0x2 
 .data.USBD_FS_DeviceDesc
                0x20000048       0x12 build/usbd_desc.o
                0x20000048                USBD_FS_DeviceDesc
 *fill*         0x2000005a        0x2 
 .data.USBD_Interface_fops_FS
                0x2000005c       0x10 build/usbd_cdc_if.o
                0x2000005c                USBD_Interface_fops_FS
 .data.USBD_CDC_CfgFSDesc
                0x2000006c       0x43 build/usbd_cdc.o
                0x2000006c                USBD_CDC_CfgFSDesc
 *fill*         0x200000af        0x1 
 .data.USBD_CDC
                0x200000b0       0x38 build/usbd_cdc.o
                0x200000b0                USBD_CDC
 .data.USBD_CDC_DeviceQualifierDesc
                0x200000e8        0xa build/usbd_cdc.o
 *fill*         0x200000f2        0x2 
 .data.USBD_CDC_OtherSpeedCfgDesc
                0x200000f4       0x43 build/usbd_cdc.o
                0x200000f4                USBD_CDC_OtherSpeedCfgDesc
 *fill*         0x20000137        0x1 
 .data.USBD_CDC_CfgHSDesc
                0x20000138       0x43 build/usbd_cdc.o
                0x20000138                USBD_CDC_CfgHSDesc
 *fill*         0x2000017b        0x1 
 .data.impure_data
                0x2000017c       0x60 d:/devtools/gcc-arm/bin/../lib/gcc/arm-none-eabi/5.4.1/../../../../arm-none-eabi/lib/armv7-m\libc_nano.a(lib_a-impure.o)
 .data._impure_ptr
                0x200001dc        0x4 d:/devtools/gcc-arm/bin/../lib/gcc/arm-none-eabi/5.4.1/../../../../arm-none-eabi/lib/armv7-m\libc_nano.a(lib_a-impure.o)
                0x200001dc                _impure_ptr
                0x200001e0                . = ALIGN (0x4)
                0x200001e0                _edata = .

.jcr            0x200001e0        0x0 load address 0x080063b0
 .jcr           0x200001e0        0x0 d:/devtools/gcc-arm/bin/../lib/gcc/arm-none-eabi/5.4.1/armv7-m/crtbegin.o

.igot.plt       0x200001e0        0x0 load address 0x080063b0
 .igot.plt      0x200001e0        0x0 d:/devtools/gcc-arm/bin/../lib/gcc/arm-none-eabi/5.4.1/armv7-m/crtbegin.o
                0x200001e0                . = ALIGN (0x4)

.bss            0x200001e0     0x1378 load address 0x080063b0
                0x200001e0                _sbss = .
                0x200001e0                __bss_start__ = _sbss
 *(.bss)
 .bss           0x200001e0       0x1c d:/devtools/gcc-arm/bin/../lib/gcc/arm-none-eabi/5.4.1/armv7-m/crtbegin.o
 *(.bss*)
 .bss.mem.8554  0x200001fc      0x220 build/usbd_conf.o
 .bss.cfgidx.8486
                0x2000041c        0x1 build/usbd_ctlreq.o
 *fill*         0x2000041d        0x3 
 .bss.__malloc_sbrk_start
                0x20000420        0x4 d:/devtools/gcc-arm/bin/../lib/gcc/arm-none-eabi/5.4.1/../../../../arm-none-eabi/lib/armv7-m\libc_nano.a(lib_a-nano-mallocr.o)
                0x20000420                __malloc_sbrk_start
 .bss.__malloc_free_list
                0x20000424        0x4 d:/devtools/gcc-arm/bin/../lib/gcc/arm-none-eabi/5.4.1/../../../../arm-none-eabi/lib/armv7-m\libc_nano.a(lib_a-nano-mallocr.o)
                0x20000424                __malloc_free_list
 .bss.heap_end.4167
                0x20000428        0x4 d:/devtools/gcc-arm/bin/../lib/gcc/arm-none-eabi/5.4.1/../../../../arm-none-eabi/lib/armv7-m\libnosys.a(sbrk.o)
 *(COMMON)
 COMMON         0x2000042c        0x4 build/stm32f1xx_hal.o
                0x2000042c                uwTick
 COMMON         0x20000430      0x2c4 build/usb_device.o
                0x20000430                hUsbDeviceFS
 COMMON         0x200006f4      0x200 build/usbd_desc.o
                0x200006f4                USBD_StrDesc
 COMMON         0x200008f4      0x7d0 build/usbd_cdc_if.o
                0x200008f4                UserRxBufferFS
                0x20000cdc                UserTxBufferFS
 COMMON         0x200010c4      0x2ec build/usbd_conf.o
                0x200010c4                hpcd_USB_FS
 COMMON         0x200013b0       0x14 build/rtc.o
                0x200013b0                hrtc
 COMMON         0x200013c4      0x100 build/tim.o
                0x200013c4                htim4
                0x20001404                htim5
                0x20001444                htim3
                0x20001484                htim2
 COMMON         0x200014c4       0x90 build/adc.o
                0x200014c4                hadc2
                0x200014f4                hadc1
                0x20001524                hadc3
 COMMON         0x20001554        0x4 d:/devtools/gcc-arm/bin/../lib/gcc/arm-none-eabi/5.4.1/../../../../arm-none-eabi/lib/armv7-m\libc_nano.a(lib_a-reent.o)
                0x20001554                errno
                0x20001558                . = ALIGN (0x4)
                0x20001558                _ebss = .
                0x20001558                __bss_end__ = _ebss

._user_heap_stack
                0x20001558      0x600 load address 0x080063b0
                0x20001558                . = ALIGN (0x8)
                0x20001558                PROVIDE (end, .)
                [!provide]                PROVIDE (_end, .)
                0x20001758                . = (. + _Min_Heap_Size)
 *fill*         0x20001558      0x200 
                0x20001b58                . = (. + _Min_Stack_Size)
 *fill*         0x20001758      0x400 
                0x20001b58                . = ALIGN (0x8)

/DISCARD/
 libc.a(*)
 libm.a(*)
 libgcc.a(*)

.ARM.attributes
                0x00000000       0x29
 *(.ARM.attributes)
 .ARM.attributes
                0x00000000       0x1d d:/devtools/gcc-arm/bin/../lib/gcc/arm-none-eabi/5.4.1/armv7-m/crti.o
 .ARM.attributes
                0x0000001d       0x2d d:/devtools/gcc-arm/bin/../lib/gcc/arm-none-eabi/5.4.1/armv7-m/crtbegin.o
 .ARM.attributes
                0x0000004a       0x33 build/main.o
 .ARM.attributes
                0x0000007d       0x33 build/stm32f1xx_it.o
 .ARM.attributes
                0x000000b0       0x33 build/stm32f1xx_hal_msp.o
 .ARM.attributes
                0x000000e3       0x33 build/stm32f1xx_hal_tim.o
 .ARM.attributes
                0x00000116       0x33 build/stm32f1xx_hal_tim_ex.o
 .ARM.attributes
                0x00000149       0x33 build/stm32f1xx_hal.o
 .ARM.attributes
                0x0000017c       0x33 build/stm32f1xx_hal_rcc.o
 .ARM.attributes
                0x000001af       0x33 build/stm32f1xx_hal_rcc_ex.o
 .ARM.attributes
                0x000001e2       0x33 build/stm32f1xx_hal_gpio.o
 .ARM.attributes
                0x00000215       0x33 build/stm32f1xx_hal_cortex.o
 .ARM.attributes
                0x00000248       0x33 build/stm32f1xx_hal_pwr.o
 .ARM.attributes
                0x0000027b       0x33 build/system_stm32f1xx.o
 .ARM.attributes
                0x000002ae       0x33 build/stm32f1xx_hal_rtc.o
 .ARM.attributes
                0x000002e1       0x33 build/stm32f1xx_hal_rtc_ex.o
 .ARM.attributes
                0x00000314       0x33 build/usb_device.o
 .ARM.attributes
                0x00000347       0x33 build/usbd_desc.o
 .ARM.attributes
                0x0000037a       0x33 build/usbd_cdc_if.o
 .ARM.attributes
                0x000003ad       0x33 build/usbd_conf.o
 .ARM.attributes
                0x000003e0       0x33 build/stm32f1xx_hal_pcd.o
 .ARM.attributes
                0x00000413       0x33 build/stm32f1xx_hal_pcd_ex.o
 .ARM.attributes
                0x00000446       0x33 build/stm32f1xx_ll_usb.o
 .ARM.attributes
                0x00000479       0x33 build/usbd_core.o
 .ARM.attributes
                0x000004ac       0x33 build/usbd_ctlreq.o
 .ARM.attributes
                0x000004df       0x33 build/usbd_ioreq.o
 .ARM.attributes
                0x00000512       0x33 build/usbd_cdc.o
 .ARM.attributes
                0x00000545       0x33 build/gpio.o
 .ARM.attributes
                0x00000578       0x33 build/rtc.o
 .ARM.attributes
                0x000005ab       0x33 build/tim.o
 .ARM.attributes
                0x000005de       0x33 build/adc.o
 .ARM.attributes
                0x00000611       0x33 build/stm32f1xx_hal_adc.o
 .ARM.attributes
                0x00000644       0x21 build/startup_stm32f103xe.o
 .ARM.attributes
                0x00000665       0x2d d:/devtools/gcc-arm/bin/../lib/gcc/arm-none-eabi/5.4.1/../../../../arm-none-eabi/lib/armv7-m\libc_nano.a(lib_a-impure.o)
 .ARM.attributes
                0x00000692       0x2d d:/devtools/gcc-arm/bin/../lib/gcc/arm-none-eabi/5.4.1/../../../../arm-none-eabi/lib/armv7-m\libc_nano.a(lib_a-init.o)
 .ARM.attributes
                0x000006bf       0x2d d:/devtools/gcc-arm/bin/../lib/gcc/arm-none-eabi/5.4.1/../../../../arm-none-eabi/lib/armv7-m\libc_nano.a(lib_a-memset.o)
 .ARM.attributes
                0x000006ec       0x2d d:/devtools/gcc-arm/bin/../lib/gcc/arm-none-eabi/5.4.1/../../../../arm-none-eabi/lib/armv7-m\libc_nano.a(lib_a-printf.o)
 .ARM.attributes
                0x00000719       0x2d d:/devtools/gcc-arm/bin/../lib/gcc/arm-none-eabi/5.4.1/../../../../arm-none-eabi/lib/armv7-m\libc_nano.a(lib_a-putchar.o)
 .ARM.attributes
                0x00000746       0x2d d:/devtools/gcc-arm/bin/../lib/gcc/arm-none-eabi/5.4.1/../../../../arm-none-eabi/lib/armv7-m\libc_nano.a(lib_a-findfp.o)
 .ARM.attributes
                0x00000773       0x2d d:/devtools/gcc-arm/bin/../lib/gcc/arm-none-eabi/5.4.1/../../../../arm-none-eabi/lib/armv7-m\libc_nano.a(lib_a-fwalk.o)
 .ARM.attributes
                0x000007a0       0x2d d:/devtools/gcc-arm/bin/../lib/gcc/arm-none-eabi/5.4.1/../../../../arm-none-eabi/lib/armv7-m\libc_nano.a(lib_a-nano-mallocr.o)
 .ARM.attributes
                0x000007cd       0x2d d:/devtools/gcc-arm/bin/../lib/gcc/arm-none-eabi/5.4.1/../../../../arm-none-eabi/lib/armv7-m\libc_nano.a(lib_a-nano-vfprintf.o)
 .ARM.attributes
                0x000007fa       0x2d d:/devtools/gcc-arm/bin/../lib/gcc/arm-none-eabi/5.4.1/../../../../arm-none-eabi/lib/armv7-m\libc_nano.a(lib_a-nano-vfprintf_i.o)
 .ARM.attributes
                0x00000827       0x2d d:/devtools/gcc-arm/bin/../lib/gcc/arm-none-eabi/5.4.1/../../../../arm-none-eabi/lib/armv7-m\libc_nano.a(lib_a-putc.o)
 .ARM.attributes
                0x00000854       0x2d d:/devtools/gcc-arm/bin/../lib/gcc/arm-none-eabi/5.4.1/../../../../arm-none-eabi/lib/armv7-m\libc_nano.a(lib_a-sbrkr.o)
 .ARM.attributes
                0x00000881       0x2d d:/devtools/gcc-arm/bin/../lib/gcc/arm-none-eabi/5.4.1/../../../../arm-none-eabi/lib/armv7-m\libc_nano.a(lib_a-stdio.o)
 .ARM.attributes
                0x000008ae       0x2d d:/devtools/gcc-arm/bin/../lib/gcc/arm-none-eabi/5.4.1/../../../../arm-none-eabi/lib/armv7-m\libc_nano.a(lib_a-wbuf.o)
 .ARM.attributes
                0x000008db       0x2d d:/devtools/gcc-arm/bin/../lib/gcc/arm-none-eabi/5.4.1/../../../../arm-none-eabi/lib/armv7-m\libc_nano.a(lib_a-writer.o)
 .ARM.attributes
                0x00000908       0x2d d:/devtools/gcc-arm/bin/../lib/gcc/arm-none-eabi/5.4.1/../../../../arm-none-eabi/lib/armv7-m\libc_nano.a(lib_a-wsetup.o)
 .ARM.attributes
                0x00000935       0x2d d:/devtools/gcc-arm/bin/../lib/gcc/arm-none-eabi/5.4.1/../../../../arm-none-eabi/lib/armv7-m\libc_nano.a(lib_a-closer.o)
 .ARM.attributes
                0x00000962       0x2d d:/devtools/gcc-arm/bin/../lib/gcc/arm-none-eabi/5.4.1/../../../../arm-none-eabi/lib/armv7-m\libc_nano.a(lib_a-fflush.o)
 .ARM.attributes
                0x0000098f       0x2d d:/devtools/gcc-arm/bin/../lib/gcc/arm-none-eabi/5.4.1/../../../../arm-none-eabi/lib/armv7-m\libc_nano.a(lib_a-lseekr.o)
 .ARM.attributes
                0x000009bc       0x2d d:/devtools/gcc-arm/bin/../lib/gcc/arm-none-eabi/5.4.1/../../../../arm-none-eabi/lib/armv7-m\libc_nano.a(lib_a-makebuf.o)
 .ARM.attributes
                0x000009e9       0x2d d:/devtools/gcc-arm/bin/../lib/gcc/arm-none-eabi/5.4.1/../../../../arm-none-eabi/lib/armv7-m\libc_nano.a(lib_a-memchr-stub.o)
 .ARM.attributes
                0x00000a16       0x2d d:/devtools/gcc-arm/bin/../lib/gcc/arm-none-eabi/5.4.1/../../../../arm-none-eabi/lib/armv7-m\libc_nano.a(lib_a-mlock.o)
 .ARM.attributes
                0x00000a43       0x2d d:/devtools/gcc-arm/bin/../lib/gcc/arm-none-eabi/5.4.1/../../../../arm-none-eabi/lib/armv7-m\libc_nano.a(lib_a-nano-freer.o)
 .ARM.attributes
                0x00000a70       0x2d d:/devtools/gcc-arm/bin/../lib/gcc/arm-none-eabi/5.4.1/../../../../arm-none-eabi/lib/armv7-m\libc_nano.a(lib_a-readr.o)
 .ARM.attributes
                0x00000a9d       0x2d d:/devtools/gcc-arm/bin/../lib/gcc/arm-none-eabi/5.4.1/../../../../arm-none-eabi/lib/armv7-m\libc_nano.a(lib_a-reent.o)
 .ARM.attributes
                0x00000aca       0x2d d:/devtools/gcc-arm/bin/../lib/gcc/arm-none-eabi/5.4.1/../../../../arm-none-eabi/lib/armv7-m\libc_nano.a(lib_a-fstatr.o)
 .ARM.attributes
                0x00000af7       0x2d d:/devtools/gcc-arm/bin/../lib/gcc/arm-none-eabi/5.4.1/../../../../arm-none-eabi/lib/armv7-m\libc_nano.a(lib_a-isattyr.o)
 .ARM.attributes
                0x00000b24       0x2d d:/devtools/gcc-arm/bin/../lib/gcc/arm-none-eabi/5.4.1/../../../../arm-none-eabi/lib/armv7-m\libnosys.a(close.o)
 .ARM.attributes
                0x00000b51       0x2d d:/devtools/gcc-arm/bin/../lib/gcc/arm-none-eabi/5.4.1/../../../../arm-none-eabi/lib/armv7-m\libnosys.a(fstat.o)
 .ARM.attributes
                0x00000b7e       0x2d d:/devtools/gcc-arm/bin/../lib/gcc/arm-none-eabi/5.4.1/../../../../arm-none-eabi/lib/armv7-m\libnosys.a(isatty.o)
 .ARM.attributes
                0x00000bab       0x2d d:/devtools/gcc-arm/bin/../lib/gcc/arm-none-eabi/5.4.1/../../../../arm-none-eabi/lib/armv7-m\libnosys.a(lseek.o)
 .ARM.attributes
                0x00000bd8       0x2d d:/devtools/gcc-arm/bin/../lib/gcc/arm-none-eabi/5.4.1/../../../../arm-none-eabi/lib/armv7-m\libnosys.a(read.o)
 .ARM.attributes
                0x00000c05       0x2d d:/devtools/gcc-arm/bin/../lib/gcc/arm-none-eabi/5.4.1/../../../../arm-none-eabi/lib/armv7-m\libnosys.a(sbrk.o)
 .ARM.attributes
                0x00000c32       0x2d d:/devtools/gcc-arm/bin/../lib/gcc/arm-none-eabi/5.4.1/../../../../arm-none-eabi/lib/armv7-m\libnosys.a(write.o)
 .ARM.attributes
                0x00000c5f       0x1d d:/devtools/gcc-arm/bin/../lib/gcc/arm-none-eabi/5.4.1/armv7-m/crtn.o
OUTPUT(build/rtc.elf elf32-littlearm)

.debug_info     0x00000000    0x1874e
 .debug_info    0x00000000      0x758 build/main.o
 .debug_info    0x00000758      0x8f0 build/stm32f1xx_it.o
 .debug_info    0x00001048      0x24d build/stm32f1xx_hal_msp.o
 .debug_info    0x00001295     0x33c1 build/stm32f1xx_hal_tim.o
 .debug_info    0x00004656     0x1549 build/stm32f1xx_hal_tim_ex.o
 .debug_info    0x00005b9f      0x862 build/stm32f1xx_hal.o
 .debug_info    0x00006401      0xa65 build/stm32f1xx_hal_rcc.o
 .debug_info    0x00006e66      0x485 build/stm32f1xx_hal_rcc_ex.o
 .debug_info    0x000072eb      0x64c build/stm32f1xx_hal_gpio.o
 .debug_info    0x00007937      0xd3f build/stm32f1xx_hal_cortex.o
 .debug_info    0x00008676      0x705 build/stm32f1xx_hal_pwr.o
 .debug_info    0x00008d7b      0x42c build/system_stm32f1xx.o
 .debug_info    0x000091a7     0x1402 build/stm32f1xx_hal_rtc.o
 .debug_info    0x0000a5a9      0x9a1 build/stm32f1xx_hal_rtc_ex.o
 .debug_info    0x0000af4a      0x716 build/usb_device.o
 .debug_info    0x0000b660      0x5d8 build/usbd_desc.o
 .debug_info    0x0000bc38      0x8e6 build/usbd_cdc_if.o
 .debug_info    0x0000c51e     0x1b90 build/usbd_conf.o
 .debug_info    0x0000e0ae     0x17d0 build/stm32f1xx_hal_pcd.o
 .debug_info    0x0000f87e      0x772 build/stm32f1xx_hal_pcd_ex.o
 .debug_info    0x0000fff0     0x18ad build/stm32f1xx_ll_usb.o
 .debug_info    0x0001189d      0xe25 build/usbd_core.o
 .debug_info    0x000126c2     0x108d build/usbd_ctlreq.o
 .debug_info    0x0001374f      0x80f build/usbd_ioreq.o
 .debug_info    0x00013f5e     0x138f build/usbd_cdc.o
 .debug_info    0x000152ed      0x3c5 build/gpio.o
 .debug_info    0x000156b2      0x86a build/rtc.o
 .debug_info    0x00015f1c      0xe6f build/tim.o
 .debug_info    0x00016d8b      0xa9d build/adc.o
 .debug_info    0x00017828      0xed6 build/stm32f1xx_hal_adc.o
 .debug_info    0x000186fe       0x50 build/startup_stm32f103xe.o

.debug_abbrev   0x00000000     0x3af3
 .debug_abbrev  0x00000000      0x198 build/main.o
 .debug_abbrev  0x00000198      0x176 build/stm32f1xx_it.o
 .debug_abbrev  0x0000030e       0xd8 build/stm32f1xx_hal_msp.o
 .debug_abbrev  0x000003e6      0x26a build/stm32f1xx_hal_tim.o
 .debug_abbrev  0x00000650      0x251 build/stm32f1xx_hal_tim_ex.o
 .debug_abbrev  0x000008a1      0x1dd build/stm32f1xx_hal.o
 .debug_abbrev  0x00000a7e      0x270 build/stm32f1xx_hal_rcc.o
 .debug_abbrev  0x00000cee      0x1b6 build/stm32f1xx_hal_rcc_ex.o
 .debug_abbrev  0x00000ea4      0x1f9 build/stm32f1xx_hal_gpio.o
 .debug_abbrev  0x0000109d      0x2ee build/stm32f1xx_hal_cortex.o
 .debug_abbrev  0x0000138b      0x1e0 build/stm32f1xx_hal_pwr.o
 .debug_abbrev  0x0000156b      0x124 build/system_stm32f1xx.o
 .debug_abbrev  0x0000168f      0x234 build/stm32f1xx_hal_rtc.o
 .debug_abbrev  0x000018c3      0x263 build/stm32f1xx_hal_rtc_ex.o
 .debug_abbrev  0x00001b26      0x17d build/usb_device.o
 .debug_abbrev  0x00001ca3      0x1e2 build/usbd_desc.o
 .debug_abbrev  0x00001e85      0x237 build/usbd_cdc_if.o
 .debug_abbrev  0x000020bc      0x2d1 build/usbd_conf.o
 .debug_abbrev  0x0000238d      0x28b build/stm32f1xx_hal_pcd.o
 .debug_abbrev  0x00002618      0x16d build/stm32f1xx_hal_pcd_ex.o
 .debug_abbrev  0x00002785      0x212 build/stm32f1xx_ll_usb.o
 .debug_abbrev  0x00002997      0x23a build/usbd_core.o
 .debug_abbrev  0x00002bd1      0x293 build/usbd_ctlreq.o
 .debug_abbrev  0x00002e64      0x165 build/usbd_ioreq.o
 .debug_abbrev  0x00002fc9      0x2a9 build/usbd_cdc.o
 .debug_abbrev  0x00003272      0x136 build/gpio.o
 .debug_abbrev  0x000033a8      0x176 build/rtc.o
 .debug_abbrev  0x0000351e      0x209 build/tim.o
 .debug_abbrev  0x00003727      0x1a2 build/adc.o
 .debug_abbrev  0x000038c9      0x218 build/stm32f1xx_hal_adc.o
 .debug_abbrev  0x00003ae1       0x12 build/startup_stm32f103xe.o

.debug_loc      0x00000000     0xfe8d
 .debug_loc     0x00000000       0x65 build/main.o
 .debug_loc     0x00000065       0x60 build/stm32f1xx_it.o
 .debug_loc     0x000000c5       0x2c build/stm32f1xx_hal_msp.o
 .debug_loc     0x000000f1     0x427f build/stm32f1xx_hal_tim.o
 .debug_loc     0x00004370     0x148f build/stm32f1xx_hal_tim_ex.o
 .debug_loc     0x000057ff      0x1bb build/stm32f1xx_hal.o
 .debug_loc     0x000059ba      0x6f2 build/stm32f1xx_hal_rcc.o
 .debug_loc     0x000060ac      0x372 build/stm32f1xx_hal_rcc_ex.o
 .debug_loc     0x0000641e      0x37a build/stm32f1xx_hal_gpio.o
 .debug_loc     0x00006798      0x59f build/stm32f1xx_hal_cortex.o
 .debug_loc     0x00006d37       0xea build/stm32f1xx_hal_pwr.o
 .debug_loc     0x00006e21       0xdf build/system_stm32f1xx.o
 .debug_loc     0x00006f00     0x1655 build/stm32f1xx_hal_rtc.o
 .debug_loc     0x00008555      0x694 build/stm32f1xx_hal_rtc_ex.o
 .debug_loc     0x00008be9       0x20 build/usb_device.o
 .debug_loc     0x00008c09      0x412 build/usbd_desc.o
 .debug_loc     0x0000901b      0x196 build/usbd_cdc_if.o
 .debug_loc     0x000091b1      0xd67 build/usbd_conf.o
 .debug_loc     0x00009f18     0x11d6 build/stm32f1xx_hal_pcd.o
 .debug_loc     0x0000b0ee      0x100 build/stm32f1xx_hal_pcd_ex.o
 .debug_loc     0x0000b1ee     0x15cd build/stm32f1xx_ll_usb.o
 .debug_loc     0x0000c7bb      0x8fe build/usbd_core.o
 .debug_loc     0x0000d0b9     0x1126 build/usbd_ctlreq.o
 .debug_loc     0x0000e1df      0x31c build/usbd_ioreq.o
 .debug_loc     0x0000e4fb      0x841 build/usbd_cdc.o
 .debug_loc     0x0000ed3c       0x38 build/gpio.o
 .debug_loc     0x0000ed74      0x13f build/rtc.o
 .debug_loc     0x0000eeb3      0x26a build/tim.o
 .debug_loc     0x0000f11d      0x1a6 build/adc.o
 .debug_loc     0x0000f2c3      0xbca build/stm32f1xx_hal_adc.o

.debug_aranges  0x00000000     0x12d0
 .debug_aranges
                0x00000000       0x30 build/main.o
 .debug_aranges
                0x00000030       0x70 build/stm32f1xx_it.o
 .debug_aranges
                0x000000a0       0x20 build/stm32f1xx_hal_msp.o
 .debug_aranges
                0x000000c0      0x3a8 build/stm32f1xx_hal_tim.o
 .debug_aranges
                0x00000468      0x150 build/stm32f1xx_hal_tim_ex.o
 .debug_aranges
                0x000005b8       0xe0 build/stm32f1xx_hal.o
 .debug_aranges
                0x00000698       0x90 build/stm32f1xx_hal_rcc.o
 .debug_aranges
                0x00000728       0x30 build/stm32f1xx_hal_rcc_ex.o
 .debug_aranges
                0x00000758       0x58 build/stm32f1xx_hal_gpio.o
 .debug_aranges
                0x000007b0       0x90 build/stm32f1xx_hal_cortex.o
 .debug_aranges
                0x00000840       0xa8 build/stm32f1xx_hal_pwr.o
 .debug_aranges
                0x000008e8       0x28 build/system_stm32f1xx.o
 .debug_aranges
                0x00000910       0xf8 build/stm32f1xx_hal_rtc.o
 .debug_aranges
                0x00000a08       0x88 build/stm32f1xx_hal_rtc_ex.o
 .debug_aranges
                0x00000a90       0x20 build/usb_device.o
 .debug_aranges
                0x00000ab0       0x60 build/usbd_desc.o
 .debug_aranges
                0x00000b10       0x40 build/usbd_cdc_if.o
 .debug_aranges
                0x00000b50      0x118 build/usbd_conf.o
 .debug_aranges
                0x00000c68      0x138 build/stm32f1xx_hal_pcd.o
 .debug_aranges
                0x00000da0       0x38 build/stm32f1xx_hal_pcd_ex.o
 .debug_aranges
                0x00000dd8       0xe0 build/stm32f1xx_ll_usb.o
 .debug_aranges
                0x00000eb8       0xb8 build/usbd_core.o
 .debug_aranges
                0x00000f70       0x88 build/usbd_ctlreq.o
 .debug_aranges
                0x00000ff8       0x50 build/usbd_ioreq.o
 .debug_aranges
                0x00001048       0x90 build/usbd_cdc.o
 .debug_aranges
                0x000010d8       0x20 build/gpio.o
 .debug_aranges
                0x000010f8       0x38 build/rtc.o
 .debug_aranges
                0x00001130       0x48 build/tim.o
 .debug_aranges
                0x00001178       0x40 build/adc.o
 .debug_aranges
                0x000011b8       0xf0 build/stm32f1xx_hal_adc.o
 .debug_aranges
                0x000012a8       0x28 build/startup_stm32f103xe.o

.debug_ranges   0x00000000     0x1118
 .debug_ranges  0x00000000       0x20 build/main.o
 .debug_ranges  0x00000020       0x60 build/stm32f1xx_it.o
 .debug_ranges  0x00000080       0x10 build/stm32f1xx_hal_msp.o
 .debug_ranges  0x00000090      0x398 build/stm32f1xx_hal_tim.o
 .debug_ranges  0x00000428      0x140 build/stm32f1xx_hal_tim_ex.o
 .debug_ranges  0x00000568       0xd0 build/stm32f1xx_hal.o
 .debug_ranges  0x00000638       0x98 build/stm32f1xx_hal_rcc.o
 .debug_ranges  0x000006d0       0x38 build/stm32f1xx_hal_rcc_ex.o
 .debug_ranges  0x00000708       0x48 build/stm32f1xx_hal_gpio.o
 .debug_ranges  0x00000750       0x80 build/stm32f1xx_hal_cortex.o
 .debug_ranges  0x000007d0       0x98 build/stm32f1xx_hal_pwr.o
 .debug_ranges  0x00000868       0x18 build/system_stm32f1xx.o
 .debug_ranges  0x00000880       0xe8 build/stm32f1xx_hal_rtc.o
 .debug_ranges  0x00000968       0x78 build/stm32f1xx_hal_rtc_ex.o
 .debug_ranges  0x000009e0       0x10 build/usb_device.o
 .debug_ranges  0x000009f0       0x50 build/usbd_desc.o
 .debug_ranges  0x00000a40       0x30 build/usbd_cdc_if.o
 .debug_ranges  0x00000a70      0x108 build/usbd_conf.o
 .debug_ranges  0x00000b78      0x128 build/stm32f1xx_hal_pcd.o
 .debug_ranges  0x00000ca0       0x28 build/stm32f1xx_hal_pcd_ex.o
 .debug_ranges  0x00000cc8       0xd0 build/stm32f1xx_ll_usb.o
 .debug_ranges  0x00000d98       0xa8 build/usbd_core.o
 .debug_ranges  0x00000e40       0x78 build/usbd_ctlreq.o
 .debug_ranges  0x00000eb8       0x40 build/usbd_ioreq.o
 .debug_ranges  0x00000ef8       0x80 build/usbd_cdc.o
 .debug_ranges  0x00000f78       0x10 build/gpio.o
 .debug_ranges  0x00000f88       0x28 build/rtc.o
 .debug_ranges  0x00000fb0       0x38 build/tim.o
 .debug_ranges  0x00000fe8       0x30 build/adc.o
 .debug_ranges  0x00001018       0xe0 build/stm32f1xx_hal_adc.o
 .debug_ranges  0x000010f8       0x20 build/startup_stm32f103xe.o

.debug_line     0x00000000     0x79d4
 .debug_line    0x00000000      0x252 build/main.o
 .debug_line    0x00000252      0x275 build/stm32f1xx_it.o
 .debug_line    0x000004c7      0x131 build/stm32f1xx_hal_msp.o
 .debug_line    0x000005f8     0x1300 build/stm32f1xx_hal_tim.o
 .debug_line    0x000018f8      0x7a9 build/stm32f1xx_hal_tim_ex.o
 .debug_line    0x000020a1      0x37f build/stm32f1xx_hal.o
 .debug_line    0x00002420      0x4e5 build/stm32f1xx_hal_rcc.o
 .debug_line    0x00002905      0x290 build/stm32f1xx_hal_rcc_ex.o
 .debug_line    0x00002b95      0x30c build/stm32f1xx_hal_gpio.o
 .debug_line    0x00002ea1      0x2f4 build/stm32f1xx_hal_cortex.o
 .debug_line    0x00003195      0x2f4 build/stm32f1xx_hal_pwr.o
 .debug_line    0x00003489      0x16d build/system_stm32f1xx.o
 .debug_line    0x000035f6      0x68a build/stm32f1xx_hal_rtc.o
 .debug_line    0x00003c80      0x3f6 build/stm32f1xx_hal_rtc_ex.o
 .debug_line    0x00004076      0x1be build/usb_device.o
 .debug_line    0x00004234      0x1fa build/usbd_desc.o
 .debug_line    0x0000442e      0x1c6 build/usbd_cdc_if.o
 .debug_line    0x000045f4      0x484 build/usbd_conf.o
 .debug_line    0x00004a78      0x7b5 build/stm32f1xx_hal_pcd.o
 .debug_line    0x0000522d      0x1e7 build/stm32f1xx_hal_pcd_ex.o
 .debug_line    0x00005414      0x767 build/stm32f1xx_ll_usb.o
 .debug_line    0x00005b7b      0x3ce build/usbd_core.o
 .debug_line    0x00005f49      0x48e build/usbd_ctlreq.o
 .debug_line    0x000063d7      0x1d7 build/usbd_ioreq.o
 .debug_line    0x000065ae      0x42f build/usbd_cdc.o
 .debug_line    0x000069dd      0x170 build/gpio.o
 .debug_line    0x00006b4d      0x22d build/rtc.o
 .debug_line    0x00006d7a      0x28b build/tim.o
 .debug_line    0x00007005      0x24a build/adc.o
 .debug_line    0x0000724f      0x713 build/stm32f1xx_hal_adc.o
 .debug_line    0x00007962       0x72 build/startup_stm32f103xe.o

.debug_str      0x00000000     0x521a
 .debug_str     0x00000000      0x5b0 build/main.o
                                0x627 (size before relaxing)
 .debug_str     0x000005b0      0x419 build/stm32f1xx_it.o
                                0x71b (size before relaxing)
 .debug_str     0x000009c9       0x93 build/stm32f1xx_hal_msp.o
                                0x215 (size before relaxing)
 .debug_str     0x00000a5c     0x1192 build/stm32f1xx_hal_tim.o
                               0x1427 (size before relaxing)
 .debug_str     0x00001bee      0x545 build/stm32f1xx_hal_tim_ex.o
                                0xc3f (size before relaxing)
 .debug_str     0x00002133      0x6d7 build/stm32f1xx_hal.o
                                0x8fe (size before relaxing)
 .debug_str     0x0000280a      0x239 build/stm32f1xx_hal_rcc.o
                                0x621 (size before relaxing)
 .debug_str     0x00002a43       0x9c build/stm32f1xx_hal_rcc_ex.o
                                0x407 (size before relaxing)
 .debug_str     0x00002adf      0x155 build/stm32f1xx_hal_gpio.o
                                0x3f6 (size before relaxing)
 .debug_str     0x00002c34      0x390 build/stm32f1xx_hal_cortex.o
                                0x99b (size before relaxing)
 .debug_str     0x00002fc4      0x221 build/stm32f1xx_hal_pwr.o
                                0x491 (size before relaxing)
 .debug_str     0x000031e5       0x4f build/system_stm32f1xx.o
                                0x2a8 (size before relaxing)
 .debug_str     0x00003234      0x3ac build/stm32f1xx_hal_rtc.o
                                0x7b0 (size before relaxing)
 .debug_str     0x000035e0      0x206 build/stm32f1xx_hal_rtc_ex.o
                                0x642 (size before relaxing)
 .debug_str     0x000037e6      0x3d4 build/usb_device.o
                                0x63c (size before relaxing)
 .debug_str     0x00003bba      0x181 build/usbd_desc.o
                                0x447 (size before relaxing)
 .debug_str     0x00003d3b      0x12e build/usbd_cdc_if.o
                                0x703 (size before relaxing)
 .debug_str     0x00003e69      0x4eb build/usbd_conf.o
                               0x1276 (size before relaxing)
 .debug_str     0x00004354      0x2fb build/stm32f1xx_hal_pcd.o
                                0xac4 (size before relaxing)
 .debug_str     0x0000464f      0x159 build/stm32f1xx_hal_pcd_ex.o
                                0x6be (size before relaxing)
 .debug_str     0x000047a8      0x130 build/stm32f1xx_ll_usb.o
                                0x6d1 (size before relaxing)
 .debug_str     0x000048d8      0x157 build/usbd_core.o
                                0x848 (size before relaxing)
 .debug_str     0x00004a2f       0xe2 build/usbd_ctlreq.o
                                0x741 (size before relaxing)
 .debug_str     0x00004b11       0x60 build/usbd_ioreq.o
                                0x66e (size before relaxing)
 .debug_str     0x00004b71      0x18f build/usbd_cdc.o
                                0xbfc (size before relaxing)
 .debug_str     0x00004d00       0x20 build/gpio.o
                                0x273 (size before relaxing)
 .debug_str     0x00004d20       0x19 build/rtc.o
                                0x896 (size before relaxing)
 .debug_str     0x00004d39       0x39 build/tim.o
                                0x7fe (size before relaxing)
 .debug_str     0x00004d72      0x1a5 build/adc.o
                                0x63b (size before relaxing)
 .debug_str     0x00004f17      0x303 build/stm32f1xx_hal_adc.o
                                0x8c9 (size before relaxing)

.comment        0x00000000       0x6e
 .comment       0x00000000       0x6e build/main.o
                                 0x6f (size before relaxing)
 .comment       0x0000006e       0x6f build/stm32f1xx_it.o
 .comment       0x0000006e       0x6f build/stm32f1xx_hal_msp.o
 .comment       0x0000006e       0x6f build/stm32f1xx_hal_tim.o
 .comment       0x0000006e       0x6f build/stm32f1xx_hal_tim_ex.o
 .comment       0x0000006e       0x6f build/stm32f1xx_hal.o
 .comment       0x0000006e       0x6f build/stm32f1xx_hal_rcc.o
 .comment       0x0000006e       0x6f build/stm32f1xx_hal_rcc_ex.o
 .comment       0x0000006e       0x6f build/stm32f1xx_hal_gpio.o
 .comment       0x0000006e       0x6f build/stm32f1xx_hal_cortex.o
 .comment       0x0000006e       0x6f build/stm32f1xx_hal_pwr.o
 .comment       0x0000006e       0x6f build/system_stm32f1xx.o
 .comment       0x0000006e       0x6f build/stm32f1xx_hal_rtc.o
 .comment       0x0000006e       0x6f build/stm32f1xx_hal_rtc_ex.o
 .comment       0x0000006e       0x6f build/usb_device.o
 .comment       0x0000006e       0x6f build/usbd_desc.o
 .comment       0x0000006e       0x6f build/usbd_cdc_if.o
 .comment       0x0000006e       0x6f build/usbd_conf.o
 .comment       0x0000006e       0x6f build/stm32f1xx_hal_pcd.o
 .comment       0x0000006e       0x6f build/stm32f1xx_hal_pcd_ex.o
 .comment       0x0000006e       0x6f build/stm32f1xx_ll_usb.o
 .comment       0x0000006e       0x6f build/usbd_core.o
 .comment       0x0000006e       0x6f build/usbd_ctlreq.o
 .comment       0x0000006e       0x6f build/usbd_ioreq.o
 .comment       0x0000006e       0x6f build/usbd_cdc.o
 .comment       0x0000006e       0x6f build/gpio.o
 .comment       0x0000006e       0x6f build/rtc.o
 .comment       0x0000006e       0x6f build/tim.o
 .comment       0x0000006e       0x6f build/adc.o
 .comment       0x0000006e       0x6f build/stm32f1xx_hal_adc.o

.debug_frame    0x00000000     0x3de4
 .debug_frame   0x00000000       0x60 build/main.o
 .debug_frame   0x00000060       0xe4 build/stm32f1xx_it.o
 .debug_frame   0x00000144       0x28 build/stm32f1xx_hal_msp.o
 .debug_frame   0x0000016c      0xbe0 build/stm32f1xx_hal_tim.o
 .debug_frame   0x00000d4c      0x470 build/stm32f1xx_hal_tim_ex.o
 .debug_frame   0x000011bc      0x1e0 build/stm32f1xx_hal.o
 .debug_frame   0x0000139c      0x1c8 build/stm32f1xx_hal_rcc.o
 .debug_frame   0x00001564       0x70 build/stm32f1xx_hal_rcc_ex.o
 .debug_frame   0x000015d4       0xd4 build/stm32f1xx_hal_gpio.o
 .debug_frame   0x000016a8      0x134 build/stm32f1xx_hal_cortex.o
 .debug_frame   0x000017dc      0x148 build/stm32f1xx_hal_pwr.o
 .debug_frame   0x00001924       0x30 build/system_stm32f1xx.o
 .debug_frame   0x00001954      0x3f0 build/stm32f1xx_hal_rtc.o
 .debug_frame   0x00001d44      0x164 build/stm32f1xx_hal_rtc_ex.o
 .debug_frame   0x00001ea8       0x2c build/usb_device.o
 .debug_frame   0x00001ed4       0xfc build/usbd_desc.o
 .debug_frame   0x00001fd0       0x88 build/usbd_cdc_if.o
 .debug_frame   0x00002058      0x35c build/usbd_conf.o
 .debug_frame   0x000023b4      0x3b4 build/stm32f1xx_hal_pcd.o
 .debug_frame   0x00002768       0x5c build/stm32f1xx_hal_pcd_ex.o
 .debug_frame   0x000027c4      0x214 build/stm32f1xx_ll_usb.o
 .debug_frame   0x000029d8      0x1f8 build/usbd_core.o
 .debug_frame   0x00002bd0      0x1a8 build/usbd_ctlreq.o
 .debug_frame   0x00002d78       0xd4 build/usbd_ioreq.o
 .debug_frame   0x00002e4c      0x190 build/usbd_cdc.o
 .debug_frame   0x00002fdc       0x3c build/gpio.o
 .debug_frame   0x00003018       0x8c build/rtc.o
 .debug_frame   0x000030a4       0xbc build/tim.o
 .debug_frame   0x00003160       0xa0 build/adc.o
 .debug_frame   0x00003200      0x32c build/stm32f1xx_hal_adc.o
 .debug_frame   0x0000352c       0x2c d:/devtools/gcc-arm/bin/../lib/gcc/arm-none-eabi/5.4.1/../../../../arm-none-eabi/lib/armv7-m\libc_nano.a(lib_a-init.o)
 .debug_frame   0x00003558       0x20 d:/devtools/gcc-arm/bin/../lib/gcc/arm-none-eabi/5.4.1/../../../../arm-none-eabi/lib/armv7-m\libc_nano.a(lib_a-memset.o)
 .debug_frame   0x00003578       0x74 d:/devtools/gcc-arm/bin/../lib/gcc/arm-none-eabi/5.4.1/../../../../arm-none-eabi/lib/armv7-m\libc_nano.a(lib_a-printf.o)
 .debug_frame   0x000035ec       0x58 d:/devtools/gcc-arm/bin/../lib/gcc/arm-none-eabi/5.4.1/../../../../arm-none-eabi/lib/armv7-m\libc_nano.a(lib_a-putchar.o)
 .debug_frame   0x00003644      0x11c d:/devtools/gcc-arm/bin/../lib/gcc/arm-none-eabi/5.4.1/../../../../arm-none-eabi/lib/armv7-m\libc_nano.a(lib_a-findfp.o)
 .debug_frame   0x00003760       0x54 d:/devtools/gcc-arm/bin/../lib/gcc/arm-none-eabi/5.4.1/../../../../arm-none-eabi/lib/armv7-m\libc_nano.a(lib_a-fwalk.o)
 .debug_frame   0x000037b4       0x2c d:/devtools/gcc-arm/bin/../lib/gcc/arm-none-eabi/5.4.1/../../../../arm-none-eabi/lib/armv7-m\libc_nano.a(lib_a-nano-mallocr.o)
 .debug_frame   0x000037e0       0xac d:/devtools/gcc-arm/bin/../lib/gcc/arm-none-eabi/5.4.1/../../../../arm-none-eabi/lib/armv7-m\libc_nano.a(lib_a-nano-vfprintf.o)
 .debug_frame   0x0000388c       0x60 d:/devtools/gcc-arm/bin/../lib/gcc/arm-none-eabi/5.4.1/../../../../arm-none-eabi/lib/armv7-m\libc_nano.a(lib_a-nano-vfprintf_i.o)
 .debug_frame   0x000038ec       0x48 d:/devtools/gcc-arm/bin/../lib/gcc/arm-none-eabi/5.4.1/../../../../arm-none-eabi/lib/armv7-m\libc_nano.a(lib_a-putc.o)
 .debug_frame   0x00003934       0x2c d:/devtools/gcc-arm/bin/../lib/gcc/arm-none-eabi/5.4.1/../../../../arm-none-eabi/lib/armv7-m\libc_nano.a(lib_a-sbrkr.o)
 .debug_frame   0x00003960       0x88 d:/devtools/gcc-arm/bin/../lib/gcc/arm-none-eabi/5.4.1/../../../../arm-none-eabi/lib/armv7-m\libc_nano.a(lib_a-stdio.o)
 .debug_frame   0x000039e8       0x40 d:/devtools/gcc-arm/bin/../lib/gcc/arm-none-eabi/5.4.1/../../../../arm-none-eabi/lib/armv7-m\libc_nano.a(lib_a-wbuf.o)
 .debug_frame   0x00003a28       0x2c d:/devtools/gcc-arm/bin/../lib/gcc/arm-none-eabi/5.4.1/../../../../arm-none-eabi/lib/armv7-m\libc_nano.a(lib_a-writer.o)
 .debug_frame   0x00003a54       0x2c d:/devtools/gcc-arm/bin/../lib/gcc/arm-none-eabi/5.4.1/../../../../arm-none-eabi/lib/armv7-m\libc_nano.a(lib_a-wsetup.o)
 .debug_frame   0x00003a80       0x2c d:/devtools/gcc-arm/bin/../lib/gcc/arm-none-eabi/5.4.1/../../../../arm-none-eabi/lib/armv7-m\libc_nano.a(lib_a-closer.o)
 .debug_frame   0x00003aac       0x68 d:/devtools/gcc-arm/bin/../lib/gcc/arm-none-eabi/5.4.1/../../../../arm-none-eabi/lib/armv7-m\libc_nano.a(lib_a-fflush.o)
 .debug_frame   0x00003b14       0x2c d:/devtools/gcc-arm/bin/../lib/gcc/arm-none-eabi/5.4.1/../../../../arm-none-eabi/lib/armv7-m\libc_nano.a(lib_a-lseekr.o)
 .debug_frame   0x00003b40       0x54 d:/devtools/gcc-arm/bin/../lib/gcc/arm-none-eabi/5.4.1/../../../../arm-none-eabi/lib/armv7-m\libc_nano.a(lib_a-makebuf.o)
 .debug_frame   0x00003b94       0x28 d:/devtools/gcc-arm/bin/../lib/gcc/arm-none-eabi/5.4.1/../../../../arm-none-eabi/lib/armv7-m\libc_nano.a(lib_a-memchr-stub.o)
 .debug_frame   0x00003bbc       0x30 d:/devtools/gcc-arm/bin/../lib/gcc/arm-none-eabi/5.4.1/../../../../arm-none-eabi/lib/armv7-m\libc_nano.a(lib_a-mlock.o)
 .debug_frame   0x00003bec       0x38 d:/devtools/gcc-arm/bin/../lib/gcc/arm-none-eabi/5.4.1/../../../../arm-none-eabi/lib/armv7-m\libc_nano.a(lib_a-nano-freer.o)
 .debug_frame   0x00003c24       0x2c d:/devtools/gcc-arm/bin/../lib/gcc/arm-none-eabi/5.4.1/../../../../arm-none-eabi/lib/armv7-m\libc_nano.a(lib_a-readr.o)
 .debug_frame   0x00003c50       0x5c d:/devtools/gcc-arm/bin/../lib/gcc/arm-none-eabi/5.4.1/../../../../arm-none-eabi/lib/armv7-m\libc_nano.a(lib_a-reent.o)
 .debug_frame   0x00003cac       0x2c d:/devtools/gcc-arm/bin/../lib/gcc/arm-none-eabi/5.4.1/../../../../arm-none-eabi/lib/armv7-m\libc_nano.a(lib_a-fstatr.o)
 .debug_frame   0x00003cd8       0x2c d:/devtools/gcc-arm/bin/../lib/gcc/arm-none-eabi/5.4.1/../../../../arm-none-eabi/lib/armv7-m\libc_nano.a(lib_a-isattyr.o)
 .debug_frame   0x00003d04       0x20 d:/devtools/gcc-arm/bin/../lib/gcc/arm-none-eabi/5.4.1/../../../../arm-none-eabi/lib/armv7-m\libnosys.a(close.o)
 .debug_frame   0x00003d24       0x20 d:/devtools/gcc-arm/bin/../lib/gcc/arm-none-eabi/5.4.1/../../../../arm-none-eabi/lib/armv7-m\libnosys.a(fstat.o)
 .debug_frame   0x00003d44       0x20 d:/devtools/gcc-arm/bin/../lib/gcc/arm-none-eabi/5.4.1/../../../../arm-none-eabi/lib/armv7-m\libnosys.a(isatty.o)
 .debug_frame   0x00003d64       0x20 d:/devtools/gcc-arm/bin/../lib/gcc/arm-none-eabi/5.4.1/../../../../arm-none-eabi/lib/armv7-m\libnosys.a(lseek.o)
 .debug_frame   0x00003d84       0x20 d:/devtools/gcc-arm/bin/../lib/gcc/arm-none-eabi/5.4.1/../../../../arm-none-eabi/lib/armv7-m\libnosys.a(read.o)
 .debug_frame   0x00003da4       0x20 d:/devtools/gcc-arm/bin/../lib/gcc/arm-none-eabi/5.4.1/../../../../arm-none-eabi/lib/armv7-m\libnosys.a(sbrk.o)
 .debug_frame   0x00003dc4       0x20 d:/devtools/gcc-arm/bin/../lib/gcc/arm-none-eabi/5.4.1/../../../../arm-none-eabi/lib/armv7-m\libnosys.a(write.o)

.stab           0x00000000       0x9c
 .stab          0x00000000       0x24 d:/devtools/gcc-arm/bin/../lib/gcc/arm-none-eabi/5.4.1/../../../../arm-none-eabi/lib/armv7-m\libnosys.a(close.o)
 .stab          0x00000024       0x18 d:/devtools/gcc-arm/bin/../lib/gcc/arm-none-eabi/5.4.1/../../../../arm-none-eabi/lib/armv7-m\libnosys.a(fstat.o)
                                 0x24 (size before relaxing)
 .stab          0x0000003c       0x18 d:/devtools/gcc-arm/bin/../lib/gcc/arm-none-eabi/5.4.1/../../../../arm-none-eabi/lib/armv7-m\libnosys.a(isatty.o)
                                 0x24 (size before relaxing)
 .stab          0x00000054       0x18 d:/devtools/gcc-arm/bin/../lib/gcc/arm-none-eabi/5.4.1/../../../../arm-none-eabi/lib/armv7-m\libnosys.a(lseek.o)
                                 0x24 (size before relaxing)
 .stab          0x0000006c       0x18 d:/devtools/gcc-arm/bin/../lib/gcc/arm-none-eabi/5.4.1/../../../../arm-none-eabi/lib/armv7-m\libnosys.a(read.o)
                                 0x24 (size before relaxing)
 .stab          0x00000084       0x18 d:/devtools/gcc-arm/bin/../lib/gcc/arm-none-eabi/5.4.1/../../../../arm-none-eabi/lib/armv7-m\libnosys.a(write.o)
                                 0x24 (size before relaxing)

.stabstr        0x00000000      0x14d
 .stabstr       0x00000000      0x14d d:/devtools/gcc-arm/bin/../lib/gcc/arm-none-eabi/5.4.1/../../../../arm-none-eabi/lib/armv7-m\libnosys.a(close.o)

Cross Reference Table

Symbol                                            File
ADC1_2_IRQHandler                                 build/startup_stm32f103xe.o
ADC3_IRQHandler                                   build/startup_stm32f103xe.o
ADC_ConversionStop_Disable                        build/stm32f1xx_hal_adc.o
                                                  build/stm32f1xx_hal_adc_ex.o
ADC_DMAConvCplt                                   build/stm32f1xx_hal_adc.o
                                                  build/stm32f1xx_hal_adc_ex.o
ADC_DMAError                                      build/stm32f1xx_hal_adc.o
                                                  build/stm32f1xx_hal_adc_ex.o
ADC_DMAHalfConvCplt                               build/stm32f1xx_hal_adc.o
                                                  build/stm32f1xx_hal_adc_ex.o
ADC_Enable                                        build/stm32f1xx_hal_adc.o
                                                  build/stm32f1xx_hal_adc_ex.o
AHBPrescTable                                     build/system_stm32f1xx.o
                                                  build/stm32f1xx_hal_rcc.o
APBPrescTable                                     build/system_stm32f1xx.o
                                                  build/stm32f1xx_hal_rcc.o
BusFault_Handler                                  build/stm32f1xx_it.o
CAN1_RX1_IRQHandler                               build/startup_stm32f103xe.o
CAN1_SCE_IRQHandler                               build/startup_stm32f103xe.o
CDC_Transmit_FS                                   build/usbd_cdc_if.o
DMA1_Channel1_IRQHandler                          build/startup_stm32f103xe.o
DMA1_Channel2_IRQHandler                          build/startup_stm32f103xe.o
DMA1_Channel3_IRQHandler                          build/startup_stm32f103xe.o
DMA1_Channel4_IRQHandler                          build/startup_stm32f103xe.o
DMA1_Channel5_IRQHandler                          build/startup_stm32f103xe.o
DMA1_Channel6_IRQHandler                          build/startup_stm32f103xe.o
DMA1_Channel7_IRQHandler                          build/startup_stm32f103xe.o
DMA2_Channel1_IRQHandler                          build/startup_stm32f103xe.o
DMA2_Channel2_IRQHandler                          build/startup_stm32f103xe.o
DMA2_Channel3_IRQHandler                          build/startup_stm32f103xe.o
DMA2_Channel4_5_IRQHandler                        build/startup_stm32f103xe.o
DebugMon_Handler                                  build/stm32f1xx_it.o
Default_Handler                                   build/startup_stm32f103xe.o
EXTI0_IRQHandler                                  build/startup_stm32f103xe.o
EXTI15_10_IRQHandler                              build/startup_stm32f103xe.o
EXTI1_IRQHandler                                  build/startup_stm32f103xe.o
EXTI2_IRQHandler                                  build/startup_stm32f103xe.o
EXTI3_IRQHandler                                  build/startup_stm32f103xe.o
EXTI4_IRQHandler                                  build/startup_stm32f103xe.o
EXTI9_5_IRQHandler                                build/startup_stm32f103xe.o
Error_Handler                                     build/main.o
                                                  build/adc.o
                                                  build/tim.o
                                                  build/rtc.o
                                                  build/usbd_conf.o
                                                  build/usb_device.o
FLASH_IRQHandler                                  build/startup_stm32f103xe.o
FLASH_PageErase                                   build/stm32f1xx_hal_flash_ex.o
                                                  build/stm32f1xx_hal_flash.o
FLASH_WaitForLastOperation                        build/stm32f1xx_hal_flash.o
                                                  build/stm32f1xx_hal_flash_ex.o
FSMC_IRQHandler                                   build/startup_stm32f103xe.o
FS_Desc                                           build/usbd_desc.o
                                                  build/usb_device.o
HAL_ADCEx_Calibration_Start                       build/stm32f1xx_hal_adc_ex.o
HAL_ADCEx_InjectedConfigChannel                   build/stm32f1xx_hal_adc_ex.o
HAL_ADCEx_InjectedConvCpltCallback                build/stm32f1xx_hal_adc_ex.o
                                                  build/stm32f1xx_hal_adc.o
HAL_ADCEx_InjectedGetValue                        build/stm32f1xx_hal_adc_ex.o
HAL_ADCEx_InjectedPollForConversion               build/stm32f1xx_hal_adc_ex.o
HAL_ADCEx_InjectedStart                           build/stm32f1xx_hal_adc_ex.o
HAL_ADCEx_InjectedStart_IT                        build/stm32f1xx_hal_adc_ex.o
HAL_ADCEx_InjectedStop                            build/stm32f1xx_hal_adc_ex.o
HAL_ADCEx_InjectedStop_IT                         build/stm32f1xx_hal_adc_ex.o
HAL_ADCEx_MultiModeConfigChannel                  build/stm32f1xx_hal_adc_ex.o
HAL_ADCEx_MultiModeGetValue                       build/stm32f1xx_hal_adc_ex.o
HAL_ADCEx_MultiModeStart_DMA                      build/stm32f1xx_hal_adc_ex.o
HAL_ADCEx_MultiModeStop_DMA                       build/stm32f1xx_hal_adc_ex.o
HAL_ADC_AnalogWDGConfig                           build/stm32f1xx_hal_adc.o
HAL_ADC_ConfigChannel                             build/stm32f1xx_hal_adc.o
                                                  build/adc.o
HAL_ADC_ConvCpltCallback                          build/stm32f1xx_hal_adc.o
HAL_ADC_ConvHalfCpltCallback                      build/stm32f1xx_hal_adc.o
HAL_ADC_DeInit                                    build/stm32f1xx_hal_adc.o
HAL_ADC_ErrorCallback                             build/stm32f1xx_hal_adc.o
HAL_ADC_GetError                                  build/stm32f1xx_hal_adc.o
HAL_ADC_GetState                                  build/stm32f1xx_hal_adc.o
HAL_ADC_GetValue                                  build/stm32f1xx_hal_adc.o
HAL_ADC_IRQHandler                                build/stm32f1xx_hal_adc.o